2026-03-15 18:41:28.158 [warning] /home/codespace/.ssh/config: ENOENT: no such file or directory, open '/home/codespace/.ssh/config'
2026-03-15 18:41:28.158 [info] [Activation] Extension version: 0.130.0
2026-03-15 18:41:29.246 [info] [Authentication] Creating hub for .com
2026-03-15 18:41:30.289 [info] [Activation] Registering built in git provider.
2026-03-15 18:41:30.294 [info] [Activation] Looking for git repository
2026-03-15 18:41:30.294 [info] [Activation] Found 0 repositories during activation
2026-03-15 18:41:30.294 [info] [Activation] Git repository found, initializing review manager and pr tree view.
2026-03-15 18:41:30.346 [info] [GitAPI] Registering git provider
2026-03-15 18:41:30.346 [info] [Review+0] Validate state in progress
2026-03-15 18:41:30.346 [info] [Review+0] Validating state...
2026-03-15 18:41:30.451 [info] [Activation] Repo state for file:///workspaces/C-Projects changed.
2026-03-15 18:41:30.451 [info] [Activation] Repo file:///workspaces/C-Projects has already been setup.
2026-03-15 18:41:31.206 [info] [FolderRepositoryManager+0] Found GitHub remote for folder /workspaces/C-Projects
2026-03-15 18:41:31.431 [info] [GitPostCommitCommands] Trying to register post commit commands.
2026-03-15 18:41:31.431 [info] [GitPostCommitCommands] GitHub remote(s) found, registering post commit commands.
2026-03-15 18:41:31.431 [info] [GitPostCommitCommands] Looking for remote. Comparing 1 local repo remotes with 1 GitHub repositories.
2026-03-15 18:41:31.431 [info] [GitPostCommitCommands] Found a repo when getting post commit commands.
2026-03-15 18:41:31.431 [info] [GitPostCommitCommands] Looking for remote. Comparing 1 local repo remotes with 1 GitHub repositories.
2026-03-15 18:41:31.431 [info] [GitPostCommitCommands] Found a repo when getting post commit commands.
2026-03-15 18:41:31.993 [info] [GitPostCommitCommands] Looking for remote. Comparing 1 local repo remotes with 1 GitHub repositories.
2026-03-15 18:41:31.993 [info] [GitPostCommitCommands] Found a repo when getting post commit commands.
2026-03-15 18:41:31.993 [info] [GitPostCommitCommands] Looking for remote. Comparing 1 local repo remotes with 1 GitHub repositories.
2026-03-15 18:41:31.993 [info] [GitPostCommitCommands] Found a repo when getting post commit commands.
2026-03-15 18:41:32.341 [info] [FolderRepositoryManager+0] Trying to use globalState for assignableUsers.
2026-03-15 18:41:32.633 [info] [Review+0] No matching pull request metadata found locally for current branch main
2026-03-15 18:41:33.225 [info] [FolderRepositoryManager+0] Using globalState assignableUsers for 1.
2026-03-15 18:41:33.563 [info] [Review+0] No matching pull request metadata found on GitHub for current branch main
