2026-02-25 23:48:18.683 [info] [main] Log level: Info
2026-02-25 23:48:18.683 [info] [main] Validating found git in: "git"
2026-02-25 23:48:18.683 [info] [main] Using git "2.52.0" from "git"
2026-02-25 23:48:18.683 [info] [Model][doInitialScan] Initial repository scan started
2026-02-25 23:48:18.683 [info] > git rev-parse --show-toplevel [69ms]
2026-02-25 23:48:18.683 [info] > git rev-parse --git-dir --git-common-dir --show-superproject-working-tree [52ms]
2026-02-25 23:48:18.683 [info] [Model][openRepository] Opened repository (path): /workspaces/C-Projects
2026-02-25 23:48:18.683 [info] [Model][openRepository] Opened repository (real path): /workspaces/C-Projects
2026-02-25 23:48:18.683 [info] [Model][openRepository] Opened repository (kind): repository
2026-02-25 23:48:18.683 [info] > git config --get commit.template [23ms]
2026-02-25 23:48:18.683 [info] > git rev-parse --show-toplevel [31ms]
2026-02-25 23:48:18.683 [info] > git rev-parse --show-toplevel [9ms]
2026-02-25 23:48:18.683 [info] > git for-each-ref --format=%(refname)%00%(upstream:short)%00%(objectname)%00%(upstream:track)%00%(upstream:remotename)%00%(upstream:remoteref) refs/heads/main refs/remotes/main [69ms]
2026-02-25 23:48:18.696 [info] > git rev-parse --show-toplevel [15ms]
2026-02-25 23:48:18.801 [info] > git status -z -uall [56ms]
2026-02-25 23:48:18.802 [info] > git for-each-ref --sort -committerdate --format %(refname)%00%(objectname)%00%(*objectname) [27ms]
2026-02-25 23:48:18.900 [info] > git for-each-ref --format=%(refname)%00%(upstream:short)%00%(objectname)%00%(upstream:track)%00%(upstream:remotename)%00%(upstream:remoteref) refs/heads/main refs/remotes/main [40ms]
2026-02-25 23:48:18.908 [info] > git rev-parse --show-toplevel [115ms]
2026-02-25 23:48:18.935 [info] > git config --get --local branch.main.vscode-merge-base [27ms]
2026-02-25 23:48:18.947 [info] > git rev-parse --show-toplevel [12ms]
2026-02-25 23:48:18.948 [info] > git config --get commit.template [22ms]
2026-02-25 23:48:18.949 [info] > git for-each-ref --format=%(refname)%00%(upstream:short)%00%(objectname)%00%(upstream:track)%00%(upstream:remotename)%00%(upstream:remoteref) refs/heads/origin/main refs/remotes/origin/main [7ms]
2026-02-25 23:48:19.186 [info] > git for-each-ref --format=%(refname)%00%(upstream:short)%00%(objectname)%00%(upstream:track)%00%(upstream:remotename)%00%(upstream:remoteref) refs/heads/main refs/remotes/main [193ms]
2026-02-25 23:48:19.186 [info] > git rev-parse --show-toplevel [217ms]
2026-02-25 23:48:19.191 [info] [Model][doInitialScan] Initial repository scan completed - repositories (1), closed repositories (0), parent repositories (0), unsafe repositories (0)
2026-02-25 23:48:19.191 [info] > git merge-base refs/heads/main refs/remotes/origin/main [233ms]
2026-02-25 23:48:19.249 [info] > git diff --raw --numstat --diff-filter=ADMR -z --find-renames=50% 71180f2965edd71d2fbd4ecada0bb4290213be6f...refs/remotes/origin/main -- [33ms]
2026-02-25 23:48:19.676 [info] > git status -z -uall [340ms]
2026-02-25 23:48:19.679 [info] > git for-each-ref --sort -committerdate --format %(refname)%00%(objectname)%00%(*objectname) [326ms]
2026-02-25 23:48:19.799 [info] > git check-ignore -v -z --stdin [41ms]
2026-02-25 23:48:20.321 [info] > git check-ignore -v -z --stdin [160ms]
2026-02-25 23:48:20.817 [info] > git show --textconv :trivia/styles.css [108ms]
2026-02-25 23:48:20.819 [info] > git config --local -l [44ms]
2026-02-25 23:48:20.821 [info] > git ls-files --stage -- trivia/styles.css [101ms]
2026-02-25 23:48:21.177 [info] > git cat-file -s de7b706e74112c8d7e8bbe1745e8839f2a7e4edf [334ms]
2026-02-25 23:48:21.308 [info] > git config --local -l [173ms]
2026-02-25 23:48:21.316 [info] > git config --local -l [228ms]
2026-02-25 23:48:21.335 [info] > git config --local -l [299ms]
2026-02-25 23:48:21.337 [info] > git config --local -l [350ms]
2026-02-25 23:48:21.861 [info] > git check-ignore -v -z --stdin [17ms]
2026-02-25 23:48:22.431 [info] > git config --local -l [16ms]
2026-02-25 23:48:22.451 [info] > git config --local -l [91ms]
2026-02-25 23:48:22.451 [info] > git config --local -l [117ms]
2026-02-25 23:48:22.452 [info] > git config --local -l [126ms]
2026-02-25 23:48:22.453 [info] > git config --local -l [139ms]
