2026-03-02 02:46:32.520 [info] Reading sessions from keychain...
2026-03-02 02:46:32.520 [info] Got stored sessions!
2026-03-02 02:46:32.520 [info] Got 6 verified sessions.
2026-03-02 02:46:32.520 [info] Getting sessions for all scopes...
2026-03-02 02:46:32.520 [info] Got 6 sessions for ...
2026-03-02 02:46:32.520 [info] Getting sessions for all scopes...
2026-03-02 02:46:32.521 [info] Got 6 sessions for ...
2026-03-02 02:46:32.521 [info] Getting sessions for all scopes...
2026-03-02 02:46:32.521 [info] Got 6 sessions for ...
2026-03-02 02:46:32.521 [info] Getting sessions for all scopes...
2026-03-02 02:46:32.521 [info] Got 6 sessions for ...
2026-03-02 02:46:32.521 [info] Getting sessions for user:email...
2026-03-02 02:46:32.521 [info] Got 1 sessions for user:email...
2026-03-02 02:46:32.521 [info] Getting sessions for codespace,read:user,repo,user:email...
2026-03-02 02:46:32.521 [info] Got 1 sessions for codespace,read:user,repo,user:email...
2026-03-02 02:46:32.521 [info] Getting sessions for all scopes...
2026-03-02 02:46:32.521 [info] Got 6 sessions for ...
2026-03-02 02:46:32.521 [info] Getting sessions for all scopes...
2026-03-02 02:46:32.521 [info] Got 6 sessions for ...
2026-03-02 02:46:32.521 [info] Getting sessions for all scopes...
2026-03-02 02:46:32.521 [info] Got 6 sessions for ...
2026-03-02 02:46:32.831 [info] Getting sessions for all scopes...
2026-03-02 02:46:32.831 [info] Got 6 sessions for ...
2026-03-02 02:46:32.931 [info] Getting sessions for project,read:org,read:user,repo,user:email,workflow...
2026-03-02 02:46:32.931 [info] Got 0 sessions for project,read:org,read:user,repo,user:email,workflow...
2026-03-02 02:46:33.299 [info] Getting sessions for all scopes...
2026-03-02 02:46:33.299 [info] Got 6 sessions for ...
2026-03-02 02:46:33.374 [info] FetcherService: Node fetch failed with status: 429 Too Many Requests
2026-03-02 02:46:33.377 [info] Unable to resolve optional EDU details. Status: 429 Too Many Requests
2026-03-02 02:46:33.472 [info] Getting sessions for all scopes...
2026-03-02 02:46:33.472 [info] Got 6 sessions for ...
2026-03-02 02:46:33.624 [info] Getting sessions for read:user,repo,user:email,workflow...
2026-03-02 02:46:33.625 [info] Got 1 sessions for read:user,repo,user:email,workflow...
2026-03-02 02:46:33.627 [info] Getting sessions for all scopes...
2026-03-02 02:46:33.627 [info] Got 6 sessions for ...
2026-03-02 02:46:34.010 [info] Getting sessions for read:user,repo,user:email,workflow...
2026-03-02 02:46:34.010 [info] Got 1 sessions for read:user,repo,user:email,workflow...
