2026-03-01 23:57:27.036 [info] Reading sessions from keychain...
2026-03-01 23:57:27.036 [info] Got stored sessions!
2026-03-01 23:57:27.036 [info] Got 6 verified sessions.
2026-03-01 23:57:27.036 [info] Getting sessions for all scopes...
2026-03-01 23:57:27.036 [info] Got 6 sessions for ...
2026-03-01 23:57:27.036 [info] Getting sessions for all scopes...
2026-03-01 23:57:27.036 [info] Got 6 sessions for ...
2026-03-01 23:57:27.036 [info] Getting sessions for all scopes...
2026-03-01 23:57:27.036 [info] Got 6 sessions for ...
2026-03-01 23:57:27.036 [info] Getting sessions for all scopes...
2026-03-01 23:57:27.036 [info] Got 6 sessions for ...
2026-03-01 23:57:27.036 [info] Getting sessions for user:email...
2026-03-01 23:57:27.036 [info] Got 1 sessions for user:email...
2026-03-01 23:57:27.036 [info] Getting sessions for codespace,read:user,repo,user:email...
2026-03-01 23:57:27.036 [info] Got 1 sessions for codespace,read:user,repo,user:email...
2026-03-01 23:57:27.036 [info] Getting sessions for all scopes...
2026-03-01 23:57:27.036 [info] Got 6 sessions for ...
2026-03-01 23:57:27.036 [info] Getting sessions for all scopes...
2026-03-01 23:57:27.036 [info] Got 6 sessions for ...
2026-03-01 23:57:28.603 [info] Getting sessions for all scopes...
2026-03-01 23:57:28.603 [info] Got 6 sessions for ...
2026-03-01 23:57:28.949 [info] Getting sessions for all scopes...
2026-03-01 23:57:28.950 [info] Got 6 sessions for ...
2026-03-01 23:57:29.053 [info] Getting sessions for project,read:org,read:user,repo,user:email,workflow...
2026-03-01 23:57:29.053 [info] Got 0 sessions for project,read:org,read:user,repo,user:email,workflow...
2026-03-01 23:57:29.053 [info] Getting sessions for all scopes...
2026-03-01 23:57:29.053 [info] Got 6 sessions for ...
2026-03-01 23:57:29.299 [info] Getting sessions for all scopes...
2026-03-01 23:57:29.299 [info] Got 6 sessions for ...
2026-03-01 23:57:29.395 [info] Getting sessions for all scopes...
2026-03-01 23:57:29.395 [info] Got 6 sessions for ...
2026-03-01 23:57:29.977 [info] FetcherService: Node fetch failed with status: 429 Too Many Requests
2026-03-01 23:57:29.980 [info] Unable to resolve optional EDU details. Status: 429 Too Many Requests
2026-03-01 23:57:29.989 [info] Getting sessions for read:user,repo,user:email,workflow...
2026-03-01 23:57:29.989 [info] Got 1 sessions for read:user,repo,user:email,workflow...
2026-03-01 23:57:30.893 [info] Getting sessions for read:user,repo,user:email,workflow...
2026-03-01 23:57:30.893 [info] Got 1 sessions for read:user,repo,user:email,workflow...
