2026-03-02 01:27:48.219 [info] [main] Log level: Info
2026-03-02 01:27:48.219 [info] [main] Validating found git in: "git"
2026-03-02 01:27:48.219 [info] [main] Using git "2.52.0" from "git"
2026-03-02 01:27:48.219 [info] [Model][doInitialScan] Initial repository scan started
2026-03-02 01:27:48.219 [info] > git rev-parse --show-toplevel [190ms]
2026-03-02 01:27:48.219 [info] > git rev-parse --git-dir --git-common-dir --show-superproject-working-tree [51ms]
2026-03-02 01:27:48.432 [info] [Model][openRepository] Opened repository (path): /workspaces/C-Projects
2026-03-02 01:27:48.432 [info] [Model][openRepository] Opened repository (real path): /workspaces/C-Projects
2026-03-02 01:27:48.432 [info] [Model][openRepository] Opened repository (kind): repository
2026-03-02 01:27:48.675 [info] > git rev-parse --show-toplevel [156ms]
2026-03-02 01:27:48.679 [info] > git config --get commit.template [215ms]
2026-03-02 01:27:49.180 [info] > git for-each-ref --format=%(refname)%00%(upstream:short)%00%(objectname)%00%(upstream:track)%00%(upstream:remotename)%00%(upstream:remoteref) refs/heads/main refs/remotes/main [451ms]
2026-03-02 01:27:49.181 [info] > git rev-parse --show-toplevel [465ms]
2026-03-02 01:27:49.511 [info] > git rev-parse --show-toplevel [17ms]
2026-03-02 01:27:49.667 [info] > git status -z -uall [68ms]
2026-03-02 01:27:49.667 [info] > git for-each-ref --sort -committerdate --format %(refname)%00%(objectname)%00%(*objectname) [41ms]
2026-03-02 01:27:49.773 [info] > git rev-parse --show-toplevel [204ms]
2026-03-02 01:27:50.159 [info] > git check-ignore -v -z --stdin [339ms]
2026-03-02 01:27:50.161 [info] > git for-each-ref --format=%(refname)%00%(upstream:short)%00%(objectname)%00%(upstream:track)%00%(upstream:remotename)%00%(upstream:remoteref) refs/heads/main refs/remotes/main [399ms]
2026-03-02 01:27:50.221 [info] > git rev-parse --show-toplevel [317ms]
2026-03-02 01:27:50.222 [info] > git config --get commit.template [347ms]
2026-03-02 01:27:50.276 [info] > git check-ignore -v -z --stdin [77ms]
2026-03-02 01:27:50.278 [info] > git config --get --local branch.main.vscode-merge-base [99ms]
2026-03-02 01:27:50.460 [info] > git for-each-ref --format=%(refname)%00%(upstream:short)%00%(objectname)%00%(upstream:track)%00%(upstream:remotename)%00%(upstream:remoteref) refs/heads/main refs/remotes/main [61ms]
2026-03-02 01:27:50.461 [info] > git rev-parse --show-toplevel [112ms]
2026-03-02 01:27:50.463 [info] [Model][doInitialScan] Initial repository scan completed - repositories (1), closed repositories (0), parent repositories (0), unsafe repositories (0)
2026-03-02 01:27:50.482 [info] > git for-each-ref --format=%(refname)%00%(upstream:short)%00%(objectname)%00%(upstream:track)%00%(upstream:remotename)%00%(upstream:remoteref) refs/heads/origin/main refs/remotes/origin/main [189ms]
2026-03-02 01:27:50.557 [info] > git show --textconv :trivia/index.html [84ms]
2026-03-02 01:27:50.575 [info] > git ls-files --stage -- trivia/index.html [93ms]
2026-03-02 01:27:50.728 [info] > git merge-base refs/heads/main refs/remotes/origin/main [235ms]
2026-03-02 01:27:50.765 [info] > git cat-file -s 08cea3334149dc5f83aad2eab19c51fa010063f9 [154ms]
2026-03-02 01:27:50.980 [info] > git diff --raw --numstat --diff-filter=ADMR -z --find-renames=50% 71180f2965edd71d2fbd4ecada0bb4290213be6f...refs/remotes/origin/main -- [232ms]
2026-03-02 01:27:51.103 [info] > git status -z -uall [268ms]
2026-03-02 01:27:51.104 [info] > git for-each-ref --sort -committerdate --format %(refname)%00%(objectname)%00%(*objectname) [215ms]
2026-03-02 01:27:51.726 [info] > git check-ignore -v -z --stdin [198ms]
2026-03-02 01:27:51.847 [info] > git config --local -l [122ms]
2026-03-02 01:27:52.127 [info] > git config --local -l [71ms]
2026-03-02 01:27:52.128 [info] > git config --local -l [105ms]
2026-03-02 01:27:52.130 [info] > git config --local -l [145ms]
2026-03-02 01:27:52.130 [info] > git config --local -l [191ms]
2026-03-02 01:27:52.423 [info] > git check-ignore -v -z --stdin [32ms]
2026-03-02 01:27:52.696 [info] > git config --local -l [38ms]
2026-03-02 01:27:52.705 [info] > git config --local -l [68ms]
2026-03-02 01:27:52.706 [info] > git config --local -l [77ms]
2026-03-02 01:27:52.706 [info] > git config --local -l [88ms]
2026-03-02 01:27:52.706 [info] > git config --local -l [97ms]
2026-03-02 01:28:07.224 [info] > git config --get commit.template [4ms]
2026-03-02 01:28:07.237 [info] > git for-each-ref --format=%(refname)%00%(upstream:short)%00%(objectname)%00%(upstream:track)%00%(upstream:remotename)%00%(upstream:remoteref) refs/heads/main refs/remotes/main [3ms]
2026-03-02 01:28:07.291 [info] > git status -z -uall [35ms]
2026-03-02 01:28:07.300 [info] > git for-each-ref --sort -committerdate --format %(refname)%00%(objectname)%00%(*objectname) [11ms]
2026-03-02 01:28:07.741 [info] > git check-ignore -v -z --stdin [6ms]
2026-03-02 01:28:28.777 [info] > git config --get commit.template [18ms]
2026-03-02 01:28:28.777 [info] > git for-each-ref --format=%(refname)%00%(upstream:short)%00%(objectname)%00%(upstream:track)%00%(upstream:remotename)%00%(upstream:remoteref) refs/heads/main refs/remotes/main [1ms]
2026-03-02 01:28:28.811 [info] > git status -z -uall [20ms]
2026-03-02 01:28:28.811 [info] > git for-each-ref --sort -committerdate --format %(refname)%00%(objectname)%00%(*objectname) [3ms]
2026-03-02 01:28:29.233 [info] > git check-ignore -v -z --stdin [4ms]
2026-03-02 01:30:10.376 [info] > git config --get commit.template [2ms]
2026-03-02 01:30:10.400 [info] > git for-each-ref --format=%(refname)%00%(upstream:short)%00%(objectname)%00%(upstream:track)%00%(upstream:remotename)%00%(upstream:remoteref) refs/heads/main refs/remotes/main [6ms]
2026-03-02 01:30:10.432 [info] > git status -z -uall [21ms]
2026-03-02 01:30:10.447 [info] > git for-each-ref --sort -committerdate --format %(refname)%00%(objectname)%00%(*objectname) [14ms]
2026-03-02 01:30:10.916 [info] > git check-ignore -v -z --stdin [5ms]
2026-03-02 01:30:16.092 [info] > git config --get commit.template [23ms]
2026-03-02 01:30:16.094 [info] > git for-each-ref --format=%(refname)%00%(upstream:short)%00%(objectname)%00%(upstream:track)%00%(upstream:remotename)%00%(upstream:remoteref) refs/heads/main refs/remotes/main [3ms]
2026-03-02 01:30:16.125 [info] > git status -z -uall [14ms]
2026-03-02 01:30:16.128 [info] > git for-each-ref --sort -committerdate --format %(refname)%00%(objectname)%00%(*objectname) [4ms]
2026-03-02 01:30:16.561 [info] > git check-ignore -v -z --stdin [7ms]
2026-03-02 01:30:21.154 [info] > git config --get commit.template [13ms]
2026-03-02 01:30:21.156 [info] > git for-each-ref --format=%(refname)%00%(upstream:short)%00%(objectname)%00%(upstream:track)%00%(upstream:remotename)%00%(upstream:remoteref) refs/heads/main refs/remotes/main [2ms]
2026-03-02 01:30:21.175 [info] > git status -z -uall [11ms]
2026-03-02 01:30:21.178 [info] > git for-each-ref --sort -committerdate --format %(refname)%00%(objectname)%00%(*objectname) [3ms]
2026-03-02 01:30:21.621 [info] > git check-ignore -v -z --stdin [4ms]
2026-03-02 01:31:16.576 [info] > git config --get commit.template [1ms]
2026-03-02 01:31:16.587 [info] > git for-each-ref --format=%(refname)%00%(upstream:short)%00%(objectname)%00%(upstream:track)%00%(upstream:remotename)%00%(upstream:remoteref) refs/heads/main refs/remotes/main [3ms]
2026-03-02 01:31:16.609 [info] > git status -z -uall [14ms]
2026-03-02 01:31:16.612 [info] > git for-each-ref --sort -committerdate --format %(refname)%00%(objectname)%00%(*objectname) [4ms]
2026-03-02 01:31:17.055 [info] > git check-ignore -v -z --stdin [3ms]
2026-03-02 01:31:23.522 [info] > git config --get commit.template [16ms]
2026-03-02 01:31:23.523 [info] > git for-each-ref --format=%(refname)%00%(upstream:short)%00%(objectname)%00%(upstream:track)%00%(upstream:remotename)%00%(upstream:remoteref) refs/heads/main refs/remotes/main [2ms]
2026-03-02 01:31:23.548 [info] > git status -z -uall [15ms]
2026-03-02 01:31:23.548 [info] > git for-each-ref --sort -committerdate --format %(refname)%00%(objectname)%00%(*objectname) [1ms]
2026-03-02 01:31:23.978 [info] > git check-ignore -v -z --stdin [3ms]
2026-03-02 01:31:29.506 [info] > git config --get commit.template [3ms]
2026-03-02 01:31:29.519 [info] > git for-each-ref --format=%(refname)%00%(upstream:short)%00%(objectname)%00%(upstream:track)%00%(upstream:remotename)%00%(upstream:remoteref) refs/heads/main refs/remotes/main [2ms]
2026-03-02 01:31:29.550 [info] > git status -z -uall [20ms]
2026-03-02 01:31:29.555 [info] > git for-each-ref --sort -committerdate --format %(refname)%00%(objectname)%00%(*objectname) [9ms]
2026-03-02 01:31:30.009 [info] > git check-ignore -v -z --stdin [3ms]
2026-03-02 01:32:18.657 [info] > git config --get commit.template [2ms]
2026-03-02 01:32:18.666 [info] > git for-each-ref --format=%(refname)%00%(upstream:short)%00%(objectname)%00%(upstream:track)%00%(upstream:remotename)%00%(upstream:remoteref) refs/heads/main refs/remotes/main [0ms]
2026-03-02 01:32:18.699 [info] > git status -z -uall [22ms]
2026-03-02 01:32:18.704 [info] > git for-each-ref --sort -committerdate --format %(refname)%00%(objectname)%00%(*objectname) [5ms]
2026-03-02 01:32:19.158 [info] > git check-ignore -v -z --stdin [2ms]
2026-03-02 01:32:23.751 [info] > git config --get commit.template [22ms]
2026-03-02 01:32:23.751 [info] > git for-each-ref --format=%(refname)%00%(upstream:short)%00%(objectname)%00%(upstream:track)%00%(upstream:remotename)%00%(upstream:remoteref) refs/heads/main refs/remotes/main [3ms]
2026-03-02 01:32:23.778 [info] > git status -z -uall [18ms]
2026-03-02 01:32:23.782 [info] > git for-each-ref --sort -committerdate --format %(refname)%00%(objectname)%00%(*objectname) [8ms]
2026-03-02 01:32:24.227 [info] > git check-ignore -v -z --stdin [4ms]
2026-03-02 01:32:28.797 [info] > git config --get commit.template [3ms]
2026-03-02 01:32:28.814 [info] > git for-each-ref --format=%(refname)%00%(upstream:short)%00%(objectname)%00%(upstream:track)%00%(upstream:remotename)%00%(upstream:remoteref) refs/heads/main refs/remotes/main [4ms]
2026-03-02 01:32:28.837 [info] > git status -z -uall [12ms]
2026-03-02 01:32:28.843 [info] > git for-each-ref --sort -committerdate --format %(refname)%00%(objectname)%00%(*objectname) [7ms]
