2026-03-05 00:02:43.856 [info] [main] Log level: Info
2026-03-05 00:02:43.856 [info] [main] Validating found git in: "git"
2026-03-05 00:02:43.856 [info] [main] Using git "2.52.0" from "git"
2026-03-05 00:02:43.856 [info] [Model][doInitialScan] Initial repository scan started
2026-03-05 00:02:43.873 [info] > git rev-parse --show-toplevel [43ms]
2026-03-05 00:02:44.331 [info] > git rev-parse --git-dir --git-common-dir --show-superproject-working-tree [427ms]
2026-03-05 00:02:44.769 [info] [Model][openRepository] Opened repository (path): /workspaces/C-Projects
2026-03-05 00:02:44.769 [info] [Model][openRepository] Opened repository (real path): /workspaces/C-Projects
2026-03-05 00:02:44.769 [info] [Model][openRepository] Opened repository (kind): repository
2026-03-05 00:02:44.982 [info] > git rev-parse --show-toplevel [144ms]
2026-03-05 00:02:44.985 [info] > git config --get commit.template [167ms]
2026-03-05 00:02:45.573 [info] > git rev-parse --show-toplevel [521ms]
2026-03-05 00:02:45.648 [info] > git for-each-ref --format=%(refname)%00%(upstream:short)%00%(objectname)%00%(upstream:track)%00%(upstream:remotename)%00%(upstream:remoteref) refs/heads/main refs/remotes/main [133ms]
2026-03-05 00:02:45.757 [info] > git check-ignore -v -z --stdin [70ms]
2026-03-05 00:02:45.775 [info] > git rev-parse --show-toplevel [128ms]
2026-03-05 00:02:46.051 [info] > git check-ignore -v -z --stdin [206ms]
2026-03-05 00:02:46.053 [info] > git check-ignore -v -z --stdin [182ms]
2026-03-05 00:02:46.150 [info] > git rev-parse --show-toplevel [227ms]
2026-03-05 00:02:46.212 [info] > git status -z -uall [132ms]
2026-03-05 00:02:46.213 [info] > git for-each-ref --sort -committerdate --format %(refname)%00%(objectname)%00%(*objectname) [94ms]
2026-03-05 00:02:46.528 [info] > git for-each-ref --format=%(refname)%00%(upstream:short)%00%(objectname)%00%(upstream:track)%00%(upstream:remotename)%00%(upstream:remoteref) refs/heads/main refs/remotes/main [173ms]
2026-03-05 00:02:46.554 [info] > git rev-parse --show-toplevel [360ms]
2026-03-05 00:02:46.600 [info] > git config --get --local branch.main.vscode-merge-base [46ms]
2026-03-05 00:02:46.613 [info] > git config --get commit.template [193ms]
2026-03-05 00:02:46.616 [info] > git rev-parse --show-toplevel [26ms]
2026-03-05 00:02:46.627 [info] [Model][doInitialScan] Initial repository scan completed - repositories (1), closed repositories (0), parent repositories (0), unsafe repositories (0)
2026-03-05 00:02:46.987 [info] > git show --textconv :homepage/index.html [255ms]
2026-03-05 00:02:46.988 [info] > git show --textconv :homepage/about.html [229ms]
2026-03-05 00:02:46.989 [info] > git ls-files --stage -- homepage/index.html [215ms]
2026-03-05 00:02:47.081 [info] > git config --local -l [418ms]
2026-03-05 00:02:47.096 [info] > git for-each-ref --format=%(refname)%00%(upstream:short)%00%(objectname)%00%(upstream:track)%00%(upstream:remotename)%00%(upstream:remoteref) refs/heads/origin/main refs/remotes/origin/main [483ms]
2026-03-05 00:02:47.125 [info] > git hash-object -t tree /dev/null [45ms]
2026-03-05 00:02:47.125 [warning] [GitFileSystemProvider][readFile] File not found - git:/workspaces/C-Projects/homepage/index.html.git?%7B%22path%22%3A%22%2Fworkspaces%2FC-Projects%2Fhomepage%2Findex.html%22%2C%22ref%22%3A%22%22%7D
2026-03-05 00:02:47.125 [info] > git hash-object -t tree /dev/null [77ms]
2026-03-05 00:02:47.125 [warning] [GitFileSystemProvider][readFile] File not found - git:/workspaces/C-Projects/homepage/about.html.git?%7B%22path%22%3A%22%2Fworkspaces%2FC-Projects%2Fhomepage%2Fabout.html%22%2C%22ref%22%3A%22%22%7D
2026-03-05 00:02:47.126 [info] > git hash-object -t tree /dev/null [106ms]
2026-03-05 00:02:47.126 [warning] [GitFileSystemProvider][stat] File not found - git:/workspaces/C-Projects/homepage/index.html.git?%7B%22path%22%3A%22%2Fworkspaces%2FC-Projects%2Fhomepage%2Findex.html%22%2C%22ref%22%3A%22%22%7D
2026-03-05 00:02:47.126 [info] > git config --local -l [208ms]
2026-03-05 00:02:47.127 [info] > git config --local -l [221ms]
2026-03-05 00:02:47.127 [info] > git config --local -l [230ms]
2026-03-05 00:02:47.128 [info] > git config --local -l [243ms]
2026-03-05 00:02:47.128 [info] > git for-each-ref --format=%(refname)%00%(upstream:short)%00%(objectname)%00%(upstream:track)%00%(upstream:remotename)%00%(upstream:remoteref) refs/heads/main refs/remotes/main [305ms]
2026-03-05 00:02:47.128 [info] > git ls-files --stage -- homepage/about.html [330ms]
2026-03-05 00:02:47.129 [warning] [GitFileSystemProvider][stat] File not found - git:/workspaces/C-Projects/homepage/about.html.git?%7B%22path%22%3A%22%2Fworkspaces%2FC-Projects%2Fhomepage%2Fabout.html%22%2C%22ref%22%3A%22%22%7D
2026-03-05 00:02:47.141 [info] > git merge-base refs/heads/main refs/remotes/origin/main [22ms]
2026-03-05 00:02:47.233 [info] > git status -z -uall [26ms]
2026-03-05 00:02:47.234 [info] > git diff --raw --numstat --diff-filter=ADMR -z --find-renames=50% 71180f2965edd71d2fbd4ecada0bb4290213be6f...refs/remotes/origin/main -- [68ms]
2026-03-05 00:02:47.239 [info] > git for-each-ref --sort -committerdate --format %(refname)%00%(objectname)%00%(*objectname) [10ms]
2026-03-05 00:02:47.781 [info] > git blame --root --incremental 71180f2965edd71d2fbd4ecada0bb4290213be6f -- homepage/about.html [28ms]
2026-03-05 00:02:47.781 [info] fatal: no such path homepage/about.html in 71180f2965edd71d2fbd4ecada0bb4290213be6f
2026-03-05 00:02:48.516 [info] > git config --local -l [63ms]
2026-03-05 00:02:48.533 [info] > git config --local -l [186ms]
2026-03-05 00:02:48.533 [info] > git config --local -l [229ms]
2026-03-05 00:02:48.534 [info] > git config --local -l [264ms]
2026-03-05 00:02:48.534 [info] > git config --local -l [295ms]
