2026-03-17 00:13:01.489 [warning] /home/codespace/.ssh/config: ENOENT: no such file or directory, open '/home/codespace/.ssh/config'
2026-03-17 00:13:01.489 [info] [Activation] Extension version: 0.132.0
2026-03-17 00:13:02.819 [info] [Authentication] Creating hub for .com
2026-03-17 00:13:03.311 [info] [Activation] Registering built in git provider.
2026-03-17 00:13:03.311 [info] [Activation] Looking for git repository
2026-03-17 00:13:03.311 [info] [Activation] Found 0 repositories during activation
2026-03-17 00:13:03.311 [info] [Activation] Git repository found, initializing review manager and pr tree view.
2026-03-17 00:13:03.366 [info] [GitAPI] Registering git provider
2026-03-17 00:13:03.366 [info] [Review+0] Validate state in progress
2026-03-17 00:13:03.366 [info] [Review+0] Validating state...
2026-03-17 00:13:03.700 [info] [FolderRepositoryManager+0] Found GitHub remote for folder /workspaces/C-Projects
2026-03-17 00:13:03.888 [info] [GitPostCommitCommands] Trying to register post commit commands.
2026-03-17 00:13:03.888 [info] [GitPostCommitCommands] GitHub remote(s) found, registering post commit commands.
2026-03-17 00:13:03.888 [info] [GitPostCommitCommands] Looking for remote. Comparing 1 local repo remotes with 1 GitHub repositories.
2026-03-17 00:13:03.888 [info] [GitPostCommitCommands] Found a repo when getting post commit commands.
2026-03-17 00:13:03.888 [info] [GitPostCommitCommands] Looking for remote. Comparing 1 local repo remotes with 1 GitHub repositories.
2026-03-17 00:13:03.888 [info] [GitPostCommitCommands] Found a repo when getting post commit commands.
2026-03-17 00:13:04.381 [info] [GitPostCommitCommands] Looking for remote. Comparing 1 local repo remotes with 1 GitHub repositories.
2026-03-17 00:13:04.381 [info] [GitPostCommitCommands] Found a repo when getting post commit commands.
2026-03-17 00:13:04.381 [info] [GitPostCommitCommands] Looking for remote. Comparing 1 local repo remotes with 1 GitHub repositories.
2026-03-17 00:13:04.381 [info] [GitPostCommitCommands] Found a repo when getting post commit commands.
2026-03-17 00:13:04.980 [info] [FolderRepositoryManager+0] Trying to use globalState for assignableUsers.
2026-03-17 00:13:05.094 [info] [Review+0] No matching pull request metadata found locally for current branch main
2026-03-17 00:13:05.292 [info] [FolderRepositoryManager+0] Using globalState assignableUsers for 1.
2026-03-17 00:13:05.466 [info] [Review+0] No matching pull request metadata found on GitHub for current branch main
2026-03-17 00:15:26.911 [info] [Activation] Repo state for file:///workspaces/C-Projects changed.
2026-03-17 00:15:26.911 [info] [Activation] Repo file:///workspaces/C-Projects has already been setup.
