2026-03-02 01:32:45.885 [info] Reading sessions from keychain...
2026-03-02 01:32:45.892 [info] Got stored sessions!
2026-03-02 01:32:45.892 [info] Got 6 verified sessions.
2026-03-02 01:32:45.892 [info] Getting sessions for all scopes...
2026-03-02 01:32:45.892 [info] Got 6 sessions for ...
2026-03-02 01:32:45.892 [info] Getting sessions for all scopes...
2026-03-02 01:32:45.892 [info] Got 6 sessions for ...
2026-03-02 01:32:45.892 [info] Getting sessions for all scopes...
2026-03-02 01:32:45.892 [info] Got 6 sessions for ...
2026-03-02 01:32:45.892 [info] Getting sessions for all scopes...
2026-03-02 01:32:45.892 [info] Got 6 sessions for ...
2026-03-02 01:32:45.892 [info] Getting sessions for user:email...
2026-03-02 01:32:45.892 [info] Got 1 sessions for user:email...
2026-03-02 01:32:45.892 [info] Getting sessions for codespace,read:user,repo,user:email...
2026-03-02 01:32:45.892 [info] Got 1 sessions for codespace,read:user,repo,user:email...
2026-03-02 01:32:45.892 [info] Getting sessions for all scopes...
2026-03-02 01:32:45.892 [info] Got 6 sessions for ...
2026-03-02 01:32:45.892 [info] Getting sessions for all scopes...
2026-03-02 01:32:45.892 [info] Got 6 sessions for ...
2026-03-02 01:32:46.975 [info] Getting sessions for all scopes...
2026-03-02 01:32:46.976 [info] Got 6 sessions for ...
2026-03-02 01:32:47.383 [info] Getting sessions for all scopes...
2026-03-02 01:32:47.389 [info] Got 6 sessions for ...
2026-03-02 01:32:47.976 [info] Getting sessions for project,read:org,read:user,repo,user:email,workflow...
2026-03-02 01:32:47.976 [info] Got 0 sessions for project,read:org,read:user,repo,user:email,workflow...
2026-03-02 01:32:47.976 [info] Getting sessions for all scopes...
2026-03-02 01:32:47.976 [info] Got 6 sessions for ...
2026-03-02 01:32:48.204 [info] Getting sessions for all scopes...
2026-03-02 01:32:48.204 [info] Got 6 sessions for ...
2026-03-02 01:32:48.606 [info] FetcherService: Node fetch failed with status: 429 Too Many Requests
2026-03-02 01:32:48.611 [info] Unable to resolve optional EDU details. Status: 429 Too Many Requests
2026-03-02 01:32:48.620 [info] Getting sessions for all scopes...
2026-03-02 01:32:48.620 [info] Got 6 sessions for ...
2026-03-02 01:32:48.776 [info] Getting sessions for read:user,repo,user:email,workflow...
2026-03-02 01:32:48.777 [info] Got 1 sessions for read:user,repo,user:email,workflow...
2026-03-02 01:32:49.510 [info] Getting sessions for read:user,repo,user:email,workflow...
2026-03-02 01:32:49.510 [info] Got 1 sessions for read:user,repo,user:email,workflow...
