2026-03-08 23:59:49.769 [info] [main] Log level: Info
2026-03-08 23:59:49.769 [info] [main] Validating found git in: "git"
2026-03-08 23:59:49.769 [info] [main] Using git "2.52.0" from "git"
2026-03-08 23:59:49.769 [info] [Model][doInitialScan] Initial repository scan started
2026-03-08 23:59:49.769 [info] > git rev-parse --show-toplevel [1340ms]
2026-03-08 23:59:49.805 [info] > git rev-parse --git-dir --git-common-dir --show-superproject-working-tree [108ms]
2026-03-08 23:59:50.679 [info] [Model][openRepository] Opened repository (path): /workspaces/C-Projects
2026-03-08 23:59:50.679 [info] [Model][openRepository] Opened repository (real path): /workspaces/C-Projects
2026-03-08 23:59:50.679 [info] [Model][openRepository] Opened repository (kind): repository
2026-03-08 23:59:50.950 [info] > git rev-parse --show-toplevel [201ms]
2026-03-08 23:59:50.955 [info] > git config --get commit.template [214ms]
2026-03-08 23:59:51.152 [info] > git for-each-ref --format=%(refname)%00%(upstream:short)%00%(objectname)%00%(upstream:track)%00%(upstream:remotename)%00%(upstream:remoteref) refs/heads/main refs/remotes/main [90ms]
2026-03-08 23:59:51.155 [info] > git rev-parse --show-toplevel [132ms]
2026-03-08 23:59:51.383 [info] > git rev-parse --show-toplevel [188ms]
2026-03-08 23:59:51.641 [info] > git check-ignore -v -z --stdin [319ms]
2026-03-08 23:59:51.668 [info] > git check-ignore -v -z --stdin [313ms]
2026-03-08 23:59:51.669 [info] > git status -z -uall [226ms]
2026-03-08 23:59:51.743 [info] > git check-ignore -v -z --stdin [45ms]
2026-03-08 23:59:51.754 [info] > git rev-parse --show-toplevel [123ms]
2026-03-08 23:59:51.756 [info] > git for-each-ref --sort -committerdate --format %(refname)%00%(objectname)%00%(*objectname) [236ms]
2026-03-08 23:59:52.021 [info] > git for-each-ref --format=%(refname)%00%(upstream:short)%00%(objectname)%00%(upstream:track)%00%(upstream:remotename)%00%(upstream:remoteref) refs/heads/main refs/remotes/main [175ms]
2026-03-08 23:59:52.043 [info] > git config --get commit.template [99ms]
2026-03-08 23:59:52.043 [info] > git rev-parse --show-toplevel [125ms]
2026-03-08 23:59:52.060 [info] > git config --get --local branch.main.vscode-merge-base [26ms]
2026-03-08 23:59:52.098 [info] > git rev-parse --show-toplevel [39ms]
2026-03-08 23:59:52.107 [info] [Model][doInitialScan] Initial repository scan completed - repositories (1), closed repositories (0), parent repositories (0), unsafe repositories (0)
2026-03-08 23:59:52.399 [info] > git show --textconv :homepage/about.html [253ms]
2026-03-08 23:59:52.399 [info] > git show --textconv :homepage/index.html [230ms]
2026-03-08 23:59:52.399 [info] > git ls-files --stage -- homepage/about.html [211ms]
2026-03-08 23:59:52.441 [info] > git config --local -l [317ms]
2026-03-08 23:59:52.453 [info] > git for-each-ref --format=%(refname)%00%(upstream:short)%00%(objectname)%00%(upstream:track)%00%(upstream:remotename)%00%(upstream:remoteref) refs/heads/main refs/remotes/main [355ms]
2026-03-08 23:59:52.459 [info] > git for-each-ref --format=%(refname)%00%(upstream:short)%00%(objectname)%00%(upstream:track)%00%(upstream:remotename)%00%(upstream:remoteref) refs/heads/origin/main refs/remotes/origin/main [384ms]
2026-03-08 23:59:52.531 [info] > git merge-base refs/heads/main refs/remotes/origin/main [33ms]
2026-03-08 23:59:52.550 [info] > git hash-object -t tree /dev/null [110ms]
2026-03-08 23:59:52.550 [warning] [GitFileSystemProvider][readFile] File not found - git:/workspaces/C-Projects/homepage/about.html.git?%7B%22path%22%3A%22%2Fworkspaces%2FC-Projects%2Fhomepage%2Fabout.html%22%2C%22ref%22%3A%22%22%7D
2026-03-08 23:59:52.554 [info] > git hash-object -t tree /dev/null [135ms]
2026-03-08 23:59:52.554 [warning] [GitFileSystemProvider][readFile] File not found - git:/workspaces/C-Projects/homepage/index.html.git?%7B%22path%22%3A%22%2Fworkspaces%2FC-Projects%2Fhomepage%2Findex.html%22%2C%22ref%22%3A%22%22%7D
2026-03-08 23:59:52.554 [info] > git hash-object -t tree /dev/null [147ms]
2026-03-08 23:59:52.554 [warning] [GitFileSystemProvider][stat] File not found - git:/workspaces/C-Projects/homepage/about.html.git?%7B%22path%22%3A%22%2Fworkspaces%2FC-Projects%2Fhomepage%2Fabout.html%22%2C%22ref%22%3A%22%22%7D
2026-03-08 23:59:52.554 [info] > git config --local -l [171ms]
2026-03-08 23:59:52.557 [info] > git config --local -l [191ms]
2026-03-08 23:59:52.568 [info] > git config --local -l [218ms]
2026-03-08 23:59:52.578 [info] > git config --local -l [239ms]
2026-03-08 23:59:52.579 [info] > git ls-files --stage -- homepage/index.html [367ms]
2026-03-08 23:59:52.579 [warning] [GitFileSystemProvider][stat] File not found - git:/workspaces/C-Projects/homepage/index.html.git?%7B%22path%22%3A%22%2Fworkspaces%2FC-Projects%2Fhomepage%2Findex.html%22%2C%22ref%22%3A%22%22%7D
2026-03-08 23:59:52.647 [info] > git diff --raw --numstat --diff-filter=ADMR -z --find-renames=50% 71180f2965edd71d2fbd4ecada0bb4290213be6f...refs/remotes/origin/main -- [98ms]
2026-03-08 23:59:52.844 [info] > git status -z -uall [130ms]
2026-03-08 23:59:52.844 [info] > git for-each-ref --sort -committerdate --format %(refname)%00%(objectname)%00%(*objectname) [103ms]
2026-03-08 23:59:53.100 [info] > git blame --root --incremental 71180f2965edd71d2fbd4ecada0bb4290213be6f -- homepage/about.html [52ms]
2026-03-08 23:59:53.100 [info] fatal: no such path homepage/about.html in 71180f2965edd71d2fbd4ecada0bb4290213be6f
2026-03-08 23:59:53.601 [info] > git config --local -l [40ms]
2026-03-08 23:59:53.626 [info] > git config --local -l [131ms]
2026-03-08 23:59:53.627 [info] > git config --local -l [149ms]
2026-03-08 23:59:53.631 [info] > git config --local -l [164ms]
2026-03-08 23:59:53.631 [info] > git config --local -l [181ms]
2026-03-09 00:01:24.412 [info] > git config --get commit.template [0ms]
2026-03-09 00:01:24.429 [info] > git for-each-ref --format=%(refname)%00%(upstream:short)%00%(objectname)%00%(upstream:track)%00%(upstream:remotename)%00%(upstream:remoteref) refs/heads/main refs/remotes/main [3ms]
2026-03-09 00:01:24.446 [info] > git status -z -uall [10ms]
2026-03-09 00:01:24.456 [info] > git for-each-ref --sort -committerdate --format %(refname)%00%(objectname)%00%(*objectname) [12ms]
2026-03-09 00:01:34.878 [info] > git config --get commit.template [3ms]
2026-03-09 00:01:34.891 [info] > git for-each-ref --format=%(refname)%00%(upstream:short)%00%(objectname)%00%(upstream:track)%00%(upstream:remotename)%00%(upstream:remoteref) refs/heads/main refs/remotes/main [1ms]
2026-03-09 00:01:34.918 [info] > git status -z -uall [15ms]
2026-03-09 00:01:34.920 [info] > git for-each-ref --sort -committerdate --format %(refname)%00%(objectname)%00%(*objectname) [2ms]
2026-03-09 00:01:39.939 [info] > git config --get commit.template [1ms]
2026-03-09 00:01:39.955 [info] > git for-each-ref --format=%(refname)%00%(upstream:short)%00%(objectname)%00%(upstream:track)%00%(upstream:remotename)%00%(upstream:remoteref) refs/heads/main refs/remotes/main [3ms]
2026-03-09 00:01:39.982 [info] > git status -z -uall [16ms]
2026-03-09 00:01:39.982 [info] > git for-each-ref --sort -committerdate --format %(refname)%00%(objectname)%00%(*objectname) [2ms]
2026-03-09 00:01:45.009 [info] > git config --get commit.template [18ms]
2026-03-09 00:01:45.012 [info] > git for-each-ref --format=%(refname)%00%(upstream:short)%00%(objectname)%00%(upstream:track)%00%(upstream:remotename)%00%(upstream:remoteref) refs/heads/main refs/remotes/main [3ms]
2026-03-09 00:01:45.039 [info] > git status -z -uall [15ms]
2026-03-09 00:01:45.039 [info] > git for-each-ref --sort -committerdate --format %(refname)%00%(objectname)%00%(*objectname) [4ms]
2026-03-09 00:01:50.054 [info] > git config --get commit.template [3ms]
2026-03-09 00:01:50.069 [info] > git for-each-ref --format=%(refname)%00%(upstream:short)%00%(objectname)%00%(upstream:track)%00%(upstream:remotename)%00%(upstream:remoteref) refs/heads/main refs/remotes/main [2ms]
2026-03-09 00:01:50.099 [info] > git status -z -uall [15ms]
2026-03-09 00:01:50.101 [info] > git for-each-ref --sort -committerdate --format %(refname)%00%(objectname)%00%(*objectname) [3ms]
2026-03-09 00:01:55.114 [info] > git config --get commit.template [4ms]
2026-03-09 00:01:55.129 [info] > git for-each-ref --format=%(refname)%00%(upstream:short)%00%(objectname)%00%(upstream:track)%00%(upstream:remotename)%00%(upstream:remoteref) refs/heads/main refs/remotes/main [2ms]
2026-03-09 00:01:55.154 [info] > git status -z -uall [14ms]
2026-03-09 00:01:55.158 [info] > git for-each-ref --sort -committerdate --format %(refname)%00%(objectname)%00%(*objectname) [5ms]
2026-03-09 00:02:00.172 [info] > git config --get commit.template [4ms]
2026-03-09 00:02:00.182 [info] > git for-each-ref --format=%(refname)%00%(upstream:short)%00%(objectname)%00%(upstream:track)%00%(upstream:remotename)%00%(upstream:remoteref) refs/heads/main refs/remotes/main [2ms]
2026-03-09 00:02:00.204 [info] > git status -z -uall [11ms]
2026-03-09 00:02:00.207 [info] > git for-each-ref --sort -committerdate --format %(refname)%00%(objectname)%00%(*objectname) [4ms]
2026-03-09 00:04:08.882 [info] > git config --get commit.template [17ms]
2026-03-09 00:04:08.883 [info] > git for-each-ref --format=%(refname)%00%(upstream:short)%00%(objectname)%00%(upstream:track)%00%(upstream:remotename)%00%(upstream:remoteref) refs/heads/main refs/remotes/main [1ms]
2026-03-09 00:04:08.901 [info] > git status -z -uall [10ms]
2026-03-09 00:04:08.901 [info] > git for-each-ref --sort -committerdate --format %(refname)%00%(objectname)%00%(*objectname) [2ms]
