2026-03-03 00:03:49.114 [info] [main] Log level: Info
2026-03-03 00:03:49.114 [info] [main] Validating found git in: "git"
2026-03-03 00:03:49.114 [info] [main] Using git "2.52.0" from "git"
2026-03-03 00:03:49.114 [info] [Model][doInitialScan] Initial repository scan started
2026-03-03 00:03:49.114 [info] > git rev-parse --show-toplevel [106ms]
2026-03-03 00:03:49.114 [info] > git rev-parse --git-dir --git-common-dir --show-superproject-working-tree [74ms]
2026-03-03 00:03:49.282 [info] [Model][openRepository] Opened repository (path): /workspaces/C-Projects
2026-03-03 00:03:49.282 [info] [Model][openRepository] Opened repository (real path): /workspaces/C-Projects
2026-03-03 00:03:49.282 [info] [Model][openRepository] Opened repository (kind): repository
2026-03-03 00:03:49.946 [info] > git rev-parse --show-toplevel [550ms]
2026-03-03 00:03:49.953 [info] > git config --get commit.template [597ms]
2026-03-03 00:03:50.180 [info] > git check-ignore -v -z --stdin [111ms]
2026-03-03 00:03:50.181 [info] > git rev-parse --show-toplevel [159ms]
2026-03-03 00:03:50.738 [info] > git for-each-ref --format=%(refname)%00%(upstream:short)%00%(objectname)%00%(upstream:track)%00%(upstream:remotename)%00%(upstream:remoteref) refs/heads/main refs/remotes/main [577ms]
2026-03-03 00:03:50.883 [info] > git rev-parse --show-toplevel [212ms]
2026-03-03 00:03:51.025 [info] > git check-ignore -v -z --stdin [241ms]
2026-03-03 00:03:51.034 [info] > git check-ignore -v -z --stdin [213ms]
2026-03-03 00:03:51.316 [info] > git status -z -uall [130ms]
2026-03-03 00:03:51.316 [info] > git rev-parse --show-toplevel [245ms]
2026-03-03 00:03:51.448 [info] > git for-each-ref --sort -committerdate --format %(refname)%00%(objectname)%00%(*objectname) [197ms]
2026-03-03 00:03:51.603 [info] > git for-each-ref --format=%(refname)%00%(upstream:short)%00%(objectname)%00%(upstream:track)%00%(upstream:remotename)%00%(upstream:remoteref) refs/heads/main refs/remotes/main [56ms]
2026-03-03 00:03:51.631 [info] > git rev-parse --show-toplevel [191ms]
2026-03-03 00:03:51.712 [info] > git config --get commit.template [109ms]
2026-03-03 00:03:51.801 [info] > git rev-parse --show-toplevel [110ms]
2026-03-03 00:03:51.837 [info] [Model][doInitialScan] Initial repository scan completed - repositories (1), closed repositories (0), parent repositories (0), unsafe repositories (0)
2026-03-03 00:03:51.837 [info] > git config --get --local branch.main.vscode-merge-base [207ms]
2026-03-03 00:03:52.380 [info] > git show --textconv :trivia/index.html [447ms]
2026-03-03 00:03:52.380 [info] > git show --textconv :homepage/styles.css [423ms]
2026-03-03 00:03:52.380 [info] > git for-each-ref --format=%(refname)%00%(upstream:short)%00%(objectname)%00%(upstream:track)%00%(upstream:remotename)%00%(upstream:remoteref) refs/heads/main refs/remotes/main [87ms]
2026-03-03 00:03:52.381 [info] > git ls-files --stage -- homepage/styles.css [362ms]
2026-03-03 00:03:52.445 [info] > git ls-files --stage -- trivia/index.html [452ms]
2026-03-03 00:03:52.545 [info] > git for-each-ref --format=%(refname)%00%(upstream:short)%00%(objectname)%00%(upstream:track)%00%(upstream:remotename)%00%(upstream:remoteref) refs/heads/origin/main refs/remotes/origin/main [659ms]
2026-03-03 00:03:52.652 [info] > git hash-object -t tree /dev/null [107ms]
2026-03-03 00:03:52.652 [warning] [GitFileSystemProvider][readFile] File not found - git:/workspaces/C-Projects/homepage/styles.css.git?%7B%22path%22%3A%22%2Fworkspaces%2FC-Projects%2Fhomepage%2Fstyles.css%22%2C%22ref%22%3A%22%22%7D
2026-03-03 00:03:52.652 [info] > git cat-file -s 08cea3334149dc5f83aad2eab19c51fa010063f9 [135ms]
2026-03-03 00:03:52.657 [info] > git hash-object -t tree /dev/null [213ms]
2026-03-03 00:03:52.657 [warning] [GitFileSystemProvider][stat] File not found - git:/workspaces/C-Projects/homepage/styles.css.git?%7B%22path%22%3A%22%2Fworkspaces%2FC-Projects%2Fhomepage%2Fstyles.css%22%2C%22ref%22%3A%22%22%7D
2026-03-03 00:03:52.672 [info] > git merge-base refs/heads/main refs/remotes/origin/main [99ms]
2026-03-03 00:03:52.775 [info] > git status -z -uall [41ms]
2026-03-03 00:03:52.777 [info] > git diff --raw --numstat --diff-filter=ADMR -z --find-renames=50% 71180f2965edd71d2fbd4ecada0bb4290213be6f...refs/remotes/origin/main -- [91ms]
2026-03-03 00:03:52.787 [info] > git for-each-ref --sort -committerdate --format %(refname)%00%(objectname)%00%(*objectname) [23ms]
2026-03-03 00:03:53.938 [info] > git config --local -l [49ms]
2026-03-03 00:03:53.953 [info] > git check-ignore -v -z --stdin [17ms]
2026-03-03 00:03:54.027 [info] > git blame --root --incremental 71180f2965edd71d2fbd4ecada0bb4290213be6f -- homepage/styles.css [6ms]
2026-03-03 00:03:54.027 [info] fatal: no such path homepage/styles.css in 71180f2965edd71d2fbd4ecada0bb4290213be6f
2026-03-03 00:03:54.234 [info] > git config --local -l [13ms]
2026-03-03 00:03:54.234 [info] > git config --local -l [27ms]
2026-03-03 00:03:54.235 [info] > git config --local -l [46ms]
2026-03-03 00:03:54.236 [info] > git config --local -l [61ms]
2026-03-03 00:03:56.057 [info] > git check-ignore -v -z --stdin [31ms]
2026-03-03 00:03:57.314 [info] > git config --local -l [162ms]
2026-03-03 00:03:57.321 [info] > git config --local -l [206ms]
2026-03-03 00:03:57.321 [info] > git config --local -l [229ms]
2026-03-03 00:03:57.322 [info] > git config --local -l [242ms]
2026-03-03 00:03:57.322 [info] > git config --local -l [266ms]
2026-03-03 00:07:46.456 [info] > git config --get commit.template [14ms]
2026-03-03 00:07:46.458 [info] > git for-each-ref --format=%(refname)%00%(upstream:short)%00%(objectname)%00%(upstream:track)%00%(upstream:remotename)%00%(upstream:remoteref) refs/heads/main refs/remotes/main [5ms]
2026-03-03 00:07:46.479 [info] > git status -z -uall [11ms]
2026-03-03 00:07:46.482 [info] > git for-each-ref --sort -committerdate --format %(refname)%00%(objectname)%00%(*objectname) [4ms]
2026-03-03 00:07:51.510 [info] > git config --get commit.template [14ms]
2026-03-03 00:07:51.513 [info] > git for-each-ref --format=%(refname)%00%(upstream:short)%00%(objectname)%00%(upstream:track)%00%(upstream:remotename)%00%(upstream:remoteref) refs/heads/main refs/remotes/main [3ms]
2026-03-03 00:07:51.538 [info] > git status -z -uall [12ms]
2026-03-03 00:07:51.542 [info] > git for-each-ref --sort -committerdate --format %(refname)%00%(objectname)%00%(*objectname) [4ms]
2026-03-03 00:08:03.905 [info] > git config --get commit.template [3ms]
2026-03-03 00:08:03.916 [info] > git for-each-ref --format=%(refname)%00%(upstream:short)%00%(objectname)%00%(upstream:track)%00%(upstream:remotename)%00%(upstream:remoteref) refs/heads/main refs/remotes/main [4ms]
2026-03-03 00:08:03.938 [info] > git status -z -uall [11ms]
2026-03-03 00:08:03.941 [info] > git for-each-ref --sort -committerdate --format %(refname)%00%(objectname)%00%(*objectname) [5ms]
2026-03-03 00:08:09.595 [info] > git config --get commit.template [3ms]
2026-03-03 00:08:09.604 [info] > git for-each-ref --format=%(refname)%00%(upstream:short)%00%(objectname)%00%(upstream:track)%00%(upstream:remotename)%00%(upstream:remoteref) refs/heads/main refs/remotes/main [2ms]
2026-03-03 00:08:09.626 [info] > git status -z -uall [12ms]
2026-03-03 00:08:09.628 [info] > git for-each-ref --sort -committerdate --format %(refname)%00%(objectname)%00%(*objectname) [5ms]
2026-03-03 00:08:14.641 [info] > git config --get commit.template [4ms]
2026-03-03 00:08:14.653 [info] > git for-each-ref --format=%(refname)%00%(upstream:short)%00%(objectname)%00%(upstream:track)%00%(upstream:remotename)%00%(upstream:remoteref) refs/heads/main refs/remotes/main [3ms]
2026-03-03 00:08:14.674 [info] > git status -z -uall [13ms]
2026-03-03 00:08:14.678 [info] > git for-each-ref --sort -committerdate --format %(refname)%00%(objectname)%00%(*objectname) [6ms]
2026-03-03 00:08:19.703 [info] > git config --get commit.template [14ms]
2026-03-03 00:08:19.705 [info] > git for-each-ref --format=%(refname)%00%(upstream:short)%00%(objectname)%00%(upstream:track)%00%(upstream:remotename)%00%(upstream:remoteref) refs/heads/main refs/remotes/main [4ms]
2026-03-03 00:08:19.728 [info] > git status -z -uall [17ms]
2026-03-03 00:08:19.730 [info] > git for-each-ref --sort -committerdate --format %(refname)%00%(objectname)%00%(*objectname) [5ms]
2026-03-03 00:08:26.479 [info] > git config --get commit.template [1ms]
2026-03-03 00:08:26.490 [info] > git for-each-ref --format=%(refname)%00%(upstream:short)%00%(objectname)%00%(upstream:track)%00%(upstream:remotename)%00%(upstream:remoteref) refs/heads/main refs/remotes/main [1ms]
2026-03-03 00:08:26.512 [info] > git status -z -uall [12ms]
2026-03-03 00:08:26.515 [info] > git for-each-ref --sort -committerdate --format %(refname)%00%(objectname)%00%(*objectname) [3ms]
2026-03-03 00:08:45.155 [info] > git config --get commit.template [4ms]
2026-03-03 00:08:45.170 [info] > git for-each-ref --format=%(refname)%00%(upstream:short)%00%(objectname)%00%(upstream:track)%00%(upstream:remotename)%00%(upstream:remoteref) refs/heads/main refs/remotes/main [1ms]
2026-03-03 00:08:45.198 [info] > git status -z -uall [19ms]
2026-03-03 00:08:45.202 [info] > git for-each-ref --sort -committerdate --format %(refname)%00%(objectname)%00%(*objectname) [8ms]
2026-03-03 00:08:50.214 [info] > git config --get commit.template [0ms]
2026-03-03 00:08:50.229 [info] > git for-each-ref --format=%(refname)%00%(upstream:short)%00%(objectname)%00%(upstream:track)%00%(upstream:remotename)%00%(upstream:remoteref) refs/heads/main refs/remotes/main [7ms]
2026-03-03 00:08:50.248 [info] > git status -z -uall [9ms]
2026-03-03 00:08:50.253 [info] > git for-each-ref --sort -committerdate --format %(refname)%00%(objectname)%00%(*objectname) [5ms]
2026-03-03 00:08:55.268 [info] > git config --get commit.template [5ms]
2026-03-03 00:08:55.278 [info] > git for-each-ref --format=%(refname)%00%(upstream:short)%00%(objectname)%00%(upstream:track)%00%(upstream:remotename)%00%(upstream:remoteref) refs/heads/main refs/remotes/main [1ms]
2026-03-03 00:08:55.303 [info] > git status -z -uall [15ms]
2026-03-03 00:08:55.306 [info] > git for-each-ref --sort -committerdate --format %(refname)%00%(objectname)%00%(*objectname) [3ms]
2026-03-03 00:09:00.317 [info] > git config --get commit.template [2ms]
2026-03-03 00:09:00.332 [info] > git for-each-ref --format=%(refname)%00%(upstream:short)%00%(objectname)%00%(upstream:track)%00%(upstream:remotename)%00%(upstream:remoteref) refs/heads/main refs/remotes/main [4ms]
2026-03-03 00:09:00.348 [info] > git status -z -uall [7ms]
2026-03-03 00:09:00.354 [info] > git for-each-ref --sort -committerdate --format %(refname)%00%(objectname)%00%(*objectname) [6ms]
2026-03-03 00:09:08.873 [info] > git config --get commit.template [14ms]
2026-03-03 00:09:08.876 [info] > git for-each-ref --format=%(refname)%00%(upstream:short)%00%(objectname)%00%(upstream:track)%00%(upstream:remotename)%00%(upstream:remoteref) refs/heads/main refs/remotes/main [3ms]
2026-03-03 00:09:08.905 [info] > git status -z -uall [19ms]
2026-03-03 00:09:08.907 [info] > git for-each-ref --sort -committerdate --format %(refname)%00%(objectname)%00%(*objectname) [6ms]
2026-03-03 00:09:13.922 [info] > git config --get commit.template [5ms]
2026-03-03 00:09:13.932 [info] > git for-each-ref --format=%(refname)%00%(upstream:short)%00%(objectname)%00%(upstream:track)%00%(upstream:remotename)%00%(upstream:remoteref) refs/heads/main refs/remotes/main [2ms]
2026-03-03 00:09:13.947 [info] > git status -z -uall [8ms]
2026-03-03 00:09:13.955 [info] > git for-each-ref --sort -committerdate --format %(refname)%00%(objectname)%00%(*objectname) [9ms]
2026-03-03 00:09:21.316 [info] > git config --get commit.template [7ms]
2026-03-03 00:09:21.330 [info] > git for-each-ref --format=%(refname)%00%(upstream:short)%00%(objectname)%00%(upstream:track)%00%(upstream:remotename)%00%(upstream:remoteref) refs/heads/main refs/remotes/main [2ms]
2026-03-03 00:09:21.358 [info] > git status -z -uall [15ms]
2026-03-03 00:09:21.360 [info] > git for-each-ref --sort -committerdate --format %(refname)%00%(objectname)%00%(*objectname) [3ms]
2026-03-03 00:09:29.648 [info] > git config --get commit.template [6ms]
2026-03-03 00:09:29.659 [info] > git for-each-ref --format=%(refname)%00%(upstream:short)%00%(objectname)%00%(upstream:track)%00%(upstream:remotename)%00%(upstream:remoteref) refs/heads/main refs/remotes/main [1ms]
2026-03-03 00:09:29.681 [info] > git status -z -uall [13ms]
2026-03-03 00:09:29.683 [info] > git for-each-ref --sort -committerdate --format %(refname)%00%(objectname)%00%(*objectname) [3ms]
2026-03-03 00:09:34.700 [info] > git config --get commit.template [8ms]
2026-03-03 00:09:34.703 [info] > git for-each-ref --format=%(refname)%00%(upstream:short)%00%(objectname)%00%(upstream:track)%00%(upstream:remotename)%00%(upstream:remoteref) refs/heads/main refs/remotes/main [3ms]
2026-03-03 00:09:34.720 [info] > git status -z -uall [10ms]
2026-03-03 00:09:34.722 [info] > git for-each-ref --sort -committerdate --format %(refname)%00%(objectname)%00%(*objectname) [3ms]
2026-03-03 00:09:39.739 [info] > git config --get commit.template [3ms]
2026-03-03 00:09:39.748 [info] > git for-each-ref --format=%(refname)%00%(upstream:short)%00%(objectname)%00%(upstream:track)%00%(upstream:remotename)%00%(upstream:remoteref) refs/heads/main refs/remotes/main [1ms]
2026-03-03 00:09:39.767 [info] > git status -z -uall [11ms]
2026-03-03 00:09:39.767 [info] > git for-each-ref --sort -committerdate --format %(refname)%00%(objectname)%00%(*objectname) [2ms]
2026-03-03 00:09:44.781 [info] > git config --get commit.template [2ms]
2026-03-03 00:09:44.791 [info] > git for-each-ref --format=%(refname)%00%(upstream:short)%00%(objectname)%00%(upstream:track)%00%(upstream:remotename)%00%(upstream:remoteref) refs/heads/main refs/remotes/main [1ms]
2026-03-03 00:09:44.809 [info] > git status -z -uall [11ms]
2026-03-03 00:09:44.812 [info] > git for-each-ref --sort -committerdate --format %(refname)%00%(objectname)%00%(*objectname) [3ms]
2026-03-03 00:09:49.824 [info] > git config --get commit.template [4ms]
2026-03-03 00:09:49.834 [info] > git for-each-ref --format=%(refname)%00%(upstream:short)%00%(objectname)%00%(upstream:track)%00%(upstream:remotename)%00%(upstream:remoteref) refs/heads/main refs/remotes/main [2ms]
2026-03-03 00:09:49.850 [info] > git status -z -uall [9ms]
2026-03-03 00:09:49.851 [info] > git for-each-ref --sort -committerdate --format %(refname)%00%(objectname)%00%(*objectname) [1ms]
2026-03-03 00:09:54.863 [info] > git config --get commit.template [2ms]
2026-03-03 00:09:54.872 [info] > git for-each-ref --format=%(refname)%00%(upstream:short)%00%(objectname)%00%(upstream:track)%00%(upstream:remotename)%00%(upstream:remoteref) refs/heads/main refs/remotes/main [3ms]
2026-03-03 00:09:54.889 [info] > git status -z -uall [10ms]
2026-03-03 00:09:54.892 [info] > git for-each-ref --sort -committerdate --format %(refname)%00%(objectname)%00%(*objectname) [3ms]
2026-03-03 00:09:59.904 [info] > git config --get commit.template [0ms]
2026-03-03 00:09:59.921 [info] > git for-each-ref --format=%(refname)%00%(upstream:short)%00%(objectname)%00%(upstream:track)%00%(upstream:remotename)%00%(upstream:remoteref) refs/heads/main refs/remotes/main [4ms]
2026-03-03 00:09:59.942 [info] > git status -z -uall [12ms]
2026-03-03 00:09:59.945 [info] > git for-each-ref --sort -committerdate --format %(refname)%00%(objectname)%00%(*objectname) [5ms]
2026-03-03 00:10:04.959 [info] > git config --get commit.template [1ms]
2026-03-03 00:10:04.972 [info] > git for-each-ref --format=%(refname)%00%(upstream:short)%00%(objectname)%00%(upstream:track)%00%(upstream:remotename)%00%(upstream:remoteref) refs/heads/main refs/remotes/main [2ms]
2026-03-03 00:10:04.992 [info] > git status -z -uall [12ms]
2026-03-03 00:10:04.992 [info] > git for-each-ref --sort -committerdate --format %(refname)%00%(objectname)%00%(*objectname) [2ms]
2026-03-03 00:10:10.011 [info] > git config --get commit.template [3ms]
2026-03-03 00:10:10.027 [info] > git for-each-ref --format=%(refname)%00%(upstream:short)%00%(objectname)%00%(upstream:track)%00%(upstream:remotename)%00%(upstream:remoteref) refs/heads/main refs/remotes/main [3ms]
2026-03-03 00:10:10.054 [info] > git status -z -uall [16ms]
2026-03-03 00:10:10.057 [info] > git for-each-ref --sort -committerdate --format %(refname)%00%(objectname)%00%(*objectname) [5ms]
2026-03-03 00:10:15.071 [info] > git config --get commit.template [4ms]
2026-03-03 00:10:15.081 [info] > git for-each-ref --format=%(refname)%00%(upstream:short)%00%(objectname)%00%(upstream:track)%00%(upstream:remotename)%00%(upstream:remoteref) refs/heads/main refs/remotes/main [2ms]
2026-03-03 00:10:15.098 [info] > git status -z -uall [11ms]
2026-03-03 00:10:15.104 [info] > git for-each-ref --sort -committerdate --format %(refname)%00%(objectname)%00%(*objectname) [8ms]
2026-03-03 00:10:20.125 [info] > git config --get commit.template [12ms]
2026-03-03 00:10:20.127 [info] > git for-each-ref --format=%(refname)%00%(upstream:short)%00%(objectname)%00%(upstream:track)%00%(upstream:remotename)%00%(upstream:remoteref) refs/heads/main refs/remotes/main [2ms]
2026-03-03 00:10:20.154 [info] > git status -z -uall [12ms]
2026-03-03 00:10:20.160 [info] > git for-each-ref --sort -committerdate --format %(refname)%00%(objectname)%00%(*objectname) [6ms]
2026-03-03 00:10:25.176 [info] > git config --get commit.template [3ms]
2026-03-03 00:10:25.185 [info] > git for-each-ref --format=%(refname)%00%(upstream:short)%00%(objectname)%00%(upstream:track)%00%(upstream:remotename)%00%(upstream:remoteref) refs/heads/main refs/remotes/main [1ms]
2026-03-03 00:10:25.214 [info] > git status -z -uall [15ms]
2026-03-03 00:10:25.218 [info] > git for-each-ref --sort -committerdate --format %(refname)%00%(objectname)%00%(*objectname) [6ms]
2026-03-03 00:10:30.945 [info] > git config --get commit.template [18ms]
2026-03-03 00:10:30.949 [info] > git for-each-ref --format=%(refname)%00%(upstream:short)%00%(objectname)%00%(upstream:track)%00%(upstream:remotename)%00%(upstream:remoteref) refs/heads/main refs/remotes/main [4ms]
2026-03-03 00:10:30.982 [info] > git status -z -uall [18ms]
2026-03-03 00:10:30.987 [info] > git for-each-ref --sort -committerdate --format %(refname)%00%(objectname)%00%(*objectname) [11ms]
2026-03-03 00:10:36.005 [info] > git config --get commit.template [9ms]
2026-03-03 00:10:36.008 [info] > git for-each-ref --format=%(refname)%00%(upstream:short)%00%(objectname)%00%(upstream:track)%00%(upstream:remotename)%00%(upstream:remoteref) refs/heads/main refs/remotes/main [3ms]
2026-03-03 00:10:36.024 [info] > git status -z -uall [10ms]
2026-03-03 00:10:36.027 [info] > git for-each-ref --sort -committerdate --format %(refname)%00%(objectname)%00%(*objectname) [3ms]
2026-03-03 00:10:41.047 [info] > git config --get commit.template [10ms]
2026-03-03 00:10:41.049 [info] > git for-each-ref --format=%(refname)%00%(upstream:short)%00%(objectname)%00%(upstream:track)%00%(upstream:remotename)%00%(upstream:remoteref) refs/heads/main refs/remotes/main [2ms]
2026-03-03 00:10:41.065 [info] > git status -z -uall [9ms]
2026-03-03 00:10:41.067 [info] > git for-each-ref --sort -committerdate --format %(refname)%00%(objectname)%00%(*objectname) [2ms]
2026-03-03 00:10:46.088 [info] > git config --get commit.template [10ms]
2026-03-03 00:10:46.090 [info] > git for-each-ref --format=%(refname)%00%(upstream:short)%00%(objectname)%00%(upstream:track)%00%(upstream:remotename)%00%(upstream:remoteref) refs/heads/main refs/remotes/main [2ms]
2026-03-03 00:10:46.108 [info] > git status -z -uall [11ms]
2026-03-03 00:10:46.111 [info] > git for-each-ref --sort -committerdate --format %(refname)%00%(objectname)%00%(*objectname) [4ms]
2026-03-03 00:10:51.123 [info] > git config --get commit.template [1ms]
2026-03-03 00:10:51.141 [info] > git for-each-ref --format=%(refname)%00%(upstream:short)%00%(objectname)%00%(upstream:track)%00%(upstream:remotename)%00%(upstream:remoteref) refs/heads/main refs/remotes/main [2ms]
2026-03-03 00:10:51.163 [info] > git status -z -uall [14ms]
2026-03-03 00:10:51.166 [info] > git for-each-ref --sort -committerdate --format %(refname)%00%(objectname)%00%(*objectname) [5ms]
2026-03-03 00:10:56.179 [info] > git config --get commit.template [2ms]
2026-03-03 00:10:56.190 [info] > git for-each-ref --format=%(refname)%00%(upstream:short)%00%(objectname)%00%(upstream:track)%00%(upstream:remotename)%00%(upstream:remoteref) refs/heads/main refs/remotes/main [2ms]
2026-03-03 00:10:56.208 [info] > git status -z -uall [11ms]
2026-03-03 00:10:56.212 [info] > git for-each-ref --sort -committerdate --format %(refname)%00%(objectname)%00%(*objectname) [6ms]
2026-03-03 00:11:01.225 [info] > git config --get commit.template [5ms]
2026-03-03 00:11:01.241 [info] > git for-each-ref --format=%(refname)%00%(upstream:short)%00%(objectname)%00%(upstream:track)%00%(upstream:remotename)%00%(upstream:remoteref) refs/heads/main refs/remotes/main [3ms]
2026-03-03 00:11:01.262 [info] > git status -z -uall [9ms]
2026-03-03 00:11:01.264 [info] > git for-each-ref --sort -committerdate --format %(refname)%00%(objectname)%00%(*objectname) [2ms]
2026-03-03 00:11:06.277 [info] > git config --get commit.template [2ms]
2026-03-03 00:11:06.286 [info] > git for-each-ref --format=%(refname)%00%(upstream:short)%00%(objectname)%00%(upstream:track)%00%(upstream:remotename)%00%(upstream:remoteref) refs/heads/main refs/remotes/main [1ms]
2026-03-03 00:11:06.312 [info] > git status -z -uall [12ms]
2026-03-03 00:11:06.315 [info] > git for-each-ref --sort -committerdate --format %(refname)%00%(objectname)%00%(*objectname) [4ms]
2026-03-03 00:11:11.338 [info] > git config --get commit.template [13ms]
2026-03-03 00:11:11.340 [info] > git for-each-ref --format=%(refname)%00%(upstream:short)%00%(objectname)%00%(upstream:track)%00%(upstream:remotename)%00%(upstream:remoteref) refs/heads/main refs/remotes/main [2ms]
2026-03-03 00:11:11.368 [info] > git status -z -uall [16ms]
2026-03-03 00:11:11.370 [info] > git for-each-ref --sort -committerdate --format %(refname)%00%(objectname)%00%(*objectname) [3ms]
2026-03-03 00:11:16.385 [info] > git config --get commit.template [5ms]
2026-03-03 00:11:16.394 [info] > git for-each-ref --format=%(refname)%00%(upstream:short)%00%(objectname)%00%(upstream:track)%00%(upstream:remotename)%00%(upstream:remoteref) refs/heads/main refs/remotes/main [1ms]
2026-03-03 00:11:16.417 [info] > git status -z -uall [13ms]
2026-03-03 00:11:16.420 [info] > git for-each-ref --sort -committerdate --format %(refname)%00%(objectname)%00%(*objectname) [6ms]
2026-03-03 00:11:21.433 [info] > git config --get commit.template [1ms]
2026-03-03 00:11:21.447 [info] > git for-each-ref --format=%(refname)%00%(upstream:short)%00%(objectname)%00%(upstream:track)%00%(upstream:remotename)%00%(upstream:remoteref) refs/heads/main refs/remotes/main [2ms]
2026-03-03 00:11:21.473 [info] > git status -z -uall [14ms]
2026-03-03 00:11:21.476 [info] > git for-each-ref --sort -committerdate --format %(refname)%00%(objectname)%00%(*objectname) [4ms]
2026-03-03 00:14:23.133 [info] > git config --get commit.template [3ms]
2026-03-03 00:14:23.143 [info] > git for-each-ref --format=%(refname)%00%(upstream:short)%00%(objectname)%00%(upstream:track)%00%(upstream:remotename)%00%(upstream:remoteref) refs/heads/main refs/remotes/main [2ms]
2026-03-03 00:14:23.159 [info] > git status -z -uall [9ms]
2026-03-03 00:14:23.161 [info] > git for-each-ref --sort -committerdate --format %(refname)%00%(objectname)%00%(*objectname) [2ms]
2026-03-03 00:15:27.837 [info] > git check-ignore -v -z --stdin [1ms]
2026-03-03 00:15:28.348 [info] > git config --get commit.template [17ms]
2026-03-03 00:15:28.348 [info] > git for-each-ref --format=%(refname)%00%(upstream:short)%00%(objectname)%00%(upstream:track)%00%(upstream:remotename)%00%(upstream:remoteref) refs/heads/main refs/remotes/main [2ms]
2026-03-03 00:15:28.370 [info] > git status -z -uall [8ms]
2026-03-03 00:15:28.376 [info] > git for-each-ref --sort -committerdate --format %(refname)%00%(objectname)%00%(*objectname) [6ms]
2026-03-03 00:15:40.901 [info] > git config --get commit.template [16ms]
2026-03-03 00:15:40.902 [info] > git for-each-ref --format=%(refname)%00%(upstream:short)%00%(objectname)%00%(upstream:track)%00%(upstream:remotename)%00%(upstream:remoteref) refs/heads/main refs/remotes/main [1ms]
2026-03-03 00:15:40.933 [info] > git status -z -uall [23ms]
2026-03-03 00:15:40.939 [info] > git for-each-ref --sort -committerdate --format %(refname)%00%(objectname)%00%(*objectname) [7ms]
2026-03-03 00:15:45.951 [info] > git config --get commit.template [5ms]
2026-03-03 00:15:45.959 [info] > git for-each-ref --format=%(refname)%00%(upstream:short)%00%(objectname)%00%(upstream:track)%00%(upstream:remotename)%00%(upstream:remoteref) refs/heads/main refs/remotes/main [1ms]
2026-03-03 00:15:45.976 [info] > git status -z -uall [10ms]
2026-03-03 00:15:45.977 [info] > git for-each-ref --sort -committerdate --format %(refname)%00%(objectname)%00%(*objectname) [2ms]
2026-03-03 00:16:17.002 [info] > git config --get commit.template [4ms]
2026-03-03 00:16:17.013 [info] > git for-each-ref --format=%(refname)%00%(upstream:short)%00%(objectname)%00%(upstream:track)%00%(upstream:remotename)%00%(upstream:remoteref) refs/heads/main refs/remotes/main [2ms]
2026-03-03 00:16:17.032 [info] > git status -z -uall [12ms]
2026-03-03 00:16:17.033 [info] > git for-each-ref --sort -committerdate --format %(refname)%00%(objectname)%00%(*objectname) [4ms]
2026-03-03 00:16:44.985 [info] > git config --get commit.template [18ms]
2026-03-03 00:16:44.986 [info] > git for-each-ref --format=%(refname)%00%(upstream:short)%00%(objectname)%00%(upstream:track)%00%(upstream:remotename)%00%(upstream:remoteref) refs/heads/main refs/remotes/main [4ms]
2026-03-03 00:16:45.011 [info] > git status -z -uall [12ms]
2026-03-03 00:16:45.015 [info] > git for-each-ref --sort -committerdate --format %(refname)%00%(objectname)%00%(*objectname) [5ms]
2026-03-03 00:16:50.033 [info] > git config --get commit.template [5ms]
2026-03-03 00:16:50.044 [info] > git for-each-ref --format=%(refname)%00%(upstream:short)%00%(objectname)%00%(upstream:track)%00%(upstream:remotename)%00%(upstream:remoteref) refs/heads/main refs/remotes/main [3ms]
2026-03-03 00:16:50.073 [info] > git status -z -uall [18ms]
2026-03-03 00:16:50.077 [info] > git for-each-ref --sort -committerdate --format %(refname)%00%(objectname)%00%(*objectname) [6ms]
2026-03-03 00:16:55.091 [info] > git config --get commit.template [4ms]
2026-03-03 00:16:55.106 [info] > git for-each-ref --format=%(refname)%00%(upstream:short)%00%(objectname)%00%(upstream:track)%00%(upstream:remotename)%00%(upstream:remoteref) refs/heads/main refs/remotes/main [2ms]
2026-03-03 00:16:55.129 [info] > git status -z -uall [12ms]
2026-03-03 00:16:55.129 [info] > git for-each-ref --sort -committerdate --format %(refname)%00%(objectname)%00%(*objectname) [3ms]
2026-03-03 00:17:07.738 [info] > git config --get commit.template [4ms]
2026-03-03 00:17:07.747 [info] > git for-each-ref --format=%(refname)%00%(upstream:short)%00%(objectname)%00%(upstream:track)%00%(upstream:remotename)%00%(upstream:remoteref) refs/heads/main refs/remotes/main [2ms]
2026-03-03 00:17:07.769 [info] > git status -z -uall [15ms]
2026-03-03 00:17:07.773 [info] > git for-each-ref --sort -committerdate --format %(refname)%00%(objectname)%00%(*objectname) [3ms]
2026-03-03 00:17:15.733 [info] > git config --get commit.template [1ms]
2026-03-03 00:17:15.751 [info] > git for-each-ref --format=%(refname)%00%(upstream:short)%00%(objectname)%00%(upstream:track)%00%(upstream:remotename)%00%(upstream:remoteref) refs/heads/main refs/remotes/main [4ms]
2026-03-03 00:17:15.776 [info] > git status -z -uall [12ms]
2026-03-03 00:17:15.780 [info] > git for-each-ref --sort -committerdate --format %(refname)%00%(objectname)%00%(*objectname) [4ms]
2026-03-03 00:17:20.791 [info] > git config --get commit.template [0ms]
2026-03-03 00:17:20.807 [info] > git for-each-ref --format=%(refname)%00%(upstream:short)%00%(objectname)%00%(upstream:track)%00%(upstream:remotename)%00%(upstream:remoteref) refs/heads/main refs/remotes/main [2ms]
2026-03-03 00:17:20.831 [info] > git status -z -uall [12ms]
2026-03-03 00:17:20.831 [info] > git for-each-ref --sort -committerdate --format %(refname)%00%(objectname)%00%(*objectname) [2ms]
2026-03-03 00:17:46.169 [info] > git check-ignore -v -z --stdin [2ms]
2026-03-03 00:17:46.243 [info] > git show --textconv :trivia/index.html [13ms]
2026-03-03 00:17:46.250 [info] > git ls-files --stage -- trivia/index.html [10ms]
2026-03-03 00:17:46.264 [info] > git cat-file -s 08cea3334149dc5f83aad2eab19c51fa010063f9 [6ms]
2026-03-03 00:17:46.368 [info] > git blame --root --incremental 71180f2965edd71d2fbd4ecada0bb4290213be6f -- trivia/index.html [3ms]
2026-03-03 00:18:04.139 [info] > git check-ignore -v -z --stdin [5ms]
2026-03-03 00:18:04.215 [info] > git show --textconv :trivia/styles.css [12ms]
2026-03-03 00:18:04.219 [info] > git ls-files --stage -- trivia/styles.css [8ms]
2026-03-03 00:18:04.230 [info] > git cat-file -s de7b706e74112c8d7e8bbe1745e8839f2a7e4edf [2ms]
2026-03-03 00:18:04.305 [info] > git blame --root --incremental 71180f2965edd71d2fbd4ecada0bb4290213be6f -- trivia/styles.css [4ms]
2026-03-03 00:18:05.810 [info] > git check-ignore -v -z --stdin [2ms]
2026-03-03 00:18:11.814 [info] > git config --get commit.template [1ms]
2026-03-03 00:18:11.829 [info] > git for-each-ref --format=%(refname)%00%(upstream:short)%00%(objectname)%00%(upstream:track)%00%(upstream:remotename)%00%(upstream:remoteref) refs/heads/main refs/remotes/main [2ms]
2026-03-03 00:18:11.847 [info] > git status -z -uall [9ms]
2026-03-03 00:18:11.853 [info] > git for-each-ref --sort -committerdate --format %(refname)%00%(objectname)%00%(*objectname) [7ms]
2026-03-03 00:18:18.771 [info] > git config --get commit.template [2ms]
2026-03-03 00:18:18.781 [info] > git for-each-ref --format=%(refname)%00%(upstream:short)%00%(objectname)%00%(upstream:track)%00%(upstream:remotename)%00%(upstream:remoteref) refs/heads/main refs/remotes/main [1ms]
2026-03-03 00:18:18.801 [info] > git status -z -uall [10ms]
2026-03-03 00:18:18.812 [info] > git for-each-ref --sort -committerdate --format %(refname)%00%(objectname)%00%(*objectname) [13ms]
2026-03-03 00:18:23.842 [info] > git config --get commit.template [15ms]
2026-03-03 00:18:23.844 [info] > git for-each-ref --format=%(refname)%00%(upstream:short)%00%(objectname)%00%(upstream:track)%00%(upstream:remotename)%00%(upstream:remoteref) refs/heads/main refs/remotes/main [2ms]
2026-03-03 00:18:23.868 [info] > git status -z -uall [13ms]
2026-03-03 00:18:23.874 [info] > git for-each-ref --sort -committerdate --format %(refname)%00%(objectname)%00%(*objectname) [6ms]
2026-03-03 00:18:30.951 [info] > git config --get commit.template [26ms]
2026-03-03 00:18:30.952 [info] > git for-each-ref --format=%(refname)%00%(upstream:short)%00%(objectname)%00%(upstream:track)%00%(upstream:remotename)%00%(upstream:remoteref) refs/heads/main refs/remotes/main [5ms]
2026-03-03 00:18:30.972 [info] > git status -z -uall [13ms]
2026-03-03 00:18:30.975 [info] > git for-each-ref --sort -committerdate --format %(refname)%00%(objectname)%00%(*objectname) [5ms]
2026-03-03 00:18:35.995 [info] > git config --get commit.template [4ms]
2026-03-03 00:18:36.010 [info] > git for-each-ref --format=%(refname)%00%(upstream:short)%00%(objectname)%00%(upstream:track)%00%(upstream:remotename)%00%(upstream:remoteref) refs/heads/main refs/remotes/main [2ms]
2026-03-03 00:18:36.036 [info] > git status -z -uall [13ms]
2026-03-03 00:18:36.036 [info] > git for-each-ref --sort -committerdate --format %(refname)%00%(objectname)%00%(*objectname) [3ms]
2026-03-03 00:18:41.051 [info] > git config --get commit.template [5ms]
2026-03-03 00:18:41.066 [info] > git for-each-ref --format=%(refname)%00%(upstream:short)%00%(objectname)%00%(upstream:track)%00%(upstream:remotename)%00%(upstream:remoteref) refs/heads/main refs/remotes/main [1ms]
2026-03-03 00:18:41.093 [info] > git status -z -uall [15ms]
2026-03-03 00:18:41.094 [info] > git for-each-ref --sort -committerdate --format %(refname)%00%(objectname)%00%(*objectname) [2ms]
2026-03-03 00:18:46.106 [info] > git config --get commit.template [2ms]
2026-03-03 00:18:46.118 [info] > git for-each-ref --format=%(refname)%00%(upstream:short)%00%(objectname)%00%(upstream:track)%00%(upstream:remotename)%00%(upstream:remoteref) refs/heads/main refs/remotes/main [2ms]
2026-03-03 00:18:46.146 [info] > git status -z -uall [15ms]
2026-03-03 00:18:46.147 [info] > git for-each-ref --sort -committerdate --format %(refname)%00%(objectname)%00%(*objectname) [2ms]
2026-03-03 00:18:51.167 [info] > git config --get commit.template [12ms]
2026-03-03 00:18:51.168 [info] > git for-each-ref --format=%(refname)%00%(upstream:short)%00%(objectname)%00%(upstream:track)%00%(upstream:remotename)%00%(upstream:remoteref) refs/heads/main refs/remotes/main [1ms]
2026-03-03 00:18:51.192 [info] > git status -z -uall [12ms]
2026-03-03 00:18:51.196 [info] > git for-each-ref --sort -committerdate --format %(refname)%00%(objectname)%00%(*objectname) [5ms]
2026-03-03 00:18:56.208 [info] > git config --get commit.template [1ms]
2026-03-03 00:18:56.225 [info] > git for-each-ref --format=%(refname)%00%(upstream:short)%00%(objectname)%00%(upstream:track)%00%(upstream:remotename)%00%(upstream:remoteref) refs/heads/main refs/remotes/main [4ms]
2026-03-03 00:18:56.256 [info] > git status -z -uall [16ms]
2026-03-03 00:18:56.258 [info] > git for-each-ref --sort -committerdate --format %(refname)%00%(objectname)%00%(*objectname) [3ms]
2026-03-03 00:19:01.268 [info] > git config --get commit.template [2ms]
2026-03-03 00:19:01.286 [info] > git for-each-ref --format=%(refname)%00%(upstream:short)%00%(objectname)%00%(upstream:track)%00%(upstream:remotename)%00%(upstream:remoteref) refs/heads/main refs/remotes/main [4ms]
2026-03-03 00:19:01.312 [info] > git status -z -uall [15ms]
2026-03-03 00:19:01.314 [info] > git for-each-ref --sort -committerdate --format %(refname)%00%(objectname)%00%(*objectname) [4ms]
2026-03-03 00:20:27.509 [info] > git config --get commit.template [0ms]
2026-03-03 00:20:27.523 [info] > git for-each-ref --format=%(refname)%00%(upstream:short)%00%(objectname)%00%(upstream:track)%00%(upstream:remotename)%00%(upstream:remoteref) refs/heads/main refs/remotes/main [2ms]
2026-03-03 00:20:27.543 [info] > git status -z -uall [9ms]
2026-03-03 00:20:27.544 [info] > git for-each-ref --sort -committerdate --format %(refname)%00%(objectname)%00%(*objectname) [1ms]
2026-03-03 00:21:06.500 [info] > git check-ignore -v -z --stdin [1ms]
2026-03-03 00:21:06.641 [info] > git show --textconv :trivia/index.html [15ms]
2026-03-03 00:21:06.642 [info] > git ls-files --stage -- trivia/index.html [2ms]
2026-03-03 00:21:06.656 [info] > git cat-file -s 08cea3334149dc5f83aad2eab19c51fa010063f9 [1ms]
2026-03-03 00:21:27.350 [info] > git check-ignore -v -z --stdin [3ms]
2026-03-03 00:21:27.416 [info] > git show --textconv :trivia/styles.css [13ms]
2026-03-03 00:21:27.417 [info] > git ls-files --stage -- trivia/styles.css [4ms]
2026-03-03 00:21:27.426 [info] > git cat-file -s de7b706e74112c8d7e8bbe1745e8839f2a7e4edf [3ms]
2026-03-03 00:21:32.478 [info] > git check-ignore -v -z --stdin [4ms]
2026-03-03 00:21:42.948 [info] > git check-ignore -v -z --stdin [4ms]
2026-03-03 00:21:52.316 [info] > git check-ignore -v -z --stdin [3ms]
2026-03-03 00:26:52.576 [info] > git config --get commit.template [2ms]
2026-03-03 00:26:52.592 [info] > git for-each-ref --format=%(refname)%00%(upstream:short)%00%(objectname)%00%(upstream:track)%00%(upstream:remotename)%00%(upstream:remoteref) refs/heads/main refs/remotes/main [4ms]
2026-03-03 00:26:52.617 [info] > git status -z -uall [14ms]
2026-03-03 00:26:52.620 [info] > git for-each-ref --sort -committerdate --format %(refname)%00%(objectname)%00%(*objectname) [3ms]
2026-03-03 00:26:57.632 [info] > git config --get commit.template [0ms]
2026-03-03 00:26:57.654 [info] > git for-each-ref --format=%(refname)%00%(upstream:short)%00%(objectname)%00%(upstream:track)%00%(upstream:remotename)%00%(upstream:remoteref) refs/heads/main refs/remotes/main [3ms]
2026-03-03 00:26:57.677 [info] > git status -z -uall [14ms]
2026-03-03 00:26:57.681 [info] > git for-each-ref --sort -committerdate --format %(refname)%00%(objectname)%00%(*objectname) [5ms]
2026-03-03 00:27:10.306 [info] > git config --get commit.template [4ms]
2026-03-03 00:27:10.315 [info] > git for-each-ref --format=%(refname)%00%(upstream:short)%00%(objectname)%00%(upstream:track)%00%(upstream:remotename)%00%(upstream:remoteref) refs/heads/main refs/remotes/main [2ms]
2026-03-03 00:27:10.332 [info] > git status -z -uall [10ms]
2026-03-03 00:27:10.337 [info] > git for-each-ref --sort -committerdate --format %(refname)%00%(objectname)%00%(*objectname) [7ms]
2026-03-03 00:28:05.644 [info] > git check-ignore -v -z --stdin [5ms]
2026-03-03 00:28:05.740 [info] > git show --textconv :trivia/index.html [16ms]
2026-03-03 00:28:05.743 [info] > git ls-files --stage -- trivia/index.html [5ms]
2026-03-03 00:28:05.759 [info] > git cat-file -s 08cea3334149dc5f83aad2eab19c51fa010063f9 [2ms]
2026-03-03 00:28:27.873 [info] > git config --get commit.template [4ms]
2026-03-03 00:28:27.883 [info] > git for-each-ref --format=%(refname)%00%(upstream:short)%00%(objectname)%00%(upstream:track)%00%(upstream:remotename)%00%(upstream:remoteref) refs/heads/main refs/remotes/main [1ms]
2026-03-03 00:28:27.900 [info] > git status -z -uall [10ms]
2026-03-03 00:28:27.901 [info] > git for-each-ref --sort -committerdate --format %(refname)%00%(objectname)%00%(*objectname) [2ms]
2026-03-03 00:29:10.185 [info] > git config --get commit.template [16ms]
2026-03-03 00:29:10.185 [info] > git for-each-ref --format=%(refname)%00%(upstream:short)%00%(objectname)%00%(upstream:track)%00%(upstream:remotename)%00%(upstream:remoteref) refs/heads/main refs/remotes/main [2ms]
2026-03-03 00:29:10.215 [info] > git status -z -uall [19ms]
2026-03-03 00:29:10.221 [info] > git for-each-ref --sort -committerdate --format %(refname)%00%(objectname)%00%(*objectname) [7ms]
2026-03-03 00:29:37.337 [info] > git config --get commit.template [2ms]
2026-03-03 00:29:37.348 [info] > git for-each-ref --format=%(refname)%00%(upstream:short)%00%(objectname)%00%(upstream:track)%00%(upstream:remotename)%00%(upstream:remoteref) refs/heads/main refs/remotes/main [2ms]
2026-03-03 00:29:37.365 [info] > git status -z -uall [10ms]
2026-03-03 00:29:37.366 [info] > git for-each-ref --sort -committerdate --format %(refname)%00%(objectname)%00%(*objectname) [3ms]
2026-03-03 00:29:47.127 [info] > git for-each-ref --format=%(refname)%00%(upstream:short)%00%(objectname)%00%(upstream:track)%00%(upstream:remotename)%00%(upstream:remoteref) refs/heads/main refs/remotes/main [3ms]
2026-03-03 00:29:47.127 [info] > git config --get commit.template [18ms]
2026-03-03 00:29:47.157 [info] > git status -z -uall [16ms]
2026-03-03 00:29:47.160 [info] > git for-each-ref --sort -committerdate --format %(refname)%00%(objectname)%00%(*objectname) [3ms]
2026-03-03 00:29:55.818 [info] > git config --get commit.template [1ms]
2026-03-03 00:29:55.840 [info] > git for-each-ref --format=%(refname)%00%(upstream:short)%00%(objectname)%00%(upstream:track)%00%(upstream:remotename)%00%(upstream:remoteref) refs/heads/main refs/remotes/main [4ms]
2026-03-03 00:29:55.868 [info] > git status -z -uall [14ms]
2026-03-03 00:29:55.870 [info] > git for-each-ref --sort -committerdate --format %(refname)%00%(objectname)%00%(*objectname) [3ms]
2026-03-03 00:30:07.226 [info] > git config --get commit.template [2ms]
2026-03-03 00:30:07.237 [info] > git for-each-ref --format=%(refname)%00%(upstream:short)%00%(objectname)%00%(upstream:track)%00%(upstream:remotename)%00%(upstream:remoteref) refs/heads/main refs/remotes/main [2ms]
2026-03-03 00:30:07.261 [info] > git status -z -uall [14ms]
2026-03-03 00:30:07.264 [info] > git for-each-ref --sort -committerdate --format %(refname)%00%(objectname)%00%(*objectname) [9ms]
2026-03-03 00:30:16.454 [info] > git config --get commit.template [3ms]
2026-03-03 00:30:16.467 [info] > git for-each-ref --format=%(refname)%00%(upstream:short)%00%(objectname)%00%(upstream:track)%00%(upstream:remotename)%00%(upstream:remoteref) refs/heads/main refs/remotes/main [4ms]
2026-03-03 00:30:16.488 [info] > git status -z -uall [12ms]
2026-03-03 00:30:16.490 [info] > git for-each-ref --sort -committerdate --format %(refname)%00%(objectname)%00%(*objectname) [2ms]
2026-03-03 00:30:38.617 [info] > git config --get commit.template [0ms]
2026-03-03 00:30:38.627 [info] > git for-each-ref --format=%(refname)%00%(upstream:short)%00%(objectname)%00%(upstream:track)%00%(upstream:remotename)%00%(upstream:remoteref) refs/heads/main refs/remotes/main [2ms]
2026-03-03 00:30:38.647 [info] > git status -z -uall [12ms]
2026-03-03 00:30:38.647 [info] > git for-each-ref --sort -committerdate --format %(refname)%00%(objectname)%00%(*objectname) [3ms]
2026-03-03 00:30:43.660 [info] > git config --get commit.template [1ms]
2026-03-03 00:30:43.669 [info] > git for-each-ref --format=%(refname)%00%(upstream:short)%00%(objectname)%00%(upstream:track)%00%(upstream:remotename)%00%(upstream:remoteref) refs/heads/main refs/remotes/main [1ms]
2026-03-03 00:30:43.687 [info] > git status -z -uall [10ms]
2026-03-03 00:30:43.693 [info] > git for-each-ref --sort -committerdate --format %(refname)%00%(objectname)%00%(*objectname) [9ms]
2026-03-03 00:30:53.370 [info] > git config --get commit.template [6ms]
2026-03-03 00:30:53.381 [info] > git for-each-ref --format=%(refname)%00%(upstream:short)%00%(objectname)%00%(upstream:track)%00%(upstream:remotename)%00%(upstream:remoteref) refs/heads/main refs/remotes/main [3ms]
2026-03-03 00:30:53.401 [info] > git status -z -uall [11ms]
2026-03-03 00:30:53.401 [info] > git for-each-ref --sort -committerdate --format %(refname)%00%(objectname)%00%(*objectname) [1ms]
