2026-03-02 01:27:49.505 [warning] /home/codespace/.ssh/config: ENOENT: no such file or directory, open '/home/codespace/.ssh/config'
2026-03-02 01:27:49.505 [info] [Activation] Extension version: 0.128.0
2026-03-02 01:27:51.065 [info] [Authentication] Creating hub for .com
2026-03-02 01:27:51.627 [info] [Activation] Registering built in git provider.
2026-03-02 01:27:51.627 [info] [Activation] Looking for git repository
2026-03-02 01:27:51.627 [info] [Activation] Found 0 repositories during activation
2026-03-02 01:27:51.627 [info] [Activation] Git repository found, initializing review manager and pr tree view.
2026-03-02 01:27:51.726 [info] [GitAPI] Registering git provider
2026-03-02 01:27:51.726 [info] [Review+0] Validate state in progress
2026-03-02 01:27:51.726 [info] [Review+0] Validating state...
2026-03-02 01:27:52.111 [info] [FolderRepositoryManager+0] Found GitHub remote for folder /workspaces/C-Projects
2026-03-02 01:27:52.166 [info] [GitPostCommitCommands] Trying to register post commit commands.
2026-03-02 01:27:52.166 [info] [GitPostCommitCommands] GitHub remote(s) found, registering post commit commands.
2026-03-02 01:27:52.166 [info] [GitPostCommitCommands] Looking for remote. Comparing 1 local repo remotes with 1 GitHub repositories.
2026-03-02 01:27:52.166 [info] [GitPostCommitCommands] Found a repo when getting post commit commands.
2026-03-02 01:27:52.166 [info] [GitPostCommitCommands] Looking for remote. Comparing 1 local repo remotes with 1 GitHub repositories.
2026-03-02 01:27:52.166 [info] [GitPostCommitCommands] Found a repo when getting post commit commands.
2026-03-02 01:27:52.426 [info] [GitPostCommitCommands] Looking for remote. Comparing 1 local repo remotes with 1 GitHub repositories.
2026-03-02 01:27:52.426 [info] [GitPostCommitCommands] Found a repo when getting post commit commands.
2026-03-02 01:27:52.426 [info] [GitPostCommitCommands] Looking for remote. Comparing 1 local repo remotes with 1 GitHub repositories.
2026-03-02 01:27:52.426 [info] [GitPostCommitCommands] Found a repo when getting post commit commands.
2026-03-02 01:27:52.638 [info] [FolderRepositoryManager+0] Trying to use globalState for assignableUsers.
2026-03-02 01:27:52.697 [info] [Review+0] No matching pull request metadata found locally for current branch main
2026-03-02 01:27:52.846 [info] [FolderRepositoryManager+0] Using globalState assignableUsers for 1.
2026-03-02 01:27:53.023 [info] [Review+0] No matching pull request metadata found on GitHub for current branch main
2026-03-02 01:28:07.303 [info] [Activation] Repo state for file:///workspaces/C-Projects changed.
2026-03-02 01:28:07.303 [info] [Activation] Repo file:///workspaces/C-Projects has already been setup.
