2026-03-17 00:13:00.788 [info] Reading sessions from keychain...
2026-03-17 00:13:00.788 [info] Got stored sessions!
2026-03-17 00:13:00.789 [info] Got 6 verified sessions.
2026-03-17 00:13:00.789 [info] Getting sessions for all scopes...
2026-03-17 00:13:00.789 [info] Got 6 sessions for ...
2026-03-17 00:13:00.789 [info] Getting sessions for all scopes...
2026-03-17 00:13:00.789 [info] Got 6 sessions for ...
2026-03-17 00:13:00.789 [info] Getting sessions for all scopes...
2026-03-17 00:13:00.789 [info] Got 6 sessions for ...
2026-03-17 00:13:00.789 [info] Getting sessions for all scopes...
2026-03-17 00:13:00.789 [info] Got 6 sessions for ...
2026-03-17 00:13:00.789 [info] Getting sessions for user:email...
2026-03-17 00:13:00.789 [info] Got 1 sessions for user:email...
2026-03-17 00:13:00.789 [info] Getting sessions for codespace,read:user,repo,user:email...
2026-03-17 00:13:00.789 [info] Got 1 sessions for codespace,read:user,repo,user:email...
2026-03-17 00:13:00.789 [info] Getting sessions for all scopes...
2026-03-17 00:13:00.789 [info] Got 6 sessions for ...
2026-03-17 00:13:00.789 [info] Getting sessions for all scopes...
2026-03-17 00:13:00.789 [info] Got 6 sessions for ...
2026-03-17 00:13:01.246 [info] Getting sessions for all scopes...
2026-03-17 00:13:01.247 [info] Got 6 sessions for ...
2026-03-17 00:13:01.544 [info] Getting sessions for all scopes...
2026-03-17 00:13:01.544 [info] Got 6 sessions for ...
2026-03-17 00:13:01.868 [info] Getting sessions for project,read:org,read:user,repo,user:email,workflow...
2026-03-17 00:13:01.868 [info] Got 0 sessions for project,read:org,read:user,repo,user:email,workflow...
2026-03-17 00:13:01.868 [info] Getting sessions for all scopes...
2026-03-17 00:13:01.868 [info] Got 6 sessions for ...
2026-03-17 00:13:01.920 [info] FetcherService: Node fetch failed with status: 429 Too Many Requests
2026-03-17 00:13:01.922 [info] Unable to resolve optional EDU details. Status: 429 Too Many Requests
2026-03-17 00:13:02.178 [info] Getting sessions for all scopes...
2026-03-17 00:13:02.178 [info] Got 6 sessions for ...
2026-03-17 00:13:02.534 [info] Getting sessions for read:user,repo,user:email,workflow...
2026-03-17 00:13:02.534 [info] Got 1 sessions for read:user,repo,user:email,workflow...
2026-03-17 00:13:02.534 [info] Getting sessions for all scopes...
2026-03-17 00:13:02.534 [info] Got 6 sessions for ...
2026-03-17 00:13:02.628 [info] Getting sessions for read:user,repo,user:email,workflow...
2026-03-17 00:13:02.628 [info] Got 1 sessions for read:user,repo,user:email,workflow...
2026-03-17 00:13:23.653 [info] Getting sessions for all scopes...
2026-03-17 00:13:23.653 [info] Got 6 sessions for ...
2026-03-17 00:13:23.728 [info] Getting sessions for all scopes...
2026-03-17 00:13:23.728 [info] Got 6 sessions for ...
2026-03-17 00:13:31.527 [info] Getting sessions for all scopes...
2026-03-17 00:13:31.527 [info] Got 6 sessions for ...
2026-03-17 00:13:31.567 [info] Getting sessions for all scopes...
2026-03-17 00:13:31.567 [info] Got 6 sessions for ...
2026-03-17 00:13:32.925 [info] Getting sessions for all scopes...
2026-03-17 00:13:32.925 [info] Got 6 sessions for ...
2026-03-17 00:13:32.971 [info] Getting sessions for all scopes...
2026-03-17 00:13:32.971 [info] Got 6 sessions for ...
2026-03-17 00:15:26.914 [info] Getting sessions for all scopes...
2026-03-17 00:15:26.914 [info] Got 6 sessions for ...
2026-03-17 00:15:26.988 [info] Getting sessions for all scopes...
2026-03-17 00:15:26.988 [info] Got 6 sessions for ...
2026-03-17 00:36:26.333 [info] Getting sessions for all scopes...
2026-03-17 00:36:26.334 [info] Got 6 sessions for ...
2026-03-17 00:36:26.403 [info] Getting sessions for all scopes...
2026-03-17 00:36:26.403 [info] Got 6 sessions for ...
2026-03-17 00:36:26.448 [info] Getting sessions for all scopes...
2026-03-17 00:36:26.448 [info] Got 6 sessions for ...
2026-03-17 00:36:26.492 [info] Getting sessions for all scopes...
2026-03-17 00:36:26.493 [info] Got 6 sessions for ...
2026-03-17 00:37:08.419 [info] Getting sessions for all scopes...
2026-03-17 00:37:08.420 [info] Got 6 sessions for ...
2026-03-17 00:37:08.483 [info] Getting sessions for all scopes...
2026-03-17 00:37:08.483 [info] Got 6 sessions for ...
2026-03-17 00:37:40.820 [info] Getting sessions for all scopes...
2026-03-17 00:37:40.820 [info] Got 6 sessions for ...
2026-03-17 00:37:40.862 [info] Getting sessions for all scopes...
2026-03-17 00:37:40.862 [info] Got 6 sessions for ...
2026-03-17 00:37:41.913 [info] Getting sessions for all scopes...
2026-03-17 00:37:41.913 [info] Got 6 sessions for ...
2026-03-17 00:37:41.980 [info] Getting sessions for all scopes...
2026-03-17 00:37:41.980 [info] Got 6 sessions for ...
2026-03-17 00:37:44.662 [info] Getting sessions for all scopes...
2026-03-17 00:37:44.662 [info] Got 6 sessions for ...
2026-03-17 00:37:44.703 [info] Getting sessions for all scopes...
2026-03-17 00:37:44.703 [info] Got 6 sessions for ...
2026-03-17 00:37:49.833 [info] Getting sessions for all scopes...
2026-03-17 00:37:49.833 [info] Got 6 sessions for ...
2026-03-17 00:37:49.878 [info] Getting sessions for all scopes...
2026-03-17 00:37:49.878 [info] Got 6 sessions for ...
2026-03-17 00:38:08.992 [info] Getting sessions for all scopes...
2026-03-17 00:38:08.992 [info] Got 6 sessions for ...
2026-03-17 00:38:09.041 [info] Getting sessions for all scopes...
2026-03-17 00:38:09.041 [info] Got 6 sessions for ...
2026-03-17 00:38:33.023 [info] Getting sessions for all scopes...
2026-03-17 00:38:33.023 [info] Got 6 sessions for ...
2026-03-17 00:38:33.098 [info] Getting sessions for all scopes...
2026-03-17 00:38:33.098 [info] Got 6 sessions for ...
2026-03-17 00:38:55.967 [info] Getting sessions for all scopes...
2026-03-17 00:38:55.967 [info] Got 6 sessions for ...
2026-03-17 00:38:56.015 [info] Getting sessions for all scopes...
2026-03-17 00:38:56.015 [info] Got 6 sessions for ...
2026-03-17 00:39:33.513 [info] Getting sessions for all scopes...
2026-03-17 00:39:33.513 [info] Got 6 sessions for ...
2026-03-17 00:39:33.563 [info] Getting sessions for all scopes...
2026-03-17 00:39:33.563 [info] Got 6 sessions for ...
2026-03-17 00:39:51.839 [info] Getting sessions for all scopes...
2026-03-17 00:39:51.839 [info] Got 6 sessions for ...
2026-03-17 00:39:51.899 [info] Getting sessions for all scopes...
2026-03-17 00:39:51.899 [info] Got 6 sessions for ...
2026-03-17 00:39:54.558 [info] Getting sessions for all scopes...
2026-03-17 00:39:54.558 [info] Got 6 sessions for ...
2026-03-17 00:39:54.624 [info] Getting sessions for all scopes...
2026-03-17 00:39:54.624 [info] Got 6 sessions for ...
2026-03-17 00:40:03.213 [info] Getting sessions for all scopes...
2026-03-17 00:40:03.213 [info] Got 6 sessions for ...
2026-03-17 00:40:03.265 [info] Getting sessions for all scopes...
2026-03-17 00:40:03.265 [info] Got 6 sessions for ...
2026-03-17 00:40:27.822 [info] Getting sessions for all scopes...
2026-03-17 00:40:27.822 [info] Got 6 sessions for ...
2026-03-17 00:40:27.858 [info] Getting sessions for all scopes...
2026-03-17 00:40:27.858 [info] Got 6 sessions for ...
2026-03-17 00:40:28.757 [info] Getting sessions for all scopes...
2026-03-17 00:40:28.757 [info] Got 6 sessions for ...
2026-03-17 00:40:28.797 [info] Getting sessions for all scopes...
2026-03-17 00:40:28.797 [info] Got 6 sessions for ...
2026-03-17 00:40:33.559 [info] Getting sessions for all scopes...
2026-03-17 00:40:33.559 [info] Got 6 sessions for ...
2026-03-17 00:40:36.823 [info] Getting sessions for all scopes...
2026-03-17 00:40:36.823 [info] Got 6 sessions for ...
2026-03-17 00:40:48.857 [info] Getting sessions for all scopes...
2026-03-17 00:40:48.857 [info] Got 6 sessions for ...
2026-03-17 00:40:49.153 [info] Getting sessions for all scopes...
2026-03-17 00:40:49.153 [info] Got 6 sessions for ...
2026-03-17 00:40:50.362 [info] Getting sessions for all scopes...
2026-03-17 00:40:50.362 [info] Got 6 sessions for ...
2026-03-17 00:40:50.498 [info] Getting sessions for all scopes...
2026-03-17 00:40:50.498 [info] Got 6 sessions for ...
2026-03-17 00:41:00.823 [info] Getting sessions for all scopes...
2026-03-17 00:41:00.823 [info] Got 6 sessions for ...
2026-03-17 00:41:00.898 [info] Getting sessions for all scopes...
2026-03-17 00:41:00.898 [info] Got 6 sessions for ...
2026-03-17 00:41:02.467 [info] Getting sessions for all scopes...
2026-03-17 00:41:02.467 [info] Got 6 sessions for ...
2026-03-17 00:41:02.627 [info] Getting sessions for all scopes...
2026-03-17 00:41:02.627 [info] Got 6 sessions for ...
2026-03-17 00:41:20.657 [info] Getting sessions for all scopes...
2026-03-17 00:41:20.658 [info] Got 6 sessions for ...
2026-03-17 00:41:20.797 [info] Getting sessions for all scopes...
2026-03-17 00:41:20.797 [info] Got 6 sessions for ...
2026-03-17 00:41:25.821 [info] Getting sessions for all scopes...
2026-03-17 00:41:25.821 [info] Got 6 sessions for ...
2026-03-17 00:41:25.874 [info] Getting sessions for all scopes...
2026-03-17 00:41:25.874 [info] Got 6 sessions for ...
2026-03-17 00:42:20.237 [info] Getting sessions for all scopes...
2026-03-17 00:42:20.237 [info] Got 6 sessions for ...
2026-03-17 00:42:20.300 [info] Getting sessions for all scopes...
2026-03-17 00:42:20.300 [info] Got 6 sessions for ...
2026-03-17 00:42:23.826 [info] Getting sessions for all scopes...
2026-03-17 00:42:23.826 [info] Got 6 sessions for ...
2026-03-17 00:42:23.877 [info] Getting sessions for all scopes...
2026-03-17 00:42:23.877 [info] Got 6 sessions for ...
2026-03-17 00:42:44.178 [info] Getting sessions for all scopes...
2026-03-17 00:42:44.178 [info] Got 6 sessions for ...
2026-03-17 00:42:44.222 [info] Getting sessions for all scopes...
2026-03-17 00:42:44.222 [info] Got 6 sessions for ...
2026-03-17 00:42:45.824 [info] Getting sessions for all scopes...
2026-03-17 00:42:45.824 [info] Got 6 sessions for ...
2026-03-17 00:42:45.877 [info] Getting sessions for all scopes...
2026-03-17 00:42:45.877 [info] Got 6 sessions for ...
2026-03-17 00:42:46.477 [info] Getting sessions for all scopes...
2026-03-17 00:42:46.477 [info] Got 6 sessions for ...
2026-03-17 00:42:46.644 [info] Getting sessions for all scopes...
2026-03-17 00:42:46.644 [info] Got 6 sessions for ...
2026-03-17 00:42:51.824 [info] Getting sessions for all scopes...
2026-03-17 00:42:51.824 [info] Got 6 sessions for ...
2026-03-17 00:42:52.112 [info] Getting sessions for all scopes...
2026-03-17 00:42:52.112 [info] Got 6 sessions for ...
2026-03-17 00:43:04.332 [info] Getting sessions for all scopes...
2026-03-17 00:43:04.332 [info] Got 6 sessions for ...
2026-03-17 00:43:04.469 [info] Getting sessions for all scopes...
2026-03-17 00:43:04.469 [info] Got 6 sessions for ...
2026-03-17 00:43:10.841 [info] Getting sessions for all scopes...
2026-03-17 00:43:10.841 [info] Got 6 sessions for ...
2026-03-17 00:43:10.937 [info] Getting sessions for all scopes...
2026-03-17 00:43:10.937 [info] Got 6 sessions for ...
2026-03-17 00:43:28.937 [info] Getting sessions for all scopes...
2026-03-17 00:43:28.937 [info] Got 6 sessions for ...
2026-03-17 00:43:29.037 [info] Getting sessions for all scopes...
2026-03-17 00:43:29.037 [info] Got 6 sessions for ...
2026-03-17 00:43:31.831 [info] Getting sessions for all scopes...
2026-03-17 00:43:31.831 [info] Got 6 sessions for ...
2026-03-17 00:43:31.873 [info] Getting sessions for all scopes...
2026-03-17 00:43:31.873 [info] Got 6 sessions for ...
2026-03-17 00:43:32.291 [info] Getting sessions for all scopes...
2026-03-17 00:43:32.292 [info] Got 6 sessions for ...
2026-03-17 00:43:32.342 [info] Getting sessions for all scopes...
2026-03-17 00:43:32.342 [info] Got 6 sessions for ...
2026-03-17 00:43:36.837 [info] Getting sessions for all scopes...
2026-03-17 00:43:36.837 [info] Got 6 sessions for ...
2026-03-17 00:43:36.877 [info] Getting sessions for all scopes...
2026-03-17 00:43:36.877 [info] Got 6 sessions for ...
2026-03-17 00:43:38.011 [info] Getting sessions for all scopes...
2026-03-17 00:43:38.011 [info] Got 6 sessions for ...
2026-03-17 00:43:38.061 [info] Getting sessions for all scopes...
2026-03-17 00:43:38.061 [info] Got 6 sessions for ...
2026-03-17 00:43:43.469 [info] Getting sessions for all scopes...
2026-03-17 00:43:43.469 [info] Got 6 sessions for ...
2026-03-17 00:43:43.887 [info] Getting sessions for all scopes...
2026-03-17 00:43:43.887 [info] Got 6 sessions for ...
2026-03-17 00:43:51.182 [info] Getting sessions for all scopes...
2026-03-17 00:43:51.182 [info] Got 6 sessions for ...
2026-03-17 00:43:51.367 [info] Getting sessions for all scopes...
2026-03-17 00:43:51.367 [info] Got 6 sessions for ...
2026-03-17 00:43:58.565 [info] Getting sessions for all scopes...
2026-03-17 00:43:58.565 [info] Got 6 sessions for ...
2026-03-17 00:43:58.700 [info] Getting sessions for all scopes...
2026-03-17 00:43:58.700 [info] Got 6 sessions for ...
2026-03-17 00:44:11.840 [info] Getting sessions for all scopes...
2026-03-17 00:44:11.840 [info] Got 6 sessions for ...
2026-03-17 00:44:12.017 [info] Getting sessions for all scopes...
2026-03-17 00:44:12.017 [info] Got 6 sessions for ...
2026-03-17 00:44:41.406 [info] Getting sessions for all scopes...
2026-03-17 00:44:41.406 [info] Got 6 sessions for ...
2026-03-17 00:44:41.662 [info] Getting sessions for all scopes...
2026-03-17 00:44:41.662 [info] Got 6 sessions for ...
2026-03-17 00:44:45.833 [info] Getting sessions for all scopes...
2026-03-17 00:44:45.833 [info] Got 6 sessions for ...
2026-03-17 00:44:45.879 [info] Getting sessions for all scopes...
2026-03-17 00:44:45.879 [info] Got 6 sessions for ...
2026-03-17 00:45:05.296 [info] Getting sessions for all scopes...
2026-03-17 00:45:05.297 [info] Got 6 sessions for ...
2026-03-17 00:45:05.360 [info] Getting sessions for all scopes...
2026-03-17 00:45:05.360 [info] Got 6 sessions for ...
2026-03-17 00:45:41.842 [info] Getting sessions for all scopes...
2026-03-17 00:45:41.842 [info] Got 6 sessions for ...
2026-03-17 00:45:41.897 [info] Getting sessions for all scopes...
2026-03-17 00:45:41.897 [info] Got 6 sessions for ...
2026-03-17 00:45:52.986 [info] Getting sessions for all scopes...
2026-03-17 00:45:52.986 [info] Got 6 sessions for ...
2026-03-17 00:45:53.109 [info] Getting sessions for all scopes...
2026-03-17 00:45:53.109 [info] Got 6 sessions for ...
2026-03-17 00:46:09.475 [info] Getting sessions for all scopes...
2026-03-17 00:46:09.476 [info] Got 6 sessions for ...
2026-03-17 00:46:09.621 [info] Getting sessions for all scopes...
2026-03-17 00:46:09.621 [info] Got 6 sessions for ...
2026-03-17 00:46:50.839 [info] Getting sessions for all scopes...
2026-03-17 00:46:50.840 [info] Got 6 sessions for ...
2026-03-17 00:46:51.377 [info] Getting sessions for all scopes...
2026-03-17 00:46:51.377 [info] Got 6 sessions for ...
2026-03-17 00:47:04.951 [info] Getting sessions for all scopes...
2026-03-17 00:47:04.952 [info] Got 6 sessions for ...
2026-03-17 00:47:05.062 [info] Getting sessions for all scopes...
2026-03-17 00:47:05.062 [info] Got 6 sessions for ...
2026-03-17 00:47:11.842 [info] Getting sessions for all scopes...
2026-03-17 00:47:11.842 [info] Got 6 sessions for ...
2026-03-17 00:47:11.900 [info] Getting sessions for all scopes...
2026-03-17 00:47:11.900 [info] Got 6 sessions for ...
2026-03-17 00:47:15.811 [info] Getting sessions for all scopes...
2026-03-17 00:47:15.812 [info] Got 6 sessions for ...
2026-03-17 00:47:15.857 [info] Getting sessions for all scopes...
2026-03-17 00:47:15.857 [info] Got 6 sessions for ...
2026-03-17 00:47:19.828 [info] Getting sessions for all scopes...
2026-03-17 00:47:19.828 [info] Got 6 sessions for ...
2026-03-17 00:47:19.993 [info] Getting sessions for all scopes...
2026-03-17 00:47:19.993 [info] Got 6 sessions for ...
2026-03-17 00:47:22.346 [info] Getting sessions for all scopes...
2026-03-17 00:47:22.346 [info] Got 6 sessions for ...
2026-03-17 00:47:22.392 [info] Getting sessions for all scopes...
2026-03-17 00:47:22.392 [info] Got 6 sessions for ...
2026-03-17 00:47:29.566 [info] Getting sessions for all scopes...
2026-03-17 00:47:29.566 [info] Got 6 sessions for ...
2026-03-17 00:47:29.695 [info] Getting sessions for all scopes...
2026-03-17 00:47:29.695 [info] Got 6 sessions for ...
2026-03-17 00:47:49.712 [info] Getting sessions for all scopes...
2026-03-17 00:47:49.712 [info] Got 6 sessions for ...
2026-03-17 00:47:49.772 [info] Getting sessions for all scopes...
2026-03-17 00:47:49.772 [info] Got 6 sessions for ...
2026-03-17 00:47:54.931 [info] Getting sessions for all scopes...
2026-03-17 00:47:54.931 [info] Got 6 sessions for ...
2026-03-17 00:47:55.131 [info] Getting sessions for all scopes...
2026-03-17 00:47:55.131 [info] Got 6 sessions for ...
2026-03-17 00:48:14.011 [info] Getting sessions for all scopes...
2026-03-17 00:48:14.011 [info] Got 6 sessions for ...
2026-03-17 00:48:14.046 [info] Getting sessions for all scopes...
2026-03-17 00:48:14.046 [info] Got 6 sessions for ...
2026-03-17 00:49:14.495 [info] Getting sessions for all scopes...
2026-03-17 00:49:14.495 [info] Got 6 sessions for ...
2026-03-17 00:49:14.540 [info] Getting sessions for all scopes...
2026-03-17 00:49:14.541 [info] Got 6 sessions for ...
2026-03-17 00:50:08.835 [info] Getting sessions for all scopes...
2026-03-17 00:50:08.835 [info] Got 6 sessions for ...
2026-03-17 00:50:08.886 [info] Getting sessions for all scopes...
2026-03-17 00:50:08.886 [info] Got 6 sessions for ...
2026-03-17 00:50:17.199 [info] Getting sessions for all scopes...
2026-03-17 00:50:17.199 [info] Got 6 sessions for ...
2026-03-17 00:50:17.253 [info] Getting sessions for all scopes...
2026-03-17 00:50:17.253 [info] Got 6 sessions for ...
2026-03-17 00:50:48.370 [info] Getting sessions for all scopes...
2026-03-17 00:50:48.370 [info] Got 6 sessions for ...
2026-03-17 00:50:48.410 [info] Getting sessions for all scopes...
2026-03-17 00:50:48.410 [info] Got 6 sessions for ...
2026-03-17 00:51:01.865 [info] Getting sessions for all scopes...
2026-03-17 00:51:01.865 [info] Got 6 sessions for ...
2026-03-17 00:51:01.906 [info] Getting sessions for all scopes...
2026-03-17 00:51:01.906 [info] Got 6 sessions for ...
2026-03-17 00:51:10.846 [info] Getting sessions for all scopes...
2026-03-17 00:51:10.846 [info] Got 6 sessions for ...
2026-03-17 00:51:10.885 [info] Getting sessions for all scopes...
2026-03-17 00:51:10.885 [info] Got 6 sessions for ...
2026-03-17 00:51:13.826 [info] Getting sessions for all scopes...
2026-03-17 00:51:13.827 [info] Got 6 sessions for ...
2026-03-17 00:51:13.872 [info] Getting sessions for all scopes...
2026-03-17 00:51:13.872 [info] Got 6 sessions for ...
2026-03-17 00:51:25.845 [info] Getting sessions for all scopes...
2026-03-17 00:51:25.845 [info] Got 6 sessions for ...
2026-03-17 00:51:25.894 [info] Getting sessions for all scopes...
2026-03-17 00:51:25.894 [info] Got 6 sessions for ...
2026-03-17 00:51:49.090 [info] Getting sessions for all scopes...
2026-03-17 00:51:49.090 [info] Got 6 sessions for ...
2026-03-17 00:51:49.130 [info] Getting sessions for all scopes...
2026-03-17 00:51:49.130 [info] Got 6 sessions for ...
2026-03-17 00:52:00.850 [info] Getting sessions for all scopes...
2026-03-17 00:52:00.850 [info] Got 6 sessions for ...
2026-03-17 00:52:00.891 [info] Getting sessions for all scopes...
2026-03-17 00:52:00.891 [info] Got 6 sessions for ...
2026-03-17 00:52:04.853 [info] Getting sessions for all scopes...
2026-03-17 00:52:04.853 [info] Got 6 sessions for ...
2026-03-17 00:52:04.892 [info] Getting sessions for all scopes...
2026-03-17 00:52:04.892 [info] Got 6 sessions for ...
2026-03-17 00:52:09.850 [info] Getting sessions for all scopes...
2026-03-17 00:52:09.851 [info] Got 6 sessions for ...
2026-03-17 00:52:09.892 [info] Getting sessions for all scopes...
2026-03-17 00:52:09.892 [info] Got 6 sessions for ...
2026-03-17 00:52:11.493 [info] Getting sessions for all scopes...
2026-03-17 00:52:11.493 [info] Got 6 sessions for ...
2026-03-17 00:52:11.533 [info] Getting sessions for all scopes...
2026-03-17 00:52:11.533 [info] Got 6 sessions for ...
2026-03-17 00:52:28.831 [info] Getting sessions for all scopes...
2026-03-17 00:52:28.831 [info] Got 6 sessions for ...
2026-03-17 00:52:28.870 [info] Getting sessions for all scopes...
2026-03-17 00:52:28.870 [info] Got 6 sessions for ...
2026-03-17 00:52:34.395 [info] Getting sessions for all scopes...
2026-03-17 00:52:34.395 [info] Got 6 sessions for ...
2026-03-17 00:52:34.433 [info] Getting sessions for all scopes...
2026-03-17 00:52:34.433 [info] Got 6 sessions for ...
2026-03-17 00:53:32.312 [info] Getting sessions for all scopes...
2026-03-17 00:53:32.312 [info] Got 6 sessions for ...
2026-03-17 00:53:32.351 [info] Getting sessions for all scopes...
2026-03-17 00:53:32.351 [info] Got 6 sessions for ...
2026-03-17 00:53:47.851 [info] Getting sessions for all scopes...
2026-03-17 00:53:47.851 [info] Got 6 sessions for ...
2026-03-17 00:53:47.890 [info] Getting sessions for all scopes...
2026-03-17 00:53:47.890 [info] Got 6 sessions for ...
2026-03-17 00:53:57.892 [info] Getting sessions for all scopes...
2026-03-17 00:53:57.892 [info] Got 6 sessions for ...
2026-03-17 00:53:57.946 [info] Getting sessions for all scopes...
2026-03-17 00:53:57.946 [info] Got 6 sessions for ...
2026-03-17 00:54:12.832 [info] Getting sessions for all scopes...
2026-03-17 00:54:12.832 [info] Got 6 sessions for ...
2026-03-17 00:54:12.876 [info] Getting sessions for all scopes...
2026-03-17 00:54:12.876 [info] Got 6 sessions for ...
2026-03-17 00:54:35.054 [info] Getting sessions for all scopes...
2026-03-17 00:54:35.054 [info] Got 6 sessions for ...
2026-03-17 00:54:35.092 [info] Getting sessions for all scopes...
2026-03-17 00:54:35.092 [info] Got 6 sessions for ...
2026-03-17 00:57:16.774 [info] Getting sessions for all scopes...
2026-03-17 00:57:16.774 [info] Got 6 sessions for ...
2026-03-17 00:57:16.814 [info] Getting sessions for all scopes...
2026-03-17 00:57:16.814 [info] Got 6 sessions for ...
2026-03-17 00:57:30.262 [info] Getting sessions for all scopes...
2026-03-17 00:57:30.263 [info] Got 6 sessions for ...
2026-03-17 00:57:30.334 [info] Getting sessions for all scopes...
2026-03-17 00:57:30.334 [info] Got 6 sessions for ...
2026-03-17 00:57:46.010 [info] Getting sessions for all scopes...
2026-03-17 00:57:46.010 [info] Got 6 sessions for ...
2026-03-17 00:57:46.056 [info] Getting sessions for all scopes...
2026-03-17 00:57:46.056 [info] Got 6 sessions for ...
2026-03-17 00:57:59.415 [info] Getting sessions for all scopes...
2026-03-17 00:57:59.415 [info] Got 6 sessions for ...
2026-03-17 00:57:59.501 [info] Getting sessions for all scopes...
2026-03-17 00:57:59.501 [info] Got 6 sessions for ...
2026-03-17 00:58:08.877 [info] Getting sessions for all scopes...
2026-03-17 00:58:08.877 [info] Got 6 sessions for ...
2026-03-17 00:58:08.933 [info] Getting sessions for all scopes...
2026-03-17 00:58:08.933 [info] Got 6 sessions for ...
2026-03-17 00:58:19.899 [info] Getting sessions for all scopes...
2026-03-17 00:58:19.900 [info] Got 6 sessions for ...
2026-03-17 00:58:19.936 [info] Getting sessions for all scopes...
2026-03-17 00:58:19.936 [info] Got 6 sessions for ...
2026-03-17 00:58:25.854 [info] Getting sessions for all scopes...
2026-03-17 00:58:25.854 [info] Got 6 sessions for ...
2026-03-17 00:58:25.898 [info] Getting sessions for all scopes...
2026-03-17 00:58:25.898 [info] Got 6 sessions for ...
2026-03-17 00:58:26.558 [info] Getting sessions for all scopes...
2026-03-17 00:58:26.558 [info] Got 6 sessions for ...
2026-03-17 00:58:26.608 [info] Getting sessions for all scopes...
2026-03-17 00:58:26.608 [info] Got 6 sessions for ...
2026-03-17 00:58:50.853 [info] Getting sessions for all scopes...
2026-03-17 00:58:50.853 [info] Got 6 sessions for ...
2026-03-17 00:58:50.913 [info] Getting sessions for all scopes...
2026-03-17 00:58:50.913 [info] Got 6 sessions for ...
2026-03-17 00:59:09.536 [info] Getting sessions for all scopes...
2026-03-17 00:59:09.536 [info] Got 6 sessions for ...
2026-03-17 00:59:09.580 [info] Getting sessions for all scopes...
2026-03-17 00:59:09.580 [info] Got 6 sessions for ...
2026-03-17 00:59:28.844 [info] Getting sessions for all scopes...
2026-03-17 00:59:28.844 [info] Got 6 sessions for ...
2026-03-17 00:59:28.898 [info] Getting sessions for all scopes...
2026-03-17 00:59:28.898 [info] Got 6 sessions for ...
2026-03-17 00:59:43.673 [info] Getting sessions for all scopes...
2026-03-17 00:59:43.673 [info] Got 6 sessions for ...
2026-03-17 00:59:43.733 [info] Getting sessions for all scopes...
2026-03-17 00:59:43.733 [info] Got 6 sessions for ...
2026-03-17 00:59:48.853 [info] Getting sessions for all scopes...
2026-03-17 00:59:48.853 [info] Got 6 sessions for ...
2026-03-17 00:59:48.900 [info] Getting sessions for all scopes...
2026-03-17 00:59:48.900 [info] Got 6 sessions for ...
2026-03-17 01:01:38.232 [info] Getting sessions for all scopes...
2026-03-17 01:01:38.232 [info] Got 6 sessions for ...
2026-03-17 01:01:38.298 [info] Getting sessions for all scopes...
2026-03-17 01:01:38.298 [info] Got 6 sessions for ...
2026-03-17 01:02:37.092 [info] Getting sessions for all scopes...
2026-03-17 01:02:37.092 [info] Got 6 sessions for ...
2026-03-17 01:02:37.277 [info] Getting sessions for all scopes...
2026-03-17 01:02:37.277 [info] Got 6 sessions for ...
2026-03-17 01:03:19.076 [info] Getting sessions for all scopes...
2026-03-17 01:03:19.076 [info] Got 6 sessions for ...
2026-03-17 01:03:19.116 [info] Getting sessions for all scopes...
2026-03-17 01:03:19.116 [info] Got 6 sessions for ...
2026-03-17 01:03:24.857 [info] Getting sessions for all scopes...
2026-03-17 01:03:24.857 [info] Got 6 sessions for ...
2026-03-17 01:03:25.147 [info] Getting sessions for all scopes...
2026-03-17 01:03:25.147 [info] Got 6 sessions for ...
2026-03-17 01:03:52.334 [info] Getting sessions for all scopes...
2026-03-17 01:03:52.334 [info] Got 6 sessions for ...
2026-03-17 01:03:52.416 [info] Getting sessions for all scopes...
2026-03-17 01:03:52.416 [info] Got 6 sessions for ...
2026-03-17 01:04:10.412 [info] Getting sessions for all scopes...
2026-03-17 01:04:10.412 [info] Got 6 sessions for ...
2026-03-17 01:04:10.458 [info] Getting sessions for all scopes...
2026-03-17 01:04:10.458 [info] Got 6 sessions for ...
2026-03-17 01:04:19.334 [info] Getting sessions for all scopes...
2026-03-17 01:04:19.334 [info] Got 6 sessions for ...
2026-03-17 01:04:19.533 [info] Getting sessions for all scopes...
2026-03-17 01:04:19.533 [info] Got 6 sessions for ...
2026-03-17 01:04:23.851 [info] Getting sessions for all scopes...
2026-03-17 01:04:23.851 [info] Got 6 sessions for ...
2026-03-17 01:04:24.292 [info] Getting sessions for all scopes...
2026-03-17 01:04:24.292 [info] Got 6 sessions for ...
2026-03-17 01:04:29.712 [info] Getting sessions for all scopes...
2026-03-17 01:04:29.712 [info] Got 6 sessions for ...
2026-03-17 01:04:29.760 [info] Getting sessions for all scopes...
2026-03-17 01:04:29.760 [info] Got 6 sessions for ...
2026-03-17 01:04:39.857 [info] Getting sessions for all scopes...
2026-03-17 01:04:39.857 [info] Got 6 sessions for ...
2026-03-17 01:04:39.894 [info] Getting sessions for all scopes...
2026-03-17 01:04:39.894 [info] Got 6 sessions for ...
2026-03-17 01:04:45.144 [info] Getting sessions for all scopes...
2026-03-17 01:04:45.144 [info] Got 6 sessions for ...
2026-03-17 01:04:45.194 [info] Getting sessions for all scopes...
2026-03-17 01:04:45.194 [info] Got 6 sessions for ...
2026-03-17 01:05:12.452 [info] Getting sessions for all scopes...
2026-03-17 01:05:12.452 [info] Got 6 sessions for ...
2026-03-17 01:05:12.494 [info] Getting sessions for all scopes...
2026-03-17 01:05:12.494 [info] Got 6 sessions for ...
2026-03-17 01:05:19.971 [info] Getting sessions for all scopes...
2026-03-17 01:05:19.971 [info] Got 6 sessions for ...
2026-03-17 01:05:20.031 [info] Getting sessions for all scopes...
2026-03-17 01:05:20.031 [info] Got 6 sessions for ...
2026-03-17 01:05:32.811 [info] Getting sessions for all scopes...
2026-03-17 01:05:32.811 [info] Got 6 sessions for ...
2026-03-17 01:05:32.854 [info] Getting sessions for all scopes...
2026-03-17 01:05:32.854 [info] Got 6 sessions for ...
2026-03-17 01:05:37.852 [info] Getting sessions for all scopes...
2026-03-17 01:05:37.852 [info] Got 6 sessions for ...
2026-03-17 01:05:37.912 [info] Getting sessions for all scopes...
2026-03-17 01:05:37.912 [info] Got 6 sessions for ...
2026-03-17 01:05:41.895 [info] Getting sessions for all scopes...
2026-03-17 01:05:41.895 [info] Got 6 sessions for ...
2026-03-17 01:05:41.949 [info] Getting sessions for all scopes...
2026-03-17 01:05:41.949 [info] Got 6 sessions for ...
2026-03-17 01:05:48.179 [info] Getting sessions for all scopes...
2026-03-17 01:05:48.179 [info] Got 6 sessions for ...
2026-03-17 01:05:48.234 [info] Getting sessions for all scopes...
2026-03-17 01:05:48.234 [info] Got 6 sessions for ...
2026-03-17 01:05:54.951 [info] Getting sessions for all scopes...
2026-03-17 01:05:54.951 [info] Got 6 sessions for ...
2026-03-17 01:05:54.999 [info] Getting sessions for all scopes...
2026-03-17 01:05:55.000 [info] Got 6 sessions for ...
2026-03-17 01:05:57.714 [info] Getting sessions for all scopes...
2026-03-17 01:05:57.714 [info] Got 6 sessions for ...
2026-03-17 01:05:57.758 [info] Getting sessions for all scopes...
2026-03-17 01:05:57.758 [info] Got 6 sessions for ...
2026-03-17 01:05:58.831 [info] Getting sessions for all scopes...
2026-03-17 01:05:58.831 [info] Got 6 sessions for ...
2026-03-17 01:05:58.891 [info] Getting sessions for all scopes...
2026-03-17 01:05:58.891 [info] Got 6 sessions for ...
2026-03-17 01:06:00.867 [info] Getting sessions for all scopes...
2026-03-17 01:06:00.867 [info] Got 6 sessions for ...
2026-03-17 01:06:00.911 [info] Getting sessions for all scopes...
2026-03-17 01:06:00.911 [info] Got 6 sessions for ...
2026-03-17 01:06:01.047 [info] Getting sessions for all scopes...
2026-03-17 01:06:01.047 [info] Got 6 sessions for ...
2026-03-17 01:06:01.147 [info] Getting sessions for all scopes...
2026-03-17 01:06:01.147 [info] Got 6 sessions for ...
2026-03-17 01:06:08.251 [info] Getting sessions for all scopes...
2026-03-17 01:06:08.251 [info] Got 6 sessions for ...
2026-03-17 01:06:08.335 [info] Getting sessions for all scopes...
2026-03-17 01:06:08.335 [info] Got 6 sessions for ...
2026-03-17 01:06:16.930 [info] Getting sessions for all scopes...
2026-03-17 01:06:16.930 [info] Got 6 sessions for ...
2026-03-17 01:06:17.003 [info] Getting sessions for all scopes...
2026-03-17 01:06:17.003 [info] Got 6 sessions for ...
2026-03-17 01:06:19.286 [info] Getting sessions for all scopes...
2026-03-17 01:06:19.286 [info] Got 6 sessions for ...
2026-03-17 01:06:19.331 [info] Getting sessions for all scopes...
2026-03-17 01:06:19.331 [info] Got 6 sessions for ...
2026-03-17 01:06:21.862 [info] Getting sessions for all scopes...
2026-03-17 01:06:21.862 [info] Got 6 sessions for ...
2026-03-17 01:06:21.902 [info] Getting sessions for all scopes...
2026-03-17 01:06:21.902 [info] Got 6 sessions for ...
2026-03-17 01:06:22.271 [info] Getting sessions for all scopes...
2026-03-17 01:06:22.271 [info] Got 6 sessions for ...
2026-03-17 01:06:22.317 [info] Getting sessions for all scopes...
2026-03-17 01:06:22.317 [info] Got 6 sessions for ...
2026-03-17 01:06:30.871 [info] Getting sessions for all scopes...
2026-03-17 01:06:30.871 [info] Got 6 sessions for ...
2026-03-17 01:06:30.921 [info] Getting sessions for all scopes...
2026-03-17 01:06:30.921 [info] Got 6 sessions for ...
2026-03-17 01:06:57.576 [info] Getting sessions for all scopes...
2026-03-17 01:06:57.576 [info] Got 6 sessions for ...
2026-03-17 01:06:57.615 [info] Getting sessions for all scopes...
2026-03-17 01:06:57.615 [info] Got 6 sessions for ...
2026-03-17 01:07:08.868 [info] Getting sessions for all scopes...
2026-03-17 01:07:08.868 [info] Got 6 sessions for ...
2026-03-17 01:07:08.912 [info] Getting sessions for all scopes...
2026-03-17 01:07:08.912 [info] Got 6 sessions for ...
2026-03-17 01:07:11.575 [info] Getting sessions for all scopes...
2026-03-17 01:07:11.575 [info] Got 6 sessions for ...
2026-03-17 01:07:11.616 [info] Getting sessions for all scopes...
2026-03-17 01:07:11.616 [info] Got 6 sessions for ...
