2026-03-15 20:45:59.668 [info] Reading sessions from keychain...
2026-03-15 20:45:59.668 [info] Got stored sessions!
2026-03-15 20:45:59.668 [info] Got 6 verified sessions.
2026-03-15 20:45:59.668 [info] Getting sessions for all scopes...
2026-03-15 20:45:59.668 [info] Got 6 sessions for ...
2026-03-15 20:45:59.668 [info] Getting sessions for all scopes...
2026-03-15 20:45:59.668 [info] Got 6 sessions for ...
2026-03-15 20:45:59.668 [info] Getting sessions for all scopes...
2026-03-15 20:45:59.668 [info] Got 6 sessions for ...
2026-03-15 20:45:59.668 [info] Getting sessions for all scopes...
2026-03-15 20:45:59.668 [info] Got 6 sessions for ...
2026-03-15 20:45:59.668 [info] Getting sessions for user:email...
2026-03-15 20:45:59.668 [info] Got 1 sessions for user:email...
2026-03-15 20:45:59.668 [info] Getting sessions for all scopes...
2026-03-15 20:45:59.668 [info] Got 6 sessions for ...
2026-03-15 20:45:59.668 [info] Getting sessions for all scopes...
2026-03-15 20:45:59.668 [info] Got 6 sessions for ...
2026-03-15 20:45:59.668 [info] Getting sessions for codespace,read:user,repo,user:email...
2026-03-15 20:45:59.668 [info] Got 1 sessions for codespace,read:user,repo,user:email...
2026-03-15 20:45:59.668 [info] Getting sessions for all scopes...
2026-03-15 20:45:59.668 [info] Got 6 sessions for ...
2026-03-15 20:45:59.686 [info] Getting sessions for all scopes...
2026-03-15 20:45:59.686 [info] Got 6 sessions for ...
2026-03-15 20:45:59.843 [info] Getting sessions for all scopes...
2026-03-15 20:45:59.843 [info] Got 6 sessions for ...
2026-03-15 20:45:59.946 [info] Getting sessions for project,read:org,read:user,repo,user:email,workflow...
2026-03-15 20:45:59.947 [info] Got 0 sessions for project,read:org,read:user,repo,user:email,workflow...
2026-03-15 20:46:00.027 [info] Getting sessions for all scopes...
2026-03-15 20:46:00.027 [info] Got 6 sessions for ...
2026-03-15 20:46:00.110 [info] Getting sessions for all scopes...
2026-03-15 20:46:00.110 [info] Got 6 sessions for ...
2026-03-15 20:46:00.208 [info] Getting sessions for all scopes...
2026-03-15 20:46:00.209 [info] Got 6 sessions for ...
2026-03-15 20:46:00.213 [info] Getting sessions for all scopes...
2026-03-15 20:46:00.214 [info] Got 6 sessions for ...
2026-03-15 20:46:00.408 [info] FetcherService: Node fetch failed with status: 429 Too Many Requests
2026-03-15 20:46:00.417 [info] Unable to resolve optional EDU details. Status: 429 Too Many Requests
2026-03-15 20:46:00.424 [info] Getting sessions for read:user,repo,user:email,workflow...
2026-03-15 20:46:00.424 [info] Got 1 sessions for read:user,repo,user:email,workflow...
2026-03-15 20:46:01.052 [info] Getting sessions for read:user,repo,user:email,workflow...
2026-03-15 20:46:01.052 [info] Got 1 sessions for read:user,repo,user:email,workflow...
2026-03-15 20:46:45.292 [info] Getting sessions for all scopes...
2026-03-15 20:46:45.292 [info] Got 6 sessions for ...
2026-03-15 20:46:45.347 [info] Getting sessions for all scopes...
2026-03-15 20:46:45.347 [info] Got 6 sessions for ...
2026-03-15 20:47:26.170 [info] Getting sessions for all scopes...
2026-03-15 20:47:26.170 [info] Got 6 sessions for ...
2026-03-15 20:47:26.220 [info] Getting sessions for all scopes...
2026-03-15 20:47:26.220 [info] Got 6 sessions for ...
