2026-03-05 00:02:43.844 [info] Reading sessions from keychain...
2026-03-05 00:02:43.844 [info] Got stored sessions!
2026-03-05 00:02:43.844 [info] Got 6 verified sessions.
2026-03-05 00:02:43.844 [info] Getting sessions for all scopes...
2026-03-05 00:02:43.844 [info] Got 6 sessions for ...
2026-03-05 00:02:43.844 [info] Getting sessions for all scopes...
2026-03-05 00:02:43.844 [info] Got 6 sessions for ...
2026-03-05 00:02:43.844 [info] Getting sessions for all scopes...
2026-03-05 00:02:43.844 [info] Got 6 sessions for ...
2026-03-05 00:02:43.844 [info] Getting sessions for all scopes...
2026-03-05 00:02:43.844 [info] Got 6 sessions for ...
2026-03-05 00:02:43.844 [info] Getting sessions for codespace,read:user,repo,user:email...
2026-03-05 00:02:43.844 [info] Got 1 sessions for codespace,read:user,repo,user:email...
2026-03-05 00:02:43.844 [info] Getting sessions for all scopes...
2026-03-05 00:02:43.844 [info] Got 6 sessions for ...
2026-03-05 00:02:44.151 [info] Getting sessions for all scopes...
2026-03-05 00:02:44.151 [info] Got 6 sessions for ...
2026-03-05 00:02:44.484 [info] Getting sessions for all scopes...
2026-03-05 00:02:44.485 [info] Got 6 sessions for ...
2026-03-05 00:02:44.535 [info] Getting sessions for project,read:org,read:user,repo,user:email,workflow...
2026-03-05 00:02:44.535 [info] Got 0 sessions for project,read:org,read:user,repo,user:email,workflow...
2026-03-05 00:02:44.769 [info] Getting sessions for all scopes...
2026-03-05 00:02:44.771 [info] Got 6 sessions for ...
2026-03-05 00:02:44.935 [info] FetcherService: Node fetch failed with status: 429 Too Many Requests
2026-03-05 00:02:44.938 [info] Unable to resolve optional EDU details. Status: 429 Too Many Requests
2026-03-05 00:02:45.141 [info] Getting sessions for all scopes...
2026-03-05 00:02:45.141 [info] Got 6 sessions for ...
2026-03-05 00:02:45.557 [info] Getting sessions for read:user,repo,user:email,workflow...
2026-03-05 00:02:45.569 [info] Got 1 sessions for read:user,repo,user:email,workflow...
2026-03-05 00:02:46.862 [info] Getting sessions for read:user,repo,user:email,workflow...
2026-03-05 00:02:46.862 [info] Got 1 sessions for read:user,repo,user:email,workflow...
