2026-03-01 23:57:21.082 [info] Extension host with pid 635 started
2026-03-01 23:57:21.090 [error] Error: EEXIST: file already exists, open '/home/codespace/.vscode-remote/data/User/workspaceStorage/-6661f43/vscode.lock'
2026-03-01 23:57:21.104 [info] Lock '/home/codespace/.vscode-remote/data/User/workspaceStorage/-6661f43/vscode.lock': Could not acquire lock, checking if the file is stale.
2026-03-01 23:57:21.130 [info] Lock '/home/codespace/.vscode-remote/data/User/workspaceStorage/-6661f43/vscode.lock': The lock looks stale, waiting for 2s.
2026-03-01 23:57:21.789 [info] ExtensionService#_doActivateExtension vscode.github-authentication, startup: false, activationEvent: 'onAuthenticationRequest:github'
2026-03-01 23:57:21.791 [info] ExtensionService#_doActivateExtension vscode.emmet, startup: false, activationEvent: 'onLanguage'
2026-03-01 23:57:21.791 [info] ExtensionService#_doActivateExtension GitHub.codespaces, startup: false, activationEvent: 'onCommand:github.codespaces.activate'
2026-03-01 23:57:21.792 [info] ExtensionService#_doActivateExtension vscode.git-base, startup: false, activationEvent: '*', root cause: vscode.git
2026-03-01 23:57:21.792 [info] ExtensionService#_doActivateExtension vscode.tunnel-forwarding, startup: false, activationEvent: 'onTunnel'
2026-03-01 23:57:24.738 [error] PendingMigrationError: navigator is now a global in nodejs, please see https://aka.ms/vscode-extensions/navigator for additional info on this error.
    at get (file:///vscode/bin/linux-x64/072586267e68ece9a47aa43f8c108e0dcbf44622/out/vs/workbench/api/node/extensionHostProcess.js:405:6685)
    at Object.33559 (/home/codespace/.vscode-remote/extensions/node_modules/axios/dist/node/axios.cjs:1372:20)
    at __webpack_require__ (/home/codespace/.vscode-remote/extensions/github.codespaces-1.18.5/webpack/bootstrap:19:32)
    at Object.86259 (/home/codespace/.vscode-remote/extensions/node_modules/@microsoft/dev-tunnels-management/tunnelManagementHttpClient.js:10:17)
    at __webpack_require__ (/home/codespace/.vscode-remote/extensions/github.codespaces-1.18.5/webpack/bootstrap:19:32)
    at Object.74061 (/home/codespace/.vscode-remote/extensions/node_modules/@microsoft/dev-tunnels-management/index.js:19:14)
    at __webpack_require__ (/home/codespace/.vscode-remote/extensions/github.codespaces-1.18.5/webpack/bootstrap:19:32)
    at Object.48577 (/home/codespace/.vscode-remote/extensions/node_modules/@microsoft/dev-tunnels-connections/tunnelConnectionSession.js:7:34)
    at __webpack_require__ (/home/codespace/.vscode-remote/extensions/github.codespaces-1.18.5/webpack/bootstrap:19:32)
    at Object.19773 (/home/codespace/.vscode-remote/extensions/node_modules/@microsoft/dev-tunnels-connections/tunnelRelayTunnelClient.js:14:35)
    at __webpack_require__ (/home/codespace/.vscode-remote/extensions/github.codespaces-1.18.5/webpack/bootstrap:19:32)
    at Object.73551 (/home/codespace/.vscode-remote/extensions/node_modules/@microsoft/dev-tunnels-connections/index.js:31:14)
    at __webpack_require__ (/home/codespace/.vscode-remote/extensions/github.codespaces-1.18.5/webpack/bootstrap:19:32)
    at Object.72780 (/home/codespace/.vscode-remote/extensions/codespaces-internal/dist/src/connection/tunnelProvider.js:20:35)
    at __webpack_require__ (/home/codespace/.vscode-remote/extensions/github.codespaces-1.18.5/webpack/bootstrap:19:32)
    at Object.44731 (/home/codespace/.vscode-remote/extensions/codespaces-internal/dist/src/connection/index.js:18:14)
    at __webpack_require__ (/home/codespace/.vscode-remote/extensions/github.codespaces-1.18.5/webpack/bootstrap:19:32)
    at Object.8622 (/home/codespace/.vscode-remote/extensions/codespaces-internal/dist/src/index.js:17:14)
    at __webpack_require__ (/home/codespace/.vscode-remote/extensions/github.codespaces-1.18.5/webpack/bootstrap:19:32)
    at Object.14086 (/home/codespace/.vscode-remote/extensions/vscode-command-framework/dist/src/vscodeIdleStatus/VscodeActivityProvider.js:4:31)
    at __webpack_require__ (/home/codespace/.vscode-remote/extensions/github.codespaces-1.18.5/webpack/bootstrap:19:32)
    at Object.82235 (/home/codespace/.vscode-remote/extensions/vscode-command-framework/dist/src/index.js:53:32)
    at __webpack_require__ (/home/codespace/.vscode-remote/extensions/github.codespaces-1.18.5/webpack/bootstrap:19:32)
    at /home/codespace/.vscode-remote/extensions/github.codespaces-1.18.5/out/bundle/extension-node.js:1556:244351
    at /home/codespace/.vscode-remote/extensions/github.codespaces-1.18.5/out/bundle/extension-node.js:1561:141029
    at Object.<anonymous> (/home/codespace/.vscode-remote/extensions/github.codespaces-1.18.5/out/bundle/extension-node.js:1561:141068)
    at Module._compile (node:internal/modules/cjs/loader:1706:14)
    at Object..js (node:internal/modules/cjs/loader:1839:10)
    at Module.load (node:internal/modules/cjs/loader:1441:32)
    at Function.<anonymous> (node:internal/modules/cjs/loader:1263:12)
    at Function.e._load (file:///vscode/bin/linux-x64/072586267e68ece9a47aa43f8c108e0dcbf44622/out/vs/workbench/api/node/extensionHostProcess.js:405:6055)
    at Function.t._load (file:///vscode/bin/linux-x64/072586267e68ece9a47aa43f8c108e0dcbf44622/out/vs/workbench/api/node/extensionHostProcess.js:223:22773)
    at Function.s._load (file:///vscode/bin/linux-x64/072586267e68ece9a47aa43f8c108e0dcbf44622/out/vs/workbench/api/node/extensionHostProcess.js:215:24706)
    at TracingChannel.traceSync (node:diagnostics_channel:328:14)
    at wrapModuleLoad (node:internal/modules/cjs/loader:237:24)
    at Module.require (node:internal/modules/cjs/loader:1463:12)
    at require (node:internal/modules/helpers:147:16)
    at pee.Cb (file:///vscode/bin/linux-x64/072586267e68ece9a47aa43f8c108e0dcbf44622/out/vs/workbench/api/node/extensionHostProcess.js:254:1256)
    at processTicksAndRejections (node:internal/process/task_queues:105:5)
2026-03-01 23:57:24.820 [error] PendingMigrationError: navigator is now a global in nodejs, please see https://aka.ms/vscode-extensions/navigator for additional info on this error.
    at get (file:///vscode/bin/linux-x64/072586267e68ece9a47aa43f8c108e0dcbf44622/out/vs/workbench/api/node/extensionHostProcess.js:405:6685)
    at Object.5886 (/home/codespace/.vscode-remote/extensions/node_modules/axios/lib/platform/common/utils.js:3:20)
    at __webpack_require__ (/home/codespace/.vscode-remote/extensions/github.codespaces-1.18.5/webpack/bootstrap:19:32)
    at /home/codespace/.vscode-remote/extensions/github.codespaces-1.18.5/out/bundle/extension-node.js:1556:263949
    at /home/codespace/.vscode-remote/extensions/github.codespaces-1.18.5/out/bundle/extension-node.js:1561:141029
    at Object.<anonymous> (/home/codespace/.vscode-remote/extensions/github.codespaces-1.18.5/out/bundle/extension-node.js:1561:141068)
    at Module._compile (node:internal/modules/cjs/loader:1706:14)
    at Object..js (node:internal/modules/cjs/loader:1839:10)
    at Module.load (node:internal/modules/cjs/loader:1441:32)
    at Function.<anonymous> (node:internal/modules/cjs/loader:1263:12)
    at Function.e._load (file:///vscode/bin/linux-x64/072586267e68ece9a47aa43f8c108e0dcbf44622/out/vs/workbench/api/node/extensionHostProcess.js:405:6055)
    at Function.t._load (file:///vscode/bin/linux-x64/072586267e68ece9a47aa43f8c108e0dcbf44622/out/vs/workbench/api/node/extensionHostProcess.js:223:22773)
    at Function.s._load (file:///vscode/bin/linux-x64/072586267e68ece9a47aa43f8c108e0dcbf44622/out/vs/workbench/api/node/extensionHostProcess.js:215:24706)
    at TracingChannel.traceSync (node:diagnostics_channel:328:14)
    at wrapModuleLoad (node:internal/modules/cjs/loader:237:24)
    at Module.require (node:internal/modules/cjs/loader:1463:12)
    at require (node:internal/modules/helpers:147:16)
    at pee.Cb (file:///vscode/bin/linux-x64/072586267e68ece9a47aa43f8c108e0dcbf44622/out/vs/workbench/api/node/extensionHostProcess.js:254:1256)
    at processTicksAndRejections (node:internal/process/task_queues:105:5)
2026-03-01 23:57:24.824 [error] PendingMigrationError: navigator is now a global in nodejs, please see https://aka.ms/vscode-extensions/navigator for additional info on this error.
    at get (file:///vscode/bin/linux-x64/072586267e68ece9a47aa43f8c108e0dcbf44622/out/vs/workbench/api/node/extensionHostProcess.js:405:6685)
    at getUserAgent (/home/codespace/.vscode-remote/extensions/node_modules/universal-user-agent/dist-web/index.js:2:5)
    at Object.5886 (/home/codespace/.vscode-remote/extensions/node_modules/@octokit/endpoint/dist-src/defaults.js:3:53)
    at __webpack_require__ (/home/codespace/.vscode-remote/extensions/github.codespaces-1.18.5/webpack/bootstrap:19:32)
    at /home/codespace/.vscode-remote/extensions/github.codespaces-1.18.5/out/bundle/extension-node.js:1556:263949
    at /home/codespace/.vscode-remote/extensions/github.codespaces-1.18.5/out/bundle/extension-node.js:1561:141029
    at Object.<anonymous> (/home/codespace/.vscode-remote/extensions/github.codespaces-1.18.5/out/bundle/extension-node.js:1561:141068)
    at Module._compile (node:internal/modules/cjs/loader:1706:14)
    at Object..js (node:internal/modules/cjs/loader:1839:10)
    at Module.load (node:internal/modules/cjs/loader:1441:32)
    at Function.<anonymous> (node:internal/modules/cjs/loader:1263:12)
    at Function.e._load (file:///vscode/bin/linux-x64/072586267e68ece9a47aa43f8c108e0dcbf44622/out/vs/workbench/api/node/extensionHostProcess.js:405:6055)
    at Function.t._load (file:///vscode/bin/linux-x64/072586267e68ece9a47aa43f8c108e0dcbf44622/out/vs/workbench/api/node/extensionHostProcess.js:223:22773)
    at Function.s._load (file:///vscode/bin/linux-x64/072586267e68ece9a47aa43f8c108e0dcbf44622/out/vs/workbench/api/node/extensionHostProcess.js:215:24706)
    at TracingChannel.traceSync (node:diagnostics_channel:328:14)
    at wrapModuleLoad (node:internal/modules/cjs/loader:237:24)
    at Module.require (node:internal/modules/cjs/loader:1463:12)
    at require (node:internal/modules/helpers:147:16)
    at pee.Cb (file:///vscode/bin/linux-x64/072586267e68ece9a47aa43f8c108e0dcbf44622/out/vs/workbench/api/node/extensionHostProcess.js:254:1256)
    at processTicksAndRejections (node:internal/process/task_queues:105:5)
2026-03-01 23:57:24.829 [error] PendingMigrationError: navigator is now a global in nodejs, please see https://aka.ms/vscode-extensions/navigator for additional info on this error.
    at get (file:///vscode/bin/linux-x64/072586267e68ece9a47aa43f8c108e0dcbf44622/out/vs/workbench/api/node/extensionHostProcess.js:405:6685)
    at getUserAgent (/home/codespace/.vscode-remote/extensions/node_modules/universal-user-agent/dist-web/index.js:2:5)
    at Object.5886 (/home/codespace/.vscode-remote/extensions/node_modules/@octokit/request/dist-src/index.js:7:52)
    at __webpack_require__ (/home/codespace/.vscode-remote/extensions/github.codespaces-1.18.5/webpack/bootstrap:19:32)
    at /home/codespace/.vscode-remote/extensions/github.codespaces-1.18.5/out/bundle/extension-node.js:1556:263949
    at /home/codespace/.vscode-remote/extensions/github.codespaces-1.18.5/out/bundle/extension-node.js:1561:141029
    at Object.<anonymous> (/home/codespace/.vscode-remote/extensions/github.codespaces-1.18.5/out/bundle/extension-node.js:1561:141068)
    at Module._compile (node:internal/modules/cjs/loader:1706:14)
    at Object..js (node:internal/modules/cjs/loader:1839:10)
    at Module.load (node:internal/modules/cjs/loader:1441:32)
    at Function.<anonymous> (node:internal/modules/cjs/loader:1263:12)
    at Function.e._load (file:///vscode/bin/linux-x64/072586267e68ece9a47aa43f8c108e0dcbf44622/out/vs/workbench/api/node/extensionHostProcess.js:405:6055)
    at Function.t._load (file:///vscode/bin/linux-x64/072586267e68ece9a47aa43f8c108e0dcbf44622/out/vs/workbench/api/node/extensionHostProcess.js:223:22773)
    at Function.s._load (file:///vscode/bin/linux-x64/072586267e68ece9a47aa43f8c108e0dcbf44622/out/vs/workbench/api/node/extensionHostProcess.js:215:24706)
    at TracingChannel.traceSync (node:diagnostics_channel:328:14)
    at wrapModuleLoad (node:internal/modules/cjs/loader:237:24)
    at Module.require (node:internal/modules/cjs/loader:1463:12)
    at require (node:internal/modules/helpers:147:16)
    at pee.Cb (file:///vscode/bin/linux-x64/072586267e68ece9a47aa43f8c108e0dcbf44622/out/vs/workbench/api/node/extensionHostProcess.js:254:1256)
    at processTicksAndRejections (node:internal/process/task_queues:105:5)
2026-03-01 23:57:24.829 [error] PendingMigrationError: navigator is now a global in nodejs, please see https://aka.ms/vscode-extensions/navigator for additional info on this error.
    at get (file:///vscode/bin/linux-x64/072586267e68ece9a47aa43f8c108e0dcbf44622/out/vs/workbench/api/node/extensionHostProcess.js:405:6685)
    at getUserAgent (/home/codespace/.vscode-remote/extensions/node_modules/universal-user-agent/dist-web/index.js:2:5)
    at Object.5886 (/home/codespace/.vscode-remote/extensions/node_modules/@octokit/graphql/dist-web/index.js:112:52)
    at __webpack_require__ (/home/codespace/.vscode-remote/extensions/github.codespaces-1.18.5/webpack/bootstrap:19:32)
    at /home/codespace/.vscode-remote/extensions/github.codespaces-1.18.5/out/bundle/extension-node.js:1556:263949
    at /home/codespace/.vscode-remote/extensions/github.codespaces-1.18.5/out/bundle/extension-node.js:1561:141029
    at Object.<anonymous> (/home/codespace/.vscode-remote/extensions/github.codespaces-1.18.5/out/bundle/extension-node.js:1561:141068)
    at Module._compile (node:internal/modules/cjs/loader:1706:14)
    at Object..js (node:internal/modules/cjs/loader:1839:10)
    at Module.load (node:internal/modules/cjs/loader:1441:32)
    at Function.<anonymous> (node:internal/modules/cjs/loader:1263:12)
    at Function.e._load (file:///vscode/bin/linux-x64/072586267e68ece9a47aa43f8c108e0dcbf44622/out/vs/workbench/api/node/extensionHostProcess.js:405:6055)
    at Function.t._load (file:///vscode/bin/linux-x64/072586267e68ece9a47aa43f8c108e0dcbf44622/out/vs/workbench/api/node/extensionHostProcess.js:223:22773)
    at Function.s._load (file:///vscode/bin/linux-x64/072586267e68ece9a47aa43f8c108e0dcbf44622/out/vs/workbench/api/node/extensionHostProcess.js:215:24706)
    at TracingChannel.traceSync (node:diagnostics_channel:328:14)
    at wrapModuleLoad (node:internal/modules/cjs/loader:237:24)
    at Module.require (node:internal/modules/cjs/loader:1463:12)
    at require (node:internal/modules/helpers:147:16)
    at pee.Cb (file:///vscode/bin/linux-x64/072586267e68ece9a47aa43f8c108e0dcbf44622/out/vs/workbench/api/node/extensionHostProcess.js:254:1256)
    at processTicksAndRejections (node:internal/process/task_queues:105:5)
2026-03-01 23:57:24.830 [error] PendingMigrationError: navigator is now a global in nodejs, please see https://aka.ms/vscode-extensions/navigator for additional info on this error.
    at get (file:///vscode/bin/linux-x64/072586267e68ece9a47aa43f8c108e0dcbf44622/out/vs/workbench/api/node/extensionHostProcess.js:405:6685)
    at getUserAgent (/home/codespace/.vscode-remote/extensions/node_modules/universal-user-agent/dist-web/index.js:2:5)
    at Object.5886 (/home/codespace/.vscode-remote/extensions/node_modules/@octokit/core/dist-web/index.js:16:52)
    at __webpack_require__ (/home/codespace/.vscode-remote/extensions/github.codespaces-1.18.5/webpack/bootstrap:19:32)
    at /home/codespace/.vscode-remote/extensions/github.codespaces-1.18.5/out/bundle/extension-node.js:1556:263949
    at /home/codespace/.vscode-remote/extensions/github.codespaces-1.18.5/out/bundle/extension-node.js:1561:141029
    at Object.<anonymous> (/home/codespace/.vscode-remote/extensions/github.codespaces-1.18.5/out/bundle/extension-node.js:1561:141068)
    at Module._compile (node:internal/modules/cjs/loader:1706:14)
    at Object..js (node:internal/modules/cjs/loader:1839:10)
    at Module.load (node:internal/modules/cjs/loader:1441:32)
    at Function.<anonymous> (node:internal/modules/cjs/loader:1263:12)
    at Function.e._load (file:///vscode/bin/linux-x64/072586267e68ece9a47aa43f8c108e0dcbf44622/out/vs/workbench/api/node/extensionHostProcess.js:405:6055)
    at Function.t._load (file:///vscode/bin/linux-x64/072586267e68ece9a47aa43f8c108e0dcbf44622/out/vs/workbench/api/node/extensionHostProcess.js:223:22773)
    at Function.s._load (file:///vscode/bin/linux-x64/072586267e68ece9a47aa43f8c108e0dcbf44622/out/vs/workbench/api/node/extensionHostProcess.js:215:24706)
    at TracingChannel.traceSync (node:diagnostics_channel:328:14)
    at wrapModuleLoad (node:internal/modules/cjs/loader:237:24)
    at Module.require (node:internal/modules/cjs/loader:1463:12)
    at require (node:internal/modules/helpers:147:16)
    at pee.Cb (file:///vscode/bin/linux-x64/072586267e68ece9a47aa43f8c108e0dcbf44622/out/vs/workbench/api/node/extensionHostProcess.js:254:1256)
    at processTicksAndRejections (node:internal/process/task_queues:105:5)
2026-03-01 23:57:24.888 [info] ExtensionService#_doActivateExtension vscode.css-language-features, startup: false, activationEvent: 'onLanguage:css'
2026-03-01 23:57:24.935 [info] Lock '/home/codespace/.vscode-remote/data/User/workspaceStorage/-6661f43/vscode.lock': The lock looks stale even after waiting for 2s.
2026-03-01 23:57:24.935 [info] Lock '/home/codespace/.vscode-remote/data/User/workspaceStorage/-6661f43/vscode.lock': Deleting a stale lock.
2026-03-01 23:57:24.969 [info] Lock '/home/codespace/.vscode-remote/data/User/workspaceStorage/-6661f43/vscode.lock': Lock acquired.
2026-03-01 23:57:25.465 [info] ExtensionService#_doActivateExtension vscode.git, startup: false, activationEvent: '*'
2026-03-01 23:57:25.465 [info] ExtensionService#_doActivateExtension vscode.github, startup: false, activationEvent: '*'
2026-03-01 23:57:26.160 [info] Eager extensions activated
2026-03-01 23:57:26.161 [info] ExtensionService#_doActivateExtension vscode.debug-auto-launch, startup: false, activationEvent: 'onStartupFinished'
2026-03-01 23:57:26.161 [info] ExtensionService#_doActivateExtension vscode.merge-conflict, startup: false, activationEvent: 'onStartupFinished'
2026-03-01 23:57:26.163 [info] ExtensionService#_doActivateExtension GitHub.vscode-pull-request-github, startup: false, activationEvent: 'onStartupFinished'
2026-03-01 23:57:33.745 [info] ExtensionService#_doActivateExtension vscode.terminal-suggest, startup: false, activationEvent: 'onTerminalShellIntegration:*'
2026-03-02 00:04:16.171 [info] ExtensionService#_doActivateExtension vscode.html-language-features, startup: false, activationEvent: 'onLanguage:html'
2026-03-02 00:35:04.414 [info] ExtensionService#_doActivateExtension vscode.media-preview, startup: false, activationEvent: 'onCustomEditor:imagePreview.previewEditor'
2026-03-02 01:32:34.645 [info] Extension host terminating: renderer disconnected for too long (2)
2026-03-02 01:32:34.647 [info] Lock '/home/codespace/.vscode-remote/data/User/workspaceStorage/-6661f43/vscode.lock': Marking the lockfile as scheduled to be released in 6000 ms.
2026-03-02 01:32:34.842 [error] Unable to refresh tree view github.codespaces.performanceExplorer: Canceled
2026-03-02 01:32:34.847 [error] ProxyResolver#resolveProxy undefined Canceled: Canceled
	at ou (file:///vscode/bin/linux-x64/072586267e68ece9a47aa43f8c108e0dcbf44622/out/vs/workbench/api/node/extensionHostProcess.js:7:1394)
	at file:///vscode/bin/linux-x64/072586267e68ece9a47aa43f8c108e0dcbf44622/out/vs/workbench/api/node/extensionHostProcess.js:29:172420
	at Array.forEach (<anonymous>)
	at RE.dispose (file:///vscode/bin/linux-x64/072586267e68ece9a47aa43f8c108e0dcbf44622/out/vs/workbench/api/node/extensionHostProcess.js:29:172360)
	at pee.terminate (file:///vscode/bin/linux-x64/072586267e68ece9a47aa43f8c108e0dcbf44622/out/vs/workbench/api/node/extensionHostProcess.js:120:10238)
	at nL.terminate (file:///vscode/bin/linux-x64/072586267e68ece9a47aa43f8c108e0dcbf44622/out/vs/workbench/api/node/extensionHostProcess.js:122:914)
	at zr (file:///vscode/bin/linux-x64/072586267e68ece9a47aa43f8c108e0dcbf44622/out/vs/workbench/api/node/extensionHostProcess.js:405:11144)
	at Ok.a (file:///vscode/bin/linux-x64/072586267e68ece9a47aa43f8c108e0dcbf44622/out/vs/workbench/api/node/extensionHostProcess.js:405:8032)
	at Ok.h (file:///vscode/bin/linux-x64/072586267e68ece9a47aa43f8c108e0dcbf44622/out/vs/workbench/api/node/extensionHostProcess.js:28:76923)
	at listOnTimeout (node:internal/timers:588:17)
	at process.processTimers (node:internal/timers:523:7) 
2026-03-02 01:32:34.847 [error] ProxyResolver#resolveProxy undefined Canceled: Canceled
	at ou (file:///vscode/bin/linux-x64/072586267e68ece9a47aa43f8c108e0dcbf44622/out/vs/workbench/api/node/extensionHostProcess.js:7:1394)
	at file:///vscode/bin/linux-x64/072586267e68ece9a47aa43f8c108e0dcbf44622/out/vs/workbench/api/node/extensionHostProcess.js:29:172420
	at Array.forEach (<anonymous>)
	at RE.dispose (file:///vscode/bin/linux-x64/072586267e68ece9a47aa43f8c108e0dcbf44622/out/vs/workbench/api/node/extensionHostProcess.js:29:172360)
	at pee.terminate (file:///vscode/bin/linux-x64/072586267e68ece9a47aa43f8c108e0dcbf44622/out/vs/workbench/api/node/extensionHostProcess.js:120:10238)
	at nL.terminate (file:///vscode/bin/linux-x64/072586267e68ece9a47aa43f8c108e0dcbf44622/out/vs/workbench/api/node/extensionHostProcess.js:122:914)
	at zr (file:///vscode/bin/linux-x64/072586267e68ece9a47aa43f8c108e0dcbf44622/out/vs/workbench/api/node/extensionHostProcess.js:405:11144)
	at Ok.a (file:///vscode/bin/linux-x64/072586267e68ece9a47aa43f8c108e0dcbf44622/out/vs/workbench/api/node/extensionHostProcess.js:405:8032)
	at Ok.h (file:///vscode/bin/linux-x64/072586267e68ece9a47aa43f8c108e0dcbf44622/out/vs/workbench/api/node/extensionHostProcess.js:28:76923)
	at listOnTimeout (node:internal/timers:588:17)
	at process.processTimers (node:internal/timers:523:7) 
2026-03-02 01:32:34.847 [error] ProxyResolver#resolveProxy undefined Canceled: Canceled
	at ou (file:///vscode/bin/linux-x64/072586267e68ece9a47aa43f8c108e0dcbf44622/out/vs/workbench/api/node/extensionHostProcess.js:7:1394)
	at file:///vscode/bin/linux-x64/072586267e68ece9a47aa43f8c108e0dcbf44622/out/vs/workbench/api/node/extensionHostProcess.js:29:172420
	at Array.forEach (<anonymous>)
	at RE.dispose (file:///vscode/bin/linux-x64/072586267e68ece9a47aa43f8c108e0dcbf44622/out/vs/workbench/api/node/extensionHostProcess.js:29:172360)
	at pee.terminate (file:///vscode/bin/linux-x64/072586267e68ece9a47aa43f8c108e0dcbf44622/out/vs/workbench/api/node/extensionHostProcess.js:120:10238)
	at nL.terminate (file:///vscode/bin/linux-x64/072586267e68ece9a47aa43f8c108e0dcbf44622/out/vs/workbench/api/node/extensionHostProcess.js:122:914)
	at zr (file:///vscode/bin/linux-x64/072586267e68ece9a47aa43f8c108e0dcbf44622/out/vs/workbench/api/node/extensionHostProcess.js:405:11144)
	at Ok.a (file:///vscode/bin/linux-x64/072586267e68ece9a47aa43f8c108e0dcbf44622/out/vs/workbench/api/node/extensionHostProcess.js:405:8032)
	at Ok.h (file:///vscode/bin/linux-x64/072586267e68ece9a47aa43f8c108e0dcbf44622/out/vs/workbench/api/node/extensionHostProcess.js:28:76923)
	at listOnTimeout (node:internal/timers:588:17)
	at process.processTimers (node:internal/timers:523:7) 
2026-03-02 01:32:34.848 [error] Unable to refresh tree view github.codespaces.performanceExplorer: Canceled
2026-03-02 01:32:35.053 [error] Unable to refresh tree view github.codespaces.performanceExplorer: Canceled
2026-03-02 01:32:35.053 [error] Unable to refresh tree view github.codespaces.performanceExplorer: Canceled
2026-03-02 01:32:35.053 [error] Unable to refresh tree view github.codespaces.performanceExplorer: Canceled
2026-03-02 01:32:35.053 [error] Unable to refresh tree view github.codespaces.performanceExplorer: Canceled
2026-03-02 01:32:35.053 [error] Unable to refresh tree view github.codespaces.performanceExplorer: Canceled
2026-03-02 01:32:35.053 [error] Unable to refresh tree view github.codespaces.performanceExplorer: Canceled
2026-03-02 01:32:35.053 [error] Unable to refresh tree view github.codespaces.performanceExplorer: Canceled
2026-03-02 01:32:35.053 [error] Unable to refresh tree view github.codespaces.performanceExplorer: Canceled
2026-03-02 01:32:35.053 [error] Unable to refresh tree view github.codespaces.performanceExplorer: Canceled
2026-03-02 01:32:35.065 [info] Extension host with pid 635 exiting with code 0
