2026-03-01 23:57:28.991 [warning] /home/codespace/.ssh/config: ENOENT: no such file or directory, open '/home/codespace/.ssh/config'
2026-03-01 23:57:28.992 [info] [Activation] Extension version: 0.128.0
2026-03-01 23:57:30.688 [info] [Authentication] Creating hub for .com
2026-03-01 23:57:31.499 [info] [Activation] Registering built in git provider.
2026-03-01 23:57:31.499 [info] [Activation] Looking for git repository
2026-03-01 23:57:31.508 [info] [Activation] Found 0 repositories during activation
2026-03-01 23:57:31.508 [info] [Activation] Git repository found, initializing review manager and pr tree view.
2026-03-01 23:57:31.633 [info] [GitAPI] Registering git provider
2026-03-01 23:57:31.633 [info] [Review+0] Validate state in progress
2026-03-01 23:57:31.633 [info] [Review+0] Validating state...
2026-03-01 23:57:32.378 [info] [FolderRepositoryManager+0] Found GitHub remote for folder /workspaces/C-Projects
2026-03-01 23:57:32.875 [info] [GitPostCommitCommands] Trying to register post commit commands.
2026-03-01 23:57:32.875 [info] [GitPostCommitCommands] GitHub remote(s) found, registering post commit commands.
2026-03-01 23:57:32.875 [info] [GitPostCommitCommands] Looking for remote. Comparing 1 local repo remotes with 1 GitHub repositories.
2026-03-01 23:57:32.875 [info] [GitPostCommitCommands] Found a repo when getting post commit commands.
2026-03-01 23:57:32.875 [info] [GitPostCommitCommands] Looking for remote. Comparing 1 local repo remotes with 1 GitHub repositories.
2026-03-01 23:57:32.875 [info] [GitPostCommitCommands] Found a repo when getting post commit commands.
2026-03-01 23:57:33.506 [info] [GitPostCommitCommands] Looking for remote. Comparing 1 local repo remotes with 1 GitHub repositories.
2026-03-01 23:57:33.506 [info] [GitPostCommitCommands] Found a repo when getting post commit commands.
2026-03-01 23:57:33.506 [info] [GitPostCommitCommands] Looking for remote. Comparing 1 local repo remotes with 1 GitHub repositories.
2026-03-01 23:57:33.506 [info] [GitPostCommitCommands] Found a repo when getting post commit commands.
2026-03-01 23:57:34.486 [info] [FolderRepositoryManager+0] Trying to use globalState for assignableUsers.
2026-03-01 23:57:34.763 [info] [Review+0] No matching pull request metadata found locally for current branch main
2026-03-01 23:57:35.057 [info] [FolderRepositoryManager+0] Using globalState assignableUsers for 1.
2026-03-01 23:57:35.304 [info] [Review+0] No matching pull request metadata found on GitHub for current branch main
2026-03-02 00:18:20.717 [info] [Activation] Repo state for file:///workspaces/C-Projects changed.
2026-03-02 00:18:20.717 [info] [Activation] Repo file:///workspaces/C-Projects has already been setup.
