2026-03-08 23:59:49.620 [info] Reading sessions from keychain...
2026-03-08 23:59:49.621 [info] Got stored sessions!
2026-03-08 23:59:49.621 [info] Got 6 verified sessions.
2026-03-08 23:59:49.621 [info] Getting sessions for all scopes...
2026-03-08 23:59:49.621 [info] Got 6 sessions for ...
2026-03-08 23:59:49.621 [info] Getting sessions for all scopes...
2026-03-08 23:59:49.621 [info] Got 6 sessions for ...
2026-03-08 23:59:49.621 [info] Getting sessions for all scopes...
2026-03-08 23:59:49.621 [info] Got 6 sessions for ...
2026-03-08 23:59:49.621 [info] Getting sessions for all scopes...
2026-03-08 23:59:49.621 [info] Got 6 sessions for ...
2026-03-08 23:59:49.621 [info] Getting sessions for user:email...
2026-03-08 23:59:49.621 [info] Got 1 sessions for user:email...
2026-03-08 23:59:49.621 [info] Getting sessions for all scopes...
2026-03-08 23:59:49.621 [info] Got 6 sessions for ...
2026-03-08 23:59:49.621 [info] Getting sessions for all scopes...
2026-03-08 23:59:49.621 [info] Got 6 sessions for ...
2026-03-08 23:59:49.621 [info] Getting sessions for codespace,read:user,repo,user:email...
2026-03-08 23:59:49.621 [info] Got 1 sessions for codespace,read:user,repo,user:email...
2026-03-08 23:59:49.621 [info] Getting sessions for all scopes...
2026-03-08 23:59:49.621 [info] Got 6 sessions for ...
2026-03-08 23:59:49.621 [info] Getting sessions for all scopes...
2026-03-08 23:59:49.621 [info] Got 6 sessions for ...
2026-03-08 23:59:49.731 [info] Getting sessions for all scopes...
2026-03-08 23:59:49.732 [info] Got 6 sessions for ...
2026-03-08 23:59:50.188 [info] Getting sessions for project,read:org,read:user,repo,user:email,workflow...
2026-03-08 23:59:50.188 [info] Got 0 sessions for project,read:org,read:user,repo,user:email,workflow...
2026-03-08 23:59:50.314 [info] Getting sessions for all scopes...
2026-03-08 23:59:50.314 [info] Got 6 sessions for ...
2026-03-08 23:59:50.525 [info] Getting sessions for all scopes...
2026-03-08 23:59:50.525 [info] Got 6 sessions for ...
2026-03-08 23:59:50.815 [info] FetcherService: Node fetch failed with status: 429 Too Many Requests
2026-03-08 23:59:50.827 [info] Unable to resolve optional EDU details. Status: 429 Too Many Requests
2026-03-08 23:59:50.909 [info] Getting sessions for read:user,repo,user:email,workflow...
2026-03-08 23:59:50.911 [info] Got 1 sessions for read:user,repo,user:email,workflow...
2026-03-08 23:59:52.250 [info] Getting sessions for read:user,repo,user:email,workflow...
2026-03-08 23:59:52.251 [info] Got 1 sessions for read:user,repo,user:email,workflow...
2026-03-09 00:02:12.331 [info] Getting sessions for all scopes...
2026-03-09 00:02:12.331 [info] Got 6 sessions for ...
2026-03-09 00:02:12.386 [info] Getting sessions for all scopes...
2026-03-09 00:02:12.386 [info] Got 6 sessions for ...
2026-03-09 00:03:09.272 [info] Getting sessions for all scopes...
2026-03-09 00:03:09.272 [info] Got 6 sessions for ...
2026-03-09 00:03:09.356 [info] Getting sessions for all scopes...
2026-03-09 00:03:09.356 [info] Got 6 sessions for ...
2026-03-09 00:04:08.943 [info] Getting sessions for all scopes...
2026-03-09 00:04:08.943 [info] Got 6 sessions for ...
2026-03-09 00:04:09.031 [info] Getting sessions for all scopes...
2026-03-09 00:04:09.031 [info] Got 6 sessions for ...
2026-03-09 00:05:04.979 [info] Getting sessions for all scopes...
2026-03-09 00:05:04.979 [info] Got 6 sessions for ...
2026-03-09 00:05:05.035 [info] Getting sessions for all scopes...
2026-03-09 00:05:05.035 [info] Got 6 sessions for ...
2026-03-09 00:05:24.429 [info] Getting sessions for all scopes...
2026-03-09 00:05:24.429 [info] Got 6 sessions for ...
2026-03-09 00:05:24.479 [info] Getting sessions for all scopes...
2026-03-09 00:05:24.479 [info] Got 6 sessions for ...
