2026-03-02 01:27:47.029 [info] Reading sessions from keychain...
2026-03-02 01:27:47.029 [info] Got stored sessions!
2026-03-02 01:27:47.029 [info] Got 6 verified sessions.
2026-03-02 01:27:47.030 [info] Getting sessions for all scopes...
2026-03-02 01:27:47.030 [info] Got 6 sessions for ...
2026-03-02 01:27:47.030 [info] Getting sessions for all scopes...
2026-03-02 01:27:47.030 [info] Got 6 sessions for ...
2026-03-02 01:27:47.030 [info] Getting sessions for all scopes...
2026-03-02 01:27:47.030 [info] Got 6 sessions for ...
2026-03-02 01:27:47.030 [info] Getting sessions for all scopes...
2026-03-02 01:27:47.030 [info] Got 6 sessions for ...
2026-03-02 01:27:47.109 [info] Getting sessions for user:email...
2026-03-02 01:27:47.109 [info] Got 1 sessions for user:email...
2026-03-02 01:27:48.060 [info] Getting sessions for all scopes...
2026-03-02 01:27:48.060 [info] Got 6 sessions for ...
2026-03-02 01:27:48.061 [info] Getting sessions for all scopes...
2026-03-02 01:27:48.061 [info] Got 6 sessions for ...
2026-03-02 01:27:48.431 [info] Getting sessions for codespace,read:user,repo,user:email...
2026-03-02 01:27:48.432 [info] Got 1 sessions for codespace,read:user,repo,user:email...
2026-03-02 01:27:48.439 [info] Getting sessions for all scopes...
2026-03-02 01:27:48.439 [info] Got 6 sessions for ...
2026-03-02 01:27:49.194 [info] Getting sessions for all scopes...
2026-03-02 01:27:49.194 [info] Got 6 sessions for ...
2026-03-02 01:27:49.361 [info] Getting sessions for project,read:org,read:user,repo,user:email,workflow...
2026-03-02 01:27:49.361 [info] Got 0 sessions for project,read:org,read:user,repo,user:email,workflow...
2026-03-02 01:27:49.942 [info] FetcherService: Node fetch failed with status: 429 Too Many Requests
2026-03-02 01:27:49.967 [info] Unable to resolve optional EDU details. Status: 429 Too Many Requests
2026-03-02 01:27:49.995 [info] Getting sessions for all scopes...
2026-03-02 01:27:49.995 [info] Got 6 sessions for ...
2026-03-02 01:27:50.446 [info] Getting sessions for all scopes...
2026-03-02 01:27:50.449 [info] Got 6 sessions for ...
2026-03-02 01:27:50.450 [info] Getting sessions for read:user,repo,user:email,workflow...
2026-03-02 01:27:50.450 [info] Got 1 sessions for read:user,repo,user:email,workflow...
2026-03-02 01:27:50.643 [info] Getting sessions for read:user,repo,user:email,workflow...
2026-03-02 01:27:50.643 [info] Got 1 sessions for read:user,repo,user:email,workflow...
2026-03-02 01:27:50.719 [info] Getting sessions for all scopes...
2026-03-02 01:27:50.719 [info] Got 6 sessions for ...
