2026-03-08 23:59:50.541 [warning] /home/codespace/.ssh/config: ENOENT: no such file or directory, open '/home/codespace/.ssh/config'
2026-03-08 23:59:50.541 [info] [Activation] Extension version: 0.130.0
2026-03-08 23:59:51.106 [info] [Authentication] Creating hub for .com
2026-03-08 23:59:52.004 [info] [Activation] Registering built in git provider.
2026-03-08 23:59:52.004 [info] [Activation] Looking for git repository
2026-03-08 23:59:52.004 [info] [Activation] Found 0 repositories during activation
2026-03-08 23:59:52.004 [info] [Activation] Git repository found, initializing review manager and pr tree view.
2026-03-08 23:59:52.020 [info] [GitAPI] Registering git provider
2026-03-08 23:59:52.124 [info] [Activation] Git initialization state changed: state=initialized
2026-03-08 23:59:52.124 [info] [Review+0] Validate state in progress
2026-03-08 23:59:52.124 [info] [Review+0] Validating state...
2026-03-08 23:59:52.612 [info] [GitPostCommitCommands] Trying to register post commit commands.
2026-03-08 23:59:52.616 [info] [FolderRepositoryManager+0] Found GitHub remote for folder /workspaces/C-Projects
2026-03-08 23:59:52.849 [info] [Activation] Repo state for file:///workspaces/C-Projects changed.
2026-03-08 23:59:52.849 [info] [Activation] Repo file:///workspaces/C-Projects has already been setup.
2026-03-08 23:59:53.501 [info] [FolderRepositoryManager+0] Trying to use globalState for assignableUsers.
2026-03-08 23:59:53.503 [info] [GitPostCommitCommands] Trying to register post commit commands.
2026-03-08 23:59:53.503 [info] [GitPostCommitCommands] GitHub remote(s) found, registering post commit commands.
2026-03-08 23:59:53.503 [info] [GitPostCommitCommands] Looking for remote. Comparing 1 local repo remotes with 1 GitHub repositories.
2026-03-08 23:59:53.503 [info] [GitPostCommitCommands] Found no repos when getting post commit commands.
2026-03-08 23:59:53.503 [info] [GitPostCommitCommands] Looking for remote. Comparing 1 local repo remotes with 1 GitHub repositories.
2026-03-08 23:59:53.503 [info] [GitPostCommitCommands] Found no repos when getting post commit commands.
2026-03-08 23:59:53.601 [info] [Review+0] No matching pull request metadata found locally for current branch main
2026-03-08 23:59:53.649 [info] [GitPostCommitCommands] Looking for remote. Comparing 1 local repo remotes with 1 GitHub repositories.
2026-03-08 23:59:53.649 [info] [GitPostCommitCommands] Found no repos when getting post commit commands.
2026-03-08 23:59:53.650 [info] [GitPostCommitCommands] Looking for remote. Comparing 1 local repo remotes with 1 GitHub repositories.
2026-03-08 23:59:53.650 [info] [GitPostCommitCommands] Found no repos when getting post commit commands.
2026-03-08 23:59:53.799 [info] [FolderRepositoryManager+0] Using globalState assignableUsers for 1.
2026-03-08 23:59:54.235 [info] [Review+0] No matching pull request metadata found on GitHub for current branch main
