2026-03-15 18:41:27.155 [info] [main] Log level: Info
2026-03-15 18:41:27.155 [info] [main] Validating found git in: "git"
2026-03-15 18:41:27.155 [info] [main] Using git "2.52.0" from "git"
2026-03-15 18:41:27.155 [info] [Model][doInitialScan] Initial repository scan started
2026-03-15 18:41:27.155 [info] > git rev-parse --show-toplevel [110ms]
2026-03-15 18:41:27.155 [info] > git rev-parse --git-dir --git-common-dir --show-superproject-working-tree [33ms]
2026-03-15 18:41:27.155 [info] [Model][openRepository] Opened repository (path): /workspaces/C-Projects
2026-03-15 18:41:27.155 [info] [Model][openRepository] Opened repository (real path): /workspaces/C-Projects
2026-03-15 18:41:27.155 [info] [Model][openRepository] Opened repository (kind): repository
2026-03-15 18:41:27.155 [info] > git rev-parse --show-toplevel [452ms]
2026-03-15 18:41:27.155 [info] > git config --get commit.template [520ms]
2026-03-15 18:41:27.711 [info] > git for-each-ref --format=%(refname)%00%(upstream:short)%00%(objectname)%00%(upstream:track)%00%(upstream:remotename)%00%(upstream:remoteref) refs/heads/main refs/remotes/main [460ms]
2026-03-15 18:41:27.720 [info] > git rev-parse --show-toplevel [535ms]
2026-03-15 18:41:28.146 [info] > git check-ignore -v -z --stdin [365ms]
2026-03-15 18:41:28.157 [info] > git rev-parse --show-toplevel [90ms]
2026-03-15 18:41:28.630 [info] > git status -z -uall [220ms]
2026-03-15 18:41:28.644 [info] > git rev-parse --show-toplevel [432ms]
2026-03-15 18:41:28.651 [info] [Model][doInitialScan] Initial repository scan completed - repositories (1), closed repositories (0), parent repositories (0), unsafe repositories (0)
2026-03-15 18:41:28.680 [info] > git for-each-ref --sort -committerdate --format %(refname)%00%(objectname)%00%(*objectname) [212ms]
2026-03-15 18:41:28.958 [info] > git for-each-ref --format=%(refname)%00%(upstream:short)%00%(objectname)%00%(upstream:track)%00%(upstream:remotename)%00%(upstream:remoteref) refs/heads/main refs/remotes/main [144ms]
2026-03-15 18:41:29.111 [info] > git config --get commit.template [165ms]
2026-03-15 18:41:29.157 [info] > git config --get --local branch.main.vscode-merge-base [112ms]
2026-03-15 18:41:29.488 [info] > git for-each-ref --format=%(refname)%00%(upstream:short)%00%(objectname)%00%(upstream:track)%00%(upstream:remotename)%00%(upstream:remoteref) refs/heads/origin/main refs/remotes/origin/main [284ms]
2026-03-15 18:41:29.753 [info] > git for-each-ref --format=%(refname)%00%(upstream:short)%00%(objectname)%00%(upstream:track)%00%(upstream:remotename)%00%(upstream:remoteref) refs/heads/main refs/remotes/main [430ms]
2026-03-15 18:41:29.793 [info] > git merge-base refs/heads/main refs/remotes/origin/main [208ms]
2026-03-15 18:41:29.887 [info] > git diff --raw --numstat --diff-filter=ADMR -z --find-renames=50% 71180f2965edd71d2fbd4ecada0bb4290213be6f...refs/remotes/origin/main -- [51ms]
2026-03-15 18:41:30.410 [info] > git status -z -uall [483ms]
2026-03-15 18:41:30.418 [info] > git config --local -l [73ms]
2026-03-15 18:41:30.430 [info] > git for-each-ref --sort -committerdate --format %(refname)%00%(objectname)%00%(*objectname) [464ms]
2026-03-15 18:41:31.293 [info] > git config --local -l [536ms]
2026-03-15 18:41:31.299 [info] > git config --local -l [587ms]
2026-03-15 18:41:31.302 [info] > git config --local -l [658ms]
2026-03-15 18:41:31.308 [info] > git config --local -l [721ms]
2026-03-15 18:41:32.629 [info] > git config --local -l [249ms]
2026-03-15 18:41:32.657 [info] > git config --local -l [318ms]
2026-03-15 18:41:32.663 [info] > git config --local -l [340ms]
2026-03-15 18:41:32.663 [info] > git config --local -l [381ms]
2026-03-15 18:41:32.664 [info] > git config --local -l [420ms]
2026-03-15 18:42:22.862 [info] > git config --get commit.template [18ms]
2026-03-15 18:42:22.864 [info] > git for-each-ref --format=%(refname)%00%(upstream:short)%00%(objectname)%00%(upstream:track)%00%(upstream:remotename)%00%(upstream:remoteref) refs/heads/main refs/remotes/main [8ms]
2026-03-15 18:42:22.933 [info] > git status -z -uall [42ms]
2026-03-15 18:42:22.937 [info] > git for-each-ref --sort -committerdate --format %(refname)%00%(objectname)%00%(*objectname) [16ms]
2026-03-15 18:42:23.052 [info] > git check-ignore -v -z --stdin [14ms]
2026-03-15 18:42:52.269 [info] > git check-ignore -v -z --stdin [3ms]
2026-03-15 18:46:30.344 [info] > git rev-parse --show-toplevel [3ms]
2026-03-15 18:46:30.344 [info] fatal: not a git repository (or any of the parent directories): .git
2026-03-15 18:46:33.627 [info] > git rev-parse --show-toplevel [2ms]
2026-03-15 18:46:33.627 [info] fatal: not a git repository (or any of the parent directories): .git
2026-03-15 18:46:40.386 [info] > git rev-parse --show-toplevel [2ms]
2026-03-15 18:46:40.386 [info] fatal: not a git repository (or any of the parent directories): .git
2026-03-15 18:46:47.373 [info] > git check-ignore -v -z --stdin [2ms]
2026-03-15 18:46:49.319 [info] > git check-ignore -v -z --stdin [5ms]
2026-03-15 18:51:15.339 [info] > git rev-parse --show-toplevel [1ms]
2026-03-15 18:51:15.339 [info] fatal: not a git repository (or any of the parent directories): .git
2026-03-15 18:51:34.805 [info] > git rev-parse --show-toplevel [1ms]
2026-03-15 18:51:34.805 [info] fatal: not a git repository (or any of the parent directories): .git
2026-03-15 18:51:54.586 [info] > git rev-parse --show-toplevel [3ms]
2026-03-15 18:51:54.586 [info] fatal: not a git repository (or any of the parent directories): .git
2026-03-15 18:53:24.825 [info] > git rev-parse --show-toplevel [3ms]
2026-03-15 18:53:24.825 [info] fatal: not a git repository (or any of the parent directories): .git
2026-03-15 18:53:54.659 [info] > git rev-parse --show-toplevel [3ms]
2026-03-15 18:53:54.659 [info] fatal: not a git repository (or any of the parent directories): .git
2026-03-15 18:53:56.545 [info] > git rev-parse --show-toplevel [9ms]
2026-03-15 18:53:56.545 [info] fatal: not a git repository (or any of the parent directories): .git
2026-03-15 18:54:17.500 [info] > git rev-parse --show-toplevel [8ms]
2026-03-15 18:54:17.500 [info] fatal: not a git repository (or any of the parent directories): .git
2026-03-15 18:54:23.661 [info] > git rev-parse --show-toplevel [1ms]
2026-03-15 18:54:23.661 [info] fatal: not a git repository (or any of the parent directories): .git
2026-03-15 18:56:25.981 [info] > git rev-parse --show-toplevel [3ms]
2026-03-15 18:56:25.981 [info] fatal: not a git repository (or any of the parent directories): .git
2026-03-15 18:56:47.098 [info] > git rev-parse --show-toplevel [2ms]
2026-03-15 18:56:47.098 [info] fatal: not a git repository (or any of the parent directories): .git
2026-03-15 19:06:15.891 [info] > git rev-parse --show-toplevel [4ms]
2026-03-15 19:06:15.891 [info] fatal: not a git repository (or any of the parent directories): .git
2026-03-15 19:18:32.561 [info] > git rev-parse --show-toplevel [2ms]
2026-03-15 19:18:32.561 [info] fatal: not a git repository (or any of the parent directories): .git
2026-03-15 19:28:46.117 [info] > git rev-parse --show-toplevel [3ms]
2026-03-15 19:28:46.117 [info] fatal: not a git repository (or any of the parent directories): .git
2026-03-15 19:29:35.844 [info] > git rev-parse --show-toplevel [1ms]
2026-03-15 19:29:35.844 [info] fatal: not a git repository (or any of the parent directories): .git
2026-03-15 19:45:32.402 [info] > git rev-parse --show-toplevel [1ms]
2026-03-15 19:45:32.402 [info] fatal: not a git repository (or any of the parent directories): .git
2026-03-15 19:45:58.180 [info] > git rev-parse --show-toplevel [2ms]
2026-03-15 19:45:58.180 [info] fatal: not a git repository (or any of the parent directories): .git
2026-03-15 19:46:27.033 [info] > git rev-parse --show-toplevel [2ms]
2026-03-15 19:46:27.033 [info] fatal: not a git repository (or any of the parent directories): .git
2026-03-15 19:51:26.482 [info] > git config --get commit.template [25ms]
2026-03-15 19:51:26.487 [info] > git for-each-ref --format=%(refname)%00%(upstream:short)%00%(objectname)%00%(upstream:track)%00%(upstream:remotename)%00%(upstream:remoteref) refs/heads/main refs/remotes/main [6ms]
2026-03-15 19:51:26.518 [info] > git status -z -uall [19ms]
2026-03-15 19:51:26.525 [info] > git for-each-ref --sort -committerdate --format %(refname)%00%(objectname)%00%(*objectname) [8ms]
2026-03-15 19:51:26.673 [info] > git check-ignore -v -z --stdin [3ms]
2026-03-15 19:52:04.147 [info] > git rev-parse --show-toplevel [9ms]
2026-03-15 19:52:04.147 [info] fatal: not a git repository (or any of the parent directories): .git
2026-03-15 19:54:07.323 [info] > git rev-parse --show-toplevel [4ms]
2026-03-15 19:54:07.323 [info] fatal: not a git repository (or any of the parent directories): .git
2026-03-15 19:56:14.552 [info] > git rev-parse --show-toplevel [3ms]
2026-03-15 19:56:14.552 [info] fatal: not a git repository (or any of the parent directories): .git
2026-03-15 19:58:32.650 [info] > git rev-parse --show-toplevel [3ms]
2026-03-15 19:58:32.650 [info] fatal: not a git repository (or any of the parent directories): .git
2026-03-15 19:59:02.991 [info] > git rev-parse --show-toplevel [2ms]
2026-03-15 19:59:02.991 [info] fatal: not a git repository (or any of the parent directories): .git
2026-03-15 19:59:05.918 [info] > git rev-parse --show-toplevel [1ms]
2026-03-15 19:59:05.918 [info] fatal: not a git repository (or any of the parent directories): .git
2026-03-15 20:00:43.114 [info] > git rev-parse --show-toplevel [2ms]
2026-03-15 20:00:43.114 [info] fatal: not a git repository (or any of the parent directories): .git
2026-03-15 20:00:53.370 [info] > git rev-parse --show-toplevel [5ms]
2026-03-15 20:00:53.370 [info] fatal: not a git repository (or any of the parent directories): .git
2026-03-15 20:00:54.123 [info] > git rev-parse --show-toplevel [1ms]
2026-03-15 20:00:54.123 [info] fatal: not a git repository (or any of the parent directories): .git
2026-03-15 20:01:34.021 [info] > git rev-parse --show-toplevel [1ms]
2026-03-15 20:01:34.021 [info] fatal: not a git repository (or any of the parent directories): .git
2026-03-15 20:02:42.025 [info] > git rev-parse --show-toplevel [6ms]
2026-03-15 20:02:42.025 [info] fatal: not a git repository (or any of the parent directories): .git
2026-03-15 20:02:53.213 [info] > git rev-parse --show-toplevel [2ms]
2026-03-15 20:02:53.213 [info] fatal: not a git repository (or any of the parent directories): .git
2026-03-15 20:04:58.472 [info] > git check-ignore -v -z --stdin [2ms]
2026-03-15 20:05:26.818 [info] > git rev-parse --show-toplevel [3ms]
2026-03-15 20:05:26.819 [info] fatal: not a git repository (or any of the parent directories): .git
2026-03-15 20:06:20.640 [info] > git rev-parse --show-toplevel [1ms]
2026-03-15 20:06:20.640 [info] fatal: not a git repository (or any of the parent directories): .git
2026-03-15 20:07:13.492 [info] > git rev-parse --show-toplevel [6ms]
2026-03-15 20:07:13.492 [info] fatal: not a git repository (or any of the parent directories): .git
2026-03-15 20:07:18.429 [info] > git rev-parse --show-toplevel [2ms]
2026-03-15 20:07:18.429 [info] fatal: not a git repository (or any of the parent directories): .git
2026-03-15 20:07:19.231 [info] > git rev-parse --show-toplevel [2ms]
2026-03-15 20:07:19.231 [info] fatal: not a git repository (or any of the parent directories): .git
2026-03-15 20:12:38.715 [info] > git rev-parse --show-toplevel [4ms]
2026-03-15 20:12:38.715 [info] fatal: not a git repository (or any of the parent directories): .git
2026-03-15 20:14:10.718 [info] > git rev-parse --show-toplevel [2ms]
2026-03-15 20:14:10.718 [info] fatal: not a git repository (or any of the parent directories): .git
2026-03-15 20:19:58.084 [info] > git rev-parse --show-toplevel [2ms]
2026-03-15 20:19:58.084 [info] fatal: not a git repository (or any of the parent directories): .git
2026-03-15 20:28:00.689 [info] > git rev-parse --show-toplevel [2ms]
2026-03-15 20:28:00.689 [info] fatal: not a git repository (or any of the parent directories): .git
2026-03-15 20:35:55.257 [info] > git rev-parse --show-toplevel [1ms]
2026-03-15 20:35:55.257 [info] fatal: not a git repository (or any of the parent directories): .git
2026-03-15 20:36:01.200 [info] > git rev-parse --show-toplevel [3ms]
2026-03-15 20:36:01.200 [info] fatal: not a git repository (or any of the parent directories): .git
2026-03-15 20:36:03.308 [info] > git rev-parse --show-toplevel [11ms]
2026-03-15 20:36:03.308 [info] fatal: not a git repository (or any of the parent directories): .git
2026-03-15 20:37:57.102 [info] > git check-ignore -v -z --stdin [4ms]
2026-03-15 20:38:04.914 [info] > git check-ignore -v -z --stdin [5ms]
2026-03-15 20:38:08.301 [info] > git check-ignore -v -z --stdin [5ms]
2026-03-15 20:39:14.587 [info] > git config --get commit.template [14ms]
2026-03-15 20:39:14.593 [info] > git for-each-ref --format=%(refname)%00%(upstream:short)%00%(objectname)%00%(upstream:track)%00%(upstream:remotename)%00%(upstream:remoteref) refs/heads/main refs/remotes/main [6ms]
2026-03-15 20:39:14.640 [info] > git status -z -uall [23ms]
2026-03-15 20:39:14.645 [info] > git for-each-ref --sort -committerdate --format %(refname)%00%(objectname)%00%(*objectname) [8ms]
2026-03-15 20:39:16.836 [info] > git check-ignore -v -z --stdin [7ms]
2026-03-15 20:39:16.934 [info] > git show --textconv :README.md [24ms]
2026-03-15 20:39:16.972 [info] > git ls-files --stage -- README.md [45ms]
2026-03-15 20:39:17.036 [info] > git cat-file -s 51220f5308da9d76362d6cbf425f27ec7e6e5d8e [23ms]
2026-03-15 20:39:17.806 [info] > git check-ignore -v -z --stdin [2ms]
2026-03-15 20:39:17.921 [info] > git show --textconv :trivia/styles.css [19ms]
2026-03-15 20:39:17.923 [info] > git ls-files --stage -- trivia/styles.css [3ms]
2026-03-15 20:39:17.938 [info] > git cat-file -s de7b706e74112c8d7e8bbe1745e8839f2a7e4edf [2ms]
2026-03-15 20:39:18.174 [info] > git blame --root --incremental 71180f2965edd71d2fbd4ecada0bb4290213be6f -- trivia/styles.css [9ms]
2026-03-15 20:39:19.272 [info] > git check-ignore -v -z --stdin [10ms]
2026-03-15 20:39:19.471 [info] > git show --textconv :trivia/index.html [38ms]
2026-03-15 20:39:19.481 [info] > git ls-files --stage -- trivia/index.html [12ms]
2026-03-15 20:39:19.545 [info] > git cat-file -s 08cea3334149dc5f83aad2eab19c51fa010063f9 [9ms]
2026-03-15 20:39:19.685 [info] > git blame --root --incremental 71180f2965edd71d2fbd4ecada0bb4290213be6f -- trivia/index.html [11ms]
