2026-03-17 00:13:00.799 [info] [main] Log level: Info
2026-03-17 00:13:00.799 [info] [main] Validating found git in: "git"
2026-03-17 00:13:00.799 [info] [main] Using git "2.52.0" from "git"
2026-03-17 00:13:00.799 [info] [Model][doInitialScan] Initial repository scan started
2026-03-17 00:13:00.829 [info] > git rev-parse --show-toplevel [60ms]
2026-03-17 00:13:00.848 [info] > git rev-parse --git-dir --git-common-dir --show-superproject-working-tree [5ms]
2026-03-17 00:13:01.247 [info] [Model][openRepository] Opened repository (path): /workspaces/C-Projects
2026-03-17 00:13:01.247 [info] [Model][openRepository] Opened repository (real path): /workspaces/C-Projects
2026-03-17 00:13:01.247 [info] [Model][openRepository] Opened repository (kind): repository
2026-03-17 00:13:01.408 [info] > git rev-parse --show-toplevel [32ms]
2026-03-17 00:13:01.411 [info] > git config --get commit.template [46ms]
2026-03-17 00:13:01.468 [info] > git rev-parse --show-toplevel [27ms]
2026-03-17 00:13:01.491 [info] > git rev-parse --show-toplevel [2ms]
2026-03-17 00:13:01.548 [info] > git rev-parse --show-toplevel [27ms]
2026-03-17 00:13:01.578 [info] > git rev-parse --show-toplevel [5ms]
2026-03-17 00:13:01.584 [info] [Model][doInitialScan] Initial repository scan completed - repositories (1), closed repositories (0), parent repositories (0), unsafe repositories (0)
2026-03-17 00:13:01.808 [info] > git for-each-ref --format=%(refname)%00%(upstream:short)%00%(objectname)%00%(upstream:track)%00%(upstream:remotename)%00%(upstream:remoteref) refs/heads/main refs/remotes/main [348ms]
2026-03-17 00:13:01.869 [info] > git status -z -uall [38ms]
2026-03-17 00:13:01.869 [info] > git for-each-ref --sort -committerdate --format %(refname)%00%(objectname)%00%(*objectname) [21ms]
2026-03-17 00:13:01.937 [info] > git for-each-ref --format=%(refname)%00%(upstream:short)%00%(objectname)%00%(upstream:track)%00%(upstream:remotename)%00%(upstream:remoteref) refs/heads/main refs/remotes/main [33ms]
2026-03-17 00:13:01.961 [info] > git config --get commit.template [24ms]
2026-03-17 00:13:01.962 [info] > git config --get --local branch.main.vscode-merge-base [17ms]
2026-03-17 00:13:01.992 [info] > git for-each-ref --format=%(refname)%00%(upstream:short)%00%(objectname)%00%(upstream:track)%00%(upstream:remotename)%00%(upstream:remoteref) refs/heads/origin/main refs/remotes/origin/main [20ms]
2026-03-17 00:13:02.026 [info] > git for-each-ref --format=%(refname)%00%(upstream:short)%00%(objectname)%00%(upstream:track)%00%(upstream:remotename)%00%(upstream:remoteref) refs/heads/main refs/remotes/main [35ms]
2026-03-17 00:13:02.031 [info] > git merge-base refs/heads/main refs/remotes/origin/main [16ms]
2026-03-17 00:13:02.067 [info] > git diff --raw --numstat --diff-filter=ADMR -z --find-renames=50% 71180f2965edd71d2fbd4ecada0bb4290213be6f...refs/remotes/origin/main -- [15ms]
2026-03-17 00:13:02.071 [info] > git check-ignore -v -z --stdin [5ms]
2026-03-17 00:13:02.471 [info] > git status -z -uall [367ms]
2026-03-17 00:13:02.522 [info] > git for-each-ref --sort -committerdate --format %(refname)%00%(objectname)%00%(*objectname) [380ms]
2026-03-17 00:13:02.878 [info] > git check-ignore -v -z --stdin [124ms]
2026-03-17 00:13:03.477 [info] > git config --local -l [115ms]
2026-03-17 00:13:03.747 [info] > git config --local -l [94ms]
2026-03-17 00:13:03.748 [info] > git config --local -l [129ms]
2026-03-17 00:13:03.749 [info] > git config --local -l [149ms]
2026-03-17 00:13:03.762 [info] > git config --local -l [181ms]
2026-03-17 00:13:05.093 [info] > git config --local -l [76ms]
2026-03-17 00:13:05.111 [info] > git config --local -l [133ms]
2026-03-17 00:13:05.111 [info] > git config --local -l [145ms]
2026-03-17 00:13:05.112 [info] > git config --local -l [158ms]
2026-03-17 00:13:05.114 [info] > git config --local -l [172ms]
2026-03-17 00:15:26.846 [info] > git config --get commit.template [9ms]
2026-03-17 00:15:26.875 [info] > git for-each-ref --format=%(refname)%00%(upstream:short)%00%(objectname)%00%(upstream:track)%00%(upstream:remotename)%00%(upstream:remoteref) refs/heads/main refs/remotes/main [8ms]
2026-03-17 00:15:26.905 [info] > git status -z -uall [15ms]
2026-03-17 00:15:26.907 [info] > git for-each-ref --sort -committerdate --format %(refname)%00%(objectname)%00%(*objectname) [4ms]
2026-03-17 00:38:13.352 [info] > git config --get commit.template [13ms]
2026-03-17 00:38:13.354 [info] > git for-each-ref --format=%(refname)%00%(upstream:short)%00%(objectname)%00%(upstream:track)%00%(upstream:remotename)%00%(upstream:remoteref) refs/heads/main refs/remotes/main [4ms]
2026-03-17 00:38:13.377 [info] > git status -z -uall [11ms]
2026-03-17 00:38:13.384 [info] > git for-each-ref --sort -committerdate --format %(refname)%00%(objectname)%00%(*objectname) [7ms]
2026-03-17 00:38:13.808 [info] > git check-ignore -v -z --stdin [3ms]
2026-03-17 00:38:13.906 [info] > git show --textconv :cs50-practice/week9/birthdays/app.py [36ms]
2026-03-17 00:38:13.907 [info] > git show --textconv HEAD:cs50-practice/week9/birthdays/app.py [25ms]
2026-03-17 00:38:13.907 [info] > git ls-files --stage -- cs50-practice/week9/birthdays/app.py [15ms]
2026-03-17 00:38:13.932 [info] > git cat-file -s c95f9a33957e8f3fea3ff86abafe33fa12c9fc1b [16ms]
2026-03-17 00:38:13.932 [info] > git ls-tree -l HEAD -- cs50-practice/week9/birthdays/app.py [30ms]
2026-03-17 00:38:13.941 [info] > git hash-object -t tree /dev/null [11ms]
2026-03-17 00:38:13.941 [warning] [GitFileSystemProvider][readFile] File not found - git:/workspaces/C-Projects/cs50-practice/week9/birthdays/app.py.git?%7B%22path%22%3A%22%2Fworkspaces%2FC-Projects%2Fcs50-practice%2Fweek9%2Fbirthdays%2Fapp.py%22%2C%22ref%22%3A%22HEAD%22%7D
2026-03-17 00:38:13.942 [info] > git hash-object -t tree /dev/null [2ms]
2026-03-17 00:38:13.943 [warning] [GitFileSystemProvider][stat] File not found - git:/workspaces/C-Projects/cs50-practice/week9/birthdays/app.py.git?%7B%22path%22%3A%22%2Fworkspaces%2FC-Projects%2Fcs50-practice%2Fweek9%2Fbirthdays%2Fapp.py%22%2C%22ref%22%3A%22HEAD%22%7D
2026-03-17 00:38:14.156 [info] > git blame --root --incremental 71180f2965edd71d2fbd4ecada0bb4290213be6f -- cs50-practice/week9/birthdays/app.py [6ms]
2026-03-17 00:38:14.156 [info] fatal: no such path cs50-practice/week9/birthdays/app.py in 71180f2965edd71d2fbd4ecada0bb4290213be6f
2026-03-17 00:38:14.420 [info] > git config --get commit.template [15ms]
2026-03-17 00:38:14.421 [info] > git for-each-ref --format=%(refname)%00%(upstream:short)%00%(objectname)%00%(upstream:track)%00%(upstream:remotename)%00%(upstream:remoteref) refs/heads/main refs/remotes/main [2ms]
2026-03-17 00:38:14.441 [info] > git status -z -uall [12ms]
2026-03-17 00:38:14.452 [info] > git for-each-ref --sort -committerdate --format %(refname)%00%(objectname)%00%(*objectname) [12ms]
2026-03-17 00:38:14.596 [info] > git ls-files --stage -- cs50-practice/week9/birthdays/app.py [3ms]
2026-03-17 00:38:14.630 [info] > git cat-file -s c95f9a33957e8f3fea3ff86abafe33fa12c9fc1b [12ms]
2026-03-17 00:38:14.723 [info] > git show --textconv :cs50-practice/week9/birthdays/app.py [10ms]
2026-03-17 00:38:14.925 [info] > git check-ignore -v -z --stdin [5ms]
2026-03-17 00:52:13.795 [info] > git rev-parse --show-toplevel [1ms]
2026-03-17 00:52:13.796 [info] fatal: this operation must be run in a work tree
2026-03-17 00:53:41.192 [info] > git check-ignore -v -z --stdin [9ms]
2026-03-17 00:53:41.290 [info] > git show --textconv :cs50-practice/week9/birthdays/app.py [44ms]
2026-03-17 00:53:41.290 [info] > git show --textconv HEAD:cs50-practice/week9/birthdays/app.py [27ms]
2026-03-17 00:53:41.290 [info] > git ls-files --stage -- cs50-practice/week9/birthdays/app.py [12ms]
2026-03-17 00:53:41.299 [warning] [GitFileSystemProvider][readFile] File not found - git:/workspaces/C-Projects/cs50-practice/week9/birthdays/app.py.git?%7B%22path%22%3A%22%2Fworkspaces%2FC-Projects%2Fcs50-practice%2Fweek9%2Fbirthdays%2Fapp.py%22%2C%22ref%22%3A%22HEAD%22%7D
2026-03-17 00:53:41.301 [info] > git ls-tree -l HEAD -- cs50-practice/week9/birthdays/app.py [14ms]
2026-03-17 00:53:41.302 [warning] [GitFileSystemProvider][stat] File not found - git:/workspaces/C-Projects/cs50-practice/week9/birthdays/app.py.git?%7B%22path%22%3A%22%2Fworkspaces%2FC-Projects%2Fcs50-practice%2Fweek9%2Fbirthdays%2Fapp.py%22%2C%22ref%22%3A%22HEAD%22%7D
2026-03-17 00:53:41.302 [info] > git cat-file -s c95f9a33957e8f3fea3ff86abafe33fa12c9fc1b [4ms]
2026-03-17 00:53:59.179 [info] > git check-ignore -v -z --stdin [0ms]
2026-03-17 00:54:01.193 [info] > git config --get commit.template [16ms]
2026-03-17 00:54:01.193 [info] > git for-each-ref --format=%(refname)%00%(upstream:short)%00%(objectname)%00%(upstream:track)%00%(upstream:remotename)%00%(upstream:remoteref) refs/heads/main refs/remotes/main [1ms]
2026-03-17 00:54:01.215 [info] > git status -z -uall [12ms]
2026-03-17 00:54:01.222 [info] > git for-each-ref --sort -committerdate --format %(refname)%00%(objectname)%00%(*objectname) [9ms]
2026-03-17 00:54:01.707 [info] > git check-ignore -v -z --stdin [1ms]
2026-03-17 00:54:03.159 [info] > git check-ignore -v -z --stdin [4ms]
2026-03-17 00:54:03.585 [info] > git check-ignore -v -z --stdin [3ms]
2026-03-17 00:54:06.248 [info] > git config --get commit.template [10ms]
2026-03-17 00:54:06.249 [info] > git for-each-ref --format=%(refname)%00%(upstream:short)%00%(objectname)%00%(upstream:track)%00%(upstream:remotename)%00%(upstream:remoteref) refs/heads/main refs/remotes/main [2ms]
2026-03-17 00:54:06.269 [info] > git status -z -uall [12ms]
2026-03-17 00:54:06.272 [info] > git for-each-ref --sort -committerdate --format %(refname)%00%(objectname)%00%(*objectname) [4ms]
2026-03-17 00:54:06.955 [info] > git check-ignore -v -z --stdin [3ms]
2026-03-17 00:57:39.377 [info] > git check-ignore -v -z --stdin [4ms]
2026-03-17 00:57:39.455 [info] > git show --textconv :.gitignore [15ms]
2026-03-17 00:57:39.456 [warning] [GitFileSystemProvider][readFile] File not found - git:/workspaces/C-Projects/.gitignore.git?%7B%22path%22%3A%22%2Fworkspaces%2FC-Projects%2F.gitignore%22%2C%22ref%22%3A%22%22%7D
2026-03-17 00:57:39.458 [info] > git ls-files --stage -- .gitignore [6ms]
2026-03-17 00:57:39.458 [warning] [GitFileSystemProvider][stat] File not found - git:/workspaces/C-Projects/.gitignore.git?%7B%22path%22%3A%22%2Fworkspaces%2FC-Projects%2F.gitignore%22%2C%22ref%22%3A%22%22%7D
2026-03-17 00:57:39.480 [info] > git check-ignore -v -z --stdin [2ms]
2026-03-17 00:57:39.992 [info] > git config --get commit.template [14ms]
2026-03-17 00:57:39.997 [info] > git for-each-ref --format=%(refname)%00%(upstream:short)%00%(objectname)%00%(upstream:track)%00%(upstream:remotename)%00%(upstream:remoteref) refs/heads/main refs/remotes/main [5ms]
2026-03-17 00:57:40.019 [info] > git status -z -uall [13ms]
2026-03-17 00:57:40.022 [info] > git for-each-ref --sort -committerdate --format %(refname)%00%(objectname)%00%(*objectname) [4ms]
2026-03-17 00:57:50.055 [info] > git check-ignore -v -z --stdin [6ms]
2026-03-17 00:57:50.422 [info] > git config --get commit.template [16ms]
2026-03-17 00:57:50.423 [info] > git for-each-ref --format=%(refname)%00%(upstream:short)%00%(objectname)%00%(upstream:track)%00%(upstream:remotename)%00%(upstream:remoteref) refs/heads/main refs/remotes/main [2ms]
2026-03-17 00:57:50.455 [info] > git status -z -uall [19ms]
2026-03-17 00:57:50.458 [info] > git for-each-ref --sort -committerdate --format %(refname)%00%(objectname)%00%(*objectname) [4ms]
2026-03-17 00:59:20.074 [info] > git check-ignore -v -z --stdin [6ms]
2026-03-17 00:59:20.199 [info] > git show --textconv :cs50-practice/week9/birthdays/app.py [27ms]
2026-03-17 00:59:20.199 [info] > git show --textconv HEAD:cs50-practice/week9/birthdays/app.py [19ms]
2026-03-17 00:59:20.199 [info] > git ls-files --stage -- cs50-practice/week9/birthdays/app.py [8ms]
2026-03-17 00:59:20.216 [warning] [GitFileSystemProvider][readFile] File not found - git:/workspaces/C-Projects/cs50-practice/week9/birthdays/app.py.git?%7B%22path%22%3A%22%2Fworkspaces%2FC-Projects%2Fcs50-practice%2Fweek9%2Fbirthdays%2Fapp.py%22%2C%22ref%22%3A%22HEAD%22%7D
2026-03-17 00:59:20.219 [info] > git ls-tree -l HEAD -- cs50-practice/week9/birthdays/app.py [21ms]
2026-03-17 00:59:20.219 [warning] [GitFileSystemProvider][stat] File not found - git:/workspaces/C-Projects/cs50-practice/week9/birthdays/app.py.git?%7B%22path%22%3A%22%2Fworkspaces%2FC-Projects%2Fcs50-practice%2Fweek9%2Fbirthdays%2Fapp.py%22%2C%22ref%22%3A%22HEAD%22%7D
2026-03-17 00:59:20.220 [info] > git cat-file -s c95f9a33957e8f3fea3ff86abafe33fa12c9fc1b [5ms]
2026-03-17 00:59:20.430 [info] > git check-ignore -v -z --stdin [4ms]
2026-03-17 00:59:20.958 [info] > git config --get commit.template [28ms]
2026-03-17 00:59:20.959 [info] > git for-each-ref --format=%(refname)%00%(upstream:short)%00%(objectname)%00%(upstream:track)%00%(upstream:remotename)%00%(upstream:remoteref) refs/heads/main refs/remotes/main [1ms]
2026-03-17 00:59:21.000 [info] > git status -z -uall [25ms]
2026-03-17 00:59:21.011 [info] > git for-each-ref --sort -committerdate --format %(refname)%00%(objectname)%00%(*objectname) [12ms]
2026-03-17 00:59:21.465 [info] > git check-ignore -v -z --stdin [3ms]
2026-03-17 01:01:51.726 [info] > git check-ignore -v -z --stdin [3ms]
2026-03-17 01:01:52.121 [info] > git config --get commit.template [20ms]
2026-03-17 01:01:52.123 [info] > git for-each-ref --format=%(refname)%00%(upstream:short)%00%(objectname)%00%(upstream:track)%00%(upstream:remotename)%00%(upstream:remoteref) refs/heads/main refs/remotes/main [3ms]
2026-03-17 01:01:52.154 [info] > git status -z -uall [18ms]
2026-03-17 01:01:52.157 [info] > git for-each-ref --sort -committerdate --format %(refname)%00%(objectname)%00%(*objectname) [4ms]
2026-03-17 01:01:52.652 [info] > git check-ignore -v -z --stdin [4ms]
2026-03-17 01:02:01.128 [info] > git check-ignore -v -z --stdin [5ms]
2026-03-17 01:02:01.503 [info] > git config --get commit.template [2ms]
2026-03-17 01:02:01.513 [info] > git for-each-ref --format=%(refname)%00%(upstream:short)%00%(objectname)%00%(upstream:track)%00%(upstream:remotename)%00%(upstream:remoteref) refs/heads/main refs/remotes/main [3ms]
2026-03-17 01:02:01.529 [info] > git status -z -uall [9ms]
2026-03-17 01:02:01.532 [info] > git for-each-ref --sort -committerdate --format %(refname)%00%(objectname)%00%(*objectname) [3ms]
2026-03-17 01:02:01.974 [info] > git check-ignore -v -z --stdin [3ms]
2026-03-17 01:03:57.308 [info] > git rev-parse --show-toplevel [3ms]
2026-03-17 01:04:13.449 [info] > git check-ignore -v -z --stdin [5ms]
2026-03-17 01:04:16.371 [info] > git check-ignore -v -z --stdin [6ms]
2026-03-17 01:04:34.688 [info] > git check-ignore -v -z --stdin [3ms]
2026-03-17 01:04:37.976 [info] > git check-ignore -v -z --stdin [3ms]
2026-03-17 01:04:41.386 [info] > git check-ignore -v -z --stdin [4ms]
2026-03-17 01:05:16.603 [info] > git check-ignore -v -z --stdin [3ms]
