2026-02-25 23:48:18.150 [info] Reading sessions from keychain...
2026-02-25 23:48:18.150 [info] Got stored sessions!
2026-02-25 23:48:18.150 [info] Got 6 verified sessions.
2026-02-25 23:48:18.150 [info] Getting sessions for all scopes...
2026-02-25 23:48:18.150 [info] Got 6 sessions for ...
2026-02-25 23:48:18.150 [info] Getting sessions for all scopes...
2026-02-25 23:48:18.150 [info] Got 6 sessions for ...
2026-02-25 23:48:18.150 [info] Getting sessions for all scopes...
2026-02-25 23:48:18.150 [info] Got 6 sessions for ...
2026-02-25 23:48:18.150 [info] Getting sessions for all scopes...
2026-02-25 23:48:18.150 [info] Got 6 sessions for ...
2026-02-25 23:48:18.150 [info] Getting sessions for user:email...
2026-02-25 23:48:18.150 [info] Got 1 sessions for user:email...
2026-02-25 23:48:18.403 [info] Getting sessions for all scopes...
2026-02-25 23:48:18.403 [info] Got 6 sessions for ...
2026-02-25 23:48:18.403 [info] Getting sessions for all scopes...
2026-02-25 23:48:18.403 [info] Got 6 sessions for ...
2026-02-25 23:48:18.453 [info] Getting sessions for codespace,read:user,repo,user:email...
2026-02-25 23:48:18.454 [info] Got 1 sessions for codespace,read:user,repo,user:email...
2026-02-25 23:48:18.793 [info] Getting sessions for all scopes...
2026-02-25 23:48:18.795 [info] Got 6 sessions for ...
2026-02-25 23:48:19.002 [info] Getting sessions for all scopes...
2026-02-25 23:48:19.002 [info] Got 6 sessions for ...
2026-02-25 23:48:19.010 [info] Getting sessions for project,read:org,read:user,repo,user:email,workflow...
2026-02-25 23:48:19.010 [info] Got 0 sessions for project,read:org,read:user,repo,user:email,workflow...
2026-02-25 23:48:19.149 [info] Getting sessions for read:user,repo,user:email,workflow...
2026-02-25 23:48:19.149 [info] Got 1 sessions for read:user,repo,user:email,workflow...
2026-02-25 23:48:19.184 [info] Getting sessions for all scopes...
2026-02-25 23:48:19.184 [info] Got 6 sessions for ...
2026-02-25 23:48:19.377 [info] FetcherService: Node fetch failed with status: 429 Too Many Requests
2026-02-25 23:48:19.382 [info] Unable to resolve optional EDU details. Status: 429 Too Many Requests
2026-02-25 23:48:19.398 [info] Getting sessions for all scopes...
2026-02-25 23:48:19.399 [info] Got 6 sessions for ...
2026-02-25 23:48:19.889 [info] Getting sessions for read:user,repo,user:email,workflow...
2026-02-25 23:48:19.889 [info] Got 1 sessions for read:user,repo,user:email,workflow...
2026-02-25 23:48:20.072 [info] Getting sessions for all scopes...
2026-02-25 23:48:20.072 [info] Got 6 sessions for ...
