2026-03-15 18:41:18.738 [info] Extension host with pid 635 started
2026-03-15 18:41:18.838 [error] Error: EEXIST: file already exists, open '/home/codespace/.vscode-remote/data/User/workspaceStorage/-6661f43/vscode.lock'
2026-03-15 18:41:18.891 [info] Lock '/home/codespace/.vscode-remote/data/User/workspaceStorage/-6661f43/vscode.lock': Could not acquire lock, checking if the file is stale.
2026-03-15 18:41:18.891 [info] Lock '/home/codespace/.vscode-remote/data/User/workspaceStorage/-6661f43/vscode.lock': The pid 593 appears to be gone.
2026-03-15 18:41:18.891 [info] Lock '/home/codespace/.vscode-remote/data/User/workspaceStorage/-6661f43/vscode.lock': Deleting a stale lock.
2026-03-15 18:41:19.048 [info] ExtensionService#_doActivateExtension vscode.github-authentication, startup: false, activationEvent: 'onAuthenticationRequest:github'
2026-03-15 18:41:19.050 [info] ExtensionService#_doActivateExtension vscode.emmet, startup: false, activationEvent: 'onLanguage'
2026-03-15 18:41:19.050 [info] ExtensionService#_doActivateExtension GitHub.codespaces, startup: false, activationEvent: 'onCommand:github.codespaces.activate'
2026-03-15 18:41:19.051 [info] ExtensionService#_doActivateExtension vscode.git-base, startup: false, activationEvent: '*', root cause: vscode.git
2026-03-15 18:41:19.051 [info] ExtensionService#_doActivateExtension vscode.tunnel-forwarding, startup: false, activationEvent: 'onTunnel'
2026-03-15 18:41:19.052 [info] ExtensionService#_doActivateExtension vscode.css-language-features, startup: false, activationEvent: 'onLanguage:css'
2026-03-15 18:41:19.052 [info] ExtensionService#_doActivateExtension vscode.html-language-features, startup: false, activationEvent: 'onLanguage:html'
2026-03-15 18:41:23.141 [error] PendingMigrationError: navigator is now a global in nodejs, please see https://aka.ms/vscode-extensions/navigator for additional info on this error.
    at get (file:///vscode/bin/linux-x64/ce099c1ed25d9eb3076c11e4a280f3eb52b4fbeb/out/vs/workbench/api/node/extensionHostProcess.js:800:7206)
    at Object.33559 (/home/codespace/.vscode-remote/extensions/node_modules/axios/dist/node/axios.cjs:1372:20)
    at __webpack_require__ (/home/codespace/.vscode-remote/extensions/github.codespaces-1.18.5/webpack/bootstrap:19:32)
    at Object.86259 (/home/codespace/.vscode-remote/extensions/node_modules/@microsoft/dev-tunnels-management/tunnelManagementHttpClient.js:10:17)
    at __webpack_require__ (/home/codespace/.vscode-remote/extensions/github.codespaces-1.18.5/webpack/bootstrap:19:32)
    at Object.74061 (/home/codespace/.vscode-remote/extensions/node_modules/@microsoft/dev-tunnels-management/index.js:19:14)
    at __webpack_require__ (/home/codespace/.vscode-remote/extensions/github.codespaces-1.18.5/webpack/bootstrap:19:32)
    at Object.48577 (/home/codespace/.vscode-remote/extensions/node_modules/@microsoft/dev-tunnels-connections/tunnelConnectionSession.js:7:34)
    at __webpack_require__ (/home/codespace/.vscode-remote/extensions/github.codespaces-1.18.5/webpack/bootstrap:19:32)
    at Object.19773 (/home/codespace/.vscode-remote/extensions/node_modules/@microsoft/dev-tunnels-connections/tunnelRelayTunnelClient.js:14:35)
    at __webpack_require__ (/home/codespace/.vscode-remote/extensions/github.codespaces-1.18.5/webpack/bootstrap:19:32)
    at Object.73551 (/home/codespace/.vscode-remote/extensions/node_modules/@microsoft/dev-tunnels-connections/index.js:31:14)
    at __webpack_require__ (/home/codespace/.vscode-remote/extensions/github.codespaces-1.18.5/webpack/bootstrap:19:32)
    at Object.72780 (/home/codespace/.vscode-remote/extensions/codespaces-internal/dist/src/connection/tunnelProvider.js:20:35)
    at __webpack_require__ (/home/codespace/.vscode-remote/extensions/github.codespaces-1.18.5/webpack/bootstrap:19:32)
    at Object.44731 (/home/codespace/.vscode-remote/extensions/codespaces-internal/dist/src/connection/index.js:18:14)
    at __webpack_require__ (/home/codespace/.vscode-remote/extensions/github.codespaces-1.18.5/webpack/bootstrap:19:32)
    at Object.8622 (/home/codespace/.vscode-remote/extensions/codespaces-internal/dist/src/index.js:17:14)
    at __webpack_require__ (/home/codespace/.vscode-remote/extensions/github.codespaces-1.18.5/webpack/bootstrap:19:32)
    at Object.14086 (/home/codespace/.vscode-remote/extensions/vscode-command-framework/dist/src/vscodeIdleStatus/VscodeActivityProvider.js:4:31)
    at __webpack_require__ (/home/codespace/.vscode-remote/extensions/github.codespaces-1.18.5/webpack/bootstrap:19:32)
    at Object.82235 (/home/codespace/.vscode-remote/extensions/vscode-command-framework/dist/src/index.js:53:32)
    at __webpack_require__ (/home/codespace/.vscode-remote/extensions/github.codespaces-1.18.5/webpack/bootstrap:19:32)
    at /home/codespace/.vscode-remote/extensions/github.codespaces-1.18.5/out/bundle/extension-node.js:1556:244351
    at /home/codespace/.vscode-remote/extensions/github.codespaces-1.18.5/out/bundle/extension-node.js:1561:141029
    at Object.<anonymous> (/home/codespace/.vscode-remote/extensions/github.codespaces-1.18.5/out/bundle/extension-node.js:1561:141068)
    at Module._compile (node:internal/modules/cjs/loader:1706:14)
    at Object..js (node:internal/modules/cjs/loader:1839:10)
    at Module.load (node:internal/modules/cjs/loader:1441:32)
    at Function.<anonymous> (node:internal/modules/cjs/loader:1263:12)
    at Function.r._load (file:///vscode/bin/linux-x64/ce099c1ed25d9eb3076c11e4a280f3eb52b4fbeb/out/vs/workbench/api/node/extensionHostProcess.js:800:6585)
    at Function.e._load (file:///vscode/bin/linux-x64/ce099c1ed25d9eb3076c11e4a280f3eb52b4fbeb/out/vs/workbench/api/node/extensionHostProcess.js:618:28604)
    at Function.n._load (file:///vscode/bin/linux-x64/ce099c1ed25d9eb3076c11e4a280f3eb52b4fbeb/out/vs/workbench/api/node/extensionHostProcess.js:610:25199)
    at TracingChannel.traceSync (node:diagnostics_channel:328:14)
    at wrapModuleLoad (node:internal/modules/cjs/loader:237:24)
    at Module.require (node:internal/modules/cjs/loader:1463:12)
    at require (node:internal/modules/helpers:147:16)
    at ck._doLoadModule (file:///vscode/bin/linux-x64/ce099c1ed25d9eb3076c11e4a280f3eb52b4fbeb/out/vs/workbench/api/node/extensionHostProcess.js:649:1614)
    at processTicksAndRejections (node:internal/process/task_queues:105:5)
2026-03-15 18:41:23.266 [error] PendingMigrationError: navigator is now a global in nodejs, please see https://aka.ms/vscode-extensions/navigator for additional info on this error.
    at get (file:///vscode/bin/linux-x64/ce099c1ed25d9eb3076c11e4a280f3eb52b4fbeb/out/vs/workbench/api/node/extensionHostProcess.js:800:7206)
    at Object.5886 (/home/codespace/.vscode-remote/extensions/node_modules/axios/lib/platform/common/utils.js:3:20)
    at __webpack_require__ (/home/codespace/.vscode-remote/extensions/github.codespaces-1.18.5/webpack/bootstrap:19:32)
    at /home/codespace/.vscode-remote/extensions/github.codespaces-1.18.5/out/bundle/extension-node.js:1556:263949
    at /home/codespace/.vscode-remote/extensions/github.codespaces-1.18.5/out/bundle/extension-node.js:1561:141029
    at Object.<anonymous> (/home/codespace/.vscode-remote/extensions/github.codespaces-1.18.5/out/bundle/extension-node.js:1561:141068)
    at Module._compile (node:internal/modules/cjs/loader:1706:14)
    at Object..js (node:internal/modules/cjs/loader:1839:10)
    at Module.load (node:internal/modules/cjs/loader:1441:32)
    at Function.<anonymous> (node:internal/modules/cjs/loader:1263:12)
    at Function.r._load (file:///vscode/bin/linux-x64/ce099c1ed25d9eb3076c11e4a280f3eb52b4fbeb/out/vs/workbench/api/node/extensionHostProcess.js:800:6585)
    at Function.e._load (file:///vscode/bin/linux-x64/ce099c1ed25d9eb3076c11e4a280f3eb52b4fbeb/out/vs/workbench/api/node/extensionHostProcess.js:618:28604)
    at Function.n._load (file:///vscode/bin/linux-x64/ce099c1ed25d9eb3076c11e4a280f3eb52b4fbeb/out/vs/workbench/api/node/extensionHostProcess.js:610:25199)
    at TracingChannel.traceSync (node:diagnostics_channel:328:14)
    at wrapModuleLoad (node:internal/modules/cjs/loader:237:24)
    at Module.require (node:internal/modules/cjs/loader:1463:12)
    at require (node:internal/modules/helpers:147:16)
    at ck._doLoadModule (file:///vscode/bin/linux-x64/ce099c1ed25d9eb3076c11e4a280f3eb52b4fbeb/out/vs/workbench/api/node/extensionHostProcess.js:649:1614)
    at processTicksAndRejections (node:internal/process/task_queues:105:5)
2026-03-15 18:41:23.271 [error] PendingMigrationError: navigator is now a global in nodejs, please see https://aka.ms/vscode-extensions/navigator for additional info on this error.
    at get (file:///vscode/bin/linux-x64/ce099c1ed25d9eb3076c11e4a280f3eb52b4fbeb/out/vs/workbench/api/node/extensionHostProcess.js:800:7206)
    at getUserAgent (/home/codespace/.vscode-remote/extensions/node_modules/universal-user-agent/dist-web/index.js:2:5)
    at Object.5886 (/home/codespace/.vscode-remote/extensions/node_modules/@octokit/endpoint/dist-src/defaults.js:3:53)
    at __webpack_require__ (/home/codespace/.vscode-remote/extensions/github.codespaces-1.18.5/webpack/bootstrap:19:32)
    at /home/codespace/.vscode-remote/extensions/github.codespaces-1.18.5/out/bundle/extension-node.js:1556:263949
    at /home/codespace/.vscode-remote/extensions/github.codespaces-1.18.5/out/bundle/extension-node.js:1561:141029
    at Object.<anonymous> (/home/codespace/.vscode-remote/extensions/github.codespaces-1.18.5/out/bundle/extension-node.js:1561:141068)
    at Module._compile (node:internal/modules/cjs/loader:1706:14)
    at Object..js (node:internal/modules/cjs/loader:1839:10)
    at Module.load (node:internal/modules/cjs/loader:1441:32)
    at Function.<anonymous> (node:internal/modules/cjs/loader:1263:12)
    at Function.r._load (file:///vscode/bin/linux-x64/ce099c1ed25d9eb3076c11e4a280f3eb52b4fbeb/out/vs/workbench/api/node/extensionHostProcess.js:800:6585)
    at Function.e._load (file:///vscode/bin/linux-x64/ce099c1ed25d9eb3076c11e4a280f3eb52b4fbeb/out/vs/workbench/api/node/extensionHostProcess.js:618:28604)
    at Function.n._load (file:///vscode/bin/linux-x64/ce099c1ed25d9eb3076c11e4a280f3eb52b4fbeb/out/vs/workbench/api/node/extensionHostProcess.js:610:25199)
    at TracingChannel.traceSync (node:diagnostics_channel:328:14)
    at wrapModuleLoad (node:internal/modules/cjs/loader:237:24)
    at Module.require (node:internal/modules/cjs/loader:1463:12)
    at require (node:internal/modules/helpers:147:16)
    at ck._doLoadModule (file:///vscode/bin/linux-x64/ce099c1ed25d9eb3076c11e4a280f3eb52b4fbeb/out/vs/workbench/api/node/extensionHostProcess.js:649:1614)
    at processTicksAndRejections (node:internal/process/task_queues:105:5)
2026-03-15 18:41:23.272 [error] PendingMigrationError: navigator is now a global in nodejs, please see https://aka.ms/vscode-extensions/navigator for additional info on this error.
    at get (file:///vscode/bin/linux-x64/ce099c1ed25d9eb3076c11e4a280f3eb52b4fbeb/out/vs/workbench/api/node/extensionHostProcess.js:800:7206)
    at getUserAgent (/home/codespace/.vscode-remote/extensions/node_modules/universal-user-agent/dist-web/index.js:2:5)
    at Object.5886 (/home/codespace/.vscode-remote/extensions/node_modules/@octokit/request/dist-src/index.js:7:52)
    at __webpack_require__ (/home/codespace/.vscode-remote/extensions/github.codespaces-1.18.5/webpack/bootstrap:19:32)
    at /home/codespace/.vscode-remote/extensions/github.codespaces-1.18.5/out/bundle/extension-node.js:1556:263949
    at /home/codespace/.vscode-remote/extensions/github.codespaces-1.18.5/out/bundle/extension-node.js:1561:141029
    at Object.<anonymous> (/home/codespace/.vscode-remote/extensions/github.codespaces-1.18.5/out/bundle/extension-node.js:1561:141068)
    at Module._compile (node:internal/modules/cjs/loader:1706:14)
    at Object..js (node:internal/modules/cjs/loader:1839:10)
    at Module.load (node:internal/modules/cjs/loader:1441:32)
    at Function.<anonymous> (node:internal/modules/cjs/loader:1263:12)
    at Function.r._load (file:///vscode/bin/linux-x64/ce099c1ed25d9eb3076c11e4a280f3eb52b4fbeb/out/vs/workbench/api/node/extensionHostProcess.js:800:6585)
    at Function.e._load (file:///vscode/bin/linux-x64/ce099c1ed25d9eb3076c11e4a280f3eb52b4fbeb/out/vs/workbench/api/node/extensionHostProcess.js:618:28604)
    at Function.n._load (file:///vscode/bin/linux-x64/ce099c1ed25d9eb3076c11e4a280f3eb52b4fbeb/out/vs/workbench/api/node/extensionHostProcess.js:610:25199)
    at TracingChannel.traceSync (node:diagnostics_channel:328:14)
    at wrapModuleLoad (node:internal/modules/cjs/loader:237:24)
    at Module.require (node:internal/modules/cjs/loader:1463:12)
    at require (node:internal/modules/helpers:147:16)
    at ck._doLoadModule (file:///vscode/bin/linux-x64/ce099c1ed25d9eb3076c11e4a280f3eb52b4fbeb/out/vs/workbench/api/node/extensionHostProcess.js:649:1614)
    at processTicksAndRejections (node:internal/process/task_queues:105:5)
2026-03-15 18:41:23.273 [error] PendingMigrationError: navigator is now a global in nodejs, please see https://aka.ms/vscode-extensions/navigator for additional info on this error.
    at get (file:///vscode/bin/linux-x64/ce099c1ed25d9eb3076c11e4a280f3eb52b4fbeb/out/vs/workbench/api/node/extensionHostProcess.js:800:7206)
    at getUserAgent (/home/codespace/.vscode-remote/extensions/node_modules/universal-user-agent/dist-web/index.js:2:5)
    at Object.5886 (/home/codespace/.vscode-remote/extensions/node_modules/@octokit/graphql/dist-web/index.js:112:52)
    at __webpack_require__ (/home/codespace/.vscode-remote/extensions/github.codespaces-1.18.5/webpack/bootstrap:19:32)
    at /home/codespace/.vscode-remote/extensions/github.codespaces-1.18.5/out/bundle/extension-node.js:1556:263949
    at /home/codespace/.vscode-remote/extensions/github.codespaces-1.18.5/out/bundle/extension-node.js:1561:141029
    at Object.<anonymous> (/home/codespace/.vscode-remote/extensions/github.codespaces-1.18.5/out/bundle/extension-node.js:1561:141068)
    at Module._compile (node:internal/modules/cjs/loader:1706:14)
    at Object..js (node:internal/modules/cjs/loader:1839:10)
    at Module.load (node:internal/modules/cjs/loader:1441:32)
    at Function.<anonymous> (node:internal/modules/cjs/loader:1263:12)
    at Function.r._load (file:///vscode/bin/linux-x64/ce099c1ed25d9eb3076c11e4a280f3eb52b4fbeb/out/vs/workbench/api/node/extensionHostProcess.js:800:6585)
    at Function.e._load (file:///vscode/bin/linux-x64/ce099c1ed25d9eb3076c11e4a280f3eb52b4fbeb/out/vs/workbench/api/node/extensionHostProcess.js:618:28604)
    at Function.n._load (file:///vscode/bin/linux-x64/ce099c1ed25d9eb3076c11e4a280f3eb52b4fbeb/out/vs/workbench/api/node/extensionHostProcess.js:610:25199)
    at TracingChannel.traceSync (node:diagnostics_channel:328:14)
    at wrapModuleLoad (node:internal/modules/cjs/loader:237:24)
    at Module.require (node:internal/modules/cjs/loader:1463:12)
    at require (node:internal/modules/helpers:147:16)
    at ck._doLoadModule (file:///vscode/bin/linux-x64/ce099c1ed25d9eb3076c11e4a280f3eb52b4fbeb/out/vs/workbench/api/node/extensionHostProcess.js:649:1614)
    at processTicksAndRejections (node:internal/process/task_queues:105:5)
2026-03-15 18:41:23.275 [error] PendingMigrationError: navigator is now a global in nodejs, please see https://aka.ms/vscode-extensions/navigator for additional info on this error.
    at get (file:///vscode/bin/linux-x64/ce099c1ed25d9eb3076c11e4a280f3eb52b4fbeb/out/vs/workbench/api/node/extensionHostProcess.js:800:7206)
    at getUserAgent (/home/codespace/.vscode-remote/extensions/node_modules/universal-user-agent/dist-web/index.js:2:5)
    at Object.5886 (/home/codespace/.vscode-remote/extensions/node_modules/@octokit/core/dist-web/index.js:16:52)
    at __webpack_require__ (/home/codespace/.vscode-remote/extensions/github.codespaces-1.18.5/webpack/bootstrap:19:32)
    at /home/codespace/.vscode-remote/extensions/github.codespaces-1.18.5/out/bundle/extension-node.js:1556:263949
    at /home/codespace/.vscode-remote/extensions/github.codespaces-1.18.5/out/bundle/extension-node.js:1561:141029
    at Object.<anonymous> (/home/codespace/.vscode-remote/extensions/github.codespaces-1.18.5/out/bundle/extension-node.js:1561:141068)
    at Module._compile (node:internal/modules/cjs/loader:1706:14)
    at Object..js (node:internal/modules/cjs/loader:1839:10)
    at Module.load (node:internal/modules/cjs/loader:1441:32)
    at Function.<anonymous> (node:internal/modules/cjs/loader:1263:12)
    at Function.r._load (file:///vscode/bin/linux-x64/ce099c1ed25d9eb3076c11e4a280f3eb52b4fbeb/out/vs/workbench/api/node/extensionHostProcess.js:800:6585)
    at Function.e._load (file:///vscode/bin/linux-x64/ce099c1ed25d9eb3076c11e4a280f3eb52b4fbeb/out/vs/workbench/api/node/extensionHostProcess.js:618:28604)
    at Function.n._load (file:///vscode/bin/linux-x64/ce099c1ed25d9eb3076c11e4a280f3eb52b4fbeb/out/vs/workbench/api/node/extensionHostProcess.js:610:25199)
    at TracingChannel.traceSync (node:diagnostics_channel:328:14)
    at wrapModuleLoad (node:internal/modules/cjs/loader:237:24)
    at Module.require (node:internal/modules/cjs/loader:1463:12)
    at require (node:internal/modules/helpers:147:16)
    at ck._doLoadModule (file:///vscode/bin/linux-x64/ce099c1ed25d9eb3076c11e4a280f3eb52b4fbeb/out/vs/workbench/api/node/extensionHostProcess.js:649:1614)
    at processTicksAndRejections (node:internal/process/task_queues:105:5)
2026-03-15 18:41:23.858 [info] Lock '/home/codespace/.vscode-remote/data/User/workspaceStorage/-6661f43/vscode.lock': Lock acquired.
2026-03-15 18:41:24.529 [info] ExtensionService#_doActivateExtension vscode.git, startup: false, activationEvent: '*'
2026-03-15 18:41:24.530 [info] ExtensionService#_doActivateExtension vscode.github, startup: false, activationEvent: '*'
2026-03-15 18:41:25.559 [info] Eager extensions activated
2026-03-15 18:41:25.564 [info] ExtensionService#_doActivateExtension vscode.debug-auto-launch, startup: false, activationEvent: 'onStartupFinished'
2026-03-15 18:41:25.565 [info] ExtensionService#_doActivateExtension vscode.merge-conflict, startup: false, activationEvent: 'onStartupFinished'
2026-03-15 18:41:25.565 [info] ExtensionService#_doActivateExtension GitHub.vscode-pull-request-github, startup: false, activationEvent: 'onStartupFinished'
2026-03-15 18:41:30.856 [info] ExtensionService#_doActivateExtension vscode.terminal-suggest, startup: false, activationEvent: 'onTerminalShellIntegration:*'
2026-03-15 18:41:32.467 [info] ExtensionService#_doActivateExtension vscode.npm, startup: false, activationEvent: 'onTerminalQuickFixRequest:ms-vscode.npm-command'
2026-03-15 20:39:16.551 [info] ExtensionService#_doActivateExtension vscode.extension-editing, startup: false, activationEvent: 'onLanguage:markdown'
2026-03-15 20:39:16.554 [info] ExtensionService#_doActivateExtension vscode.markdown-language-features, startup: false, activationEvent: 'onLanguage:markdown'
2026-03-15 20:39:17.430 [info] ExtensionService#_doActivateExtension vscode.markdown-math, startup: false, activationEvent: 'api', root cause: vscode.markdown-language-features
2026-03-15 20:50:49.691 [info] Extension host terminating: renderer disconnected for too long (2)
2026-03-15 20:50:49.692 [info] Lock '/home/codespace/.vscode-remote/data/User/workspaceStorage/-6661f43/vscode.lock': Marking the lockfile as scheduled to be released in 6000 ms.
2026-03-15 20:50:49.753 [error] Unable to refresh tree view github.codespaces.performanceExplorer: Canceled
2026-03-15 20:50:49.755 [error] ProxyResolver#resolveProxy undefined Canceled: Canceled
	at Hs (file:///vscode/bin/linux-x64/ce099c1ed25d9eb3076c11e4a280f3eb52b4fbeb/out/vs/workbench/api/node/extensionHostProcess.js:383:1546)
	at file:///vscode/bin/linux-x64/ce099c1ed25d9eb3076c11e4a280f3eb52b4fbeb/out/vs/workbench/api/node/extensionHostProcess.js:407:149591
	at Array.forEach (<anonymous>)
	at r.dispose (file:///vscode/bin/linux-x64/ce099c1ed25d9eb3076c11e4a280f3eb52b4fbeb/out/vs/workbench/api/node/extensionHostProcess.js:407:149499)
	at ck.terminate (file:///vscode/bin/linux-x64/ce099c1ed25d9eb3076c11e4a280f3eb52b4fbeb/out/vs/workbench/api/node/extensionHostProcess.js:498:12323)
	at r.terminate (file:///vscode/bin/linux-x64/ce099c1ed25d9eb3076c11e4a280f3eb52b4fbeb/out/vs/workbench/api/node/extensionHostProcess.js:500:1072)
	at Fs (file:///vscode/bin/linux-x64/ce099c1ed25d9eb3076c11e4a280f3eb52b4fbeb/out/vs/workbench/api/node/extensionHostProcess.js:800:11696)
	at Yf.runner (file:///vscode/bin/linux-x64/ce099c1ed25d9eb3076c11e4a280f3eb52b4fbeb/out/vs/workbench/api/node/extensionHostProcess.js:800:8532)
	at Yf.onInterval (file:///vscode/bin/linux-x64/ce099c1ed25d9eb3076c11e4a280f3eb52b4fbeb/out/vs/workbench/api/node/extensionHostProcess.js:404:78774)
	at listOnTimeout (node:internal/timers:588:17)
	at process.processTimers (node:internal/timers:523:7) 
2026-03-15 20:50:49.755 [error] Unable to refresh tree view github.codespaces.performanceExplorer: Canceled
2026-03-15 20:50:49.766 [error] Unable to refresh tree view github.codespaces.performanceExplorer: Canceled
2026-03-15 20:50:49.766 [error] Unable to refresh tree view github.codespaces.performanceExplorer: Canceled
2026-03-15 20:50:49.766 [error] Unable to refresh tree view github.codespaces.performanceExplorer: Canceled
2026-03-15 20:50:49.766 [error] Unable to refresh tree view github.codespaces.performanceExplorer: Canceled
2026-03-15 20:50:49.766 [error] Unable to refresh tree view github.codespaces.performanceExplorer: Canceled
2026-03-15 20:50:49.766 [error] Unable to refresh tree view github.codespaces.performanceExplorer: Canceled
2026-03-15 20:50:49.766 [error] Unable to refresh tree view github.codespaces.performanceExplorer: Canceled
2026-03-15 20:50:49.766 [error] Unable to refresh tree view github.codespaces.performanceExplorer: Canceled
2026-03-15 20:50:49.766 [error] Unable to refresh tree view github.codespaces.performanceExplorer: Canceled
2026-03-15 20:50:49.770 [info] Extension host with pid 635 exiting with code 0
