2026-02-25 23:48:18.683 [warning] /home/codespace/.ssh/config: ENOENT: no such file or directory, open '/home/codespace/.ssh/config'
2026-02-25 23:48:18.683 [info] [Activation] Extension version: 0.128.0
2026-02-25 23:48:20.193 [info] [Authentication] Creating hub for .com
2026-02-25 23:48:20.741 [info] [Activation] Registering built in git provider.
2026-02-25 23:48:20.741 [info] [Activation] Looking for git repository
2026-02-25 23:48:20.741 [info] [Activation] Found 0 repositories during activation
2026-02-25 23:48:20.741 [info] [Activation] Git repository found, initializing review manager and pr tree view.
2026-02-25 23:48:20.775 [info] [GitAPI] Registering git provider
2026-02-25 23:48:20.775 [info] [Review+0] Validate state in progress
2026-02-25 23:48:20.775 [info] [Review+0] Validating state...
2026-02-25 23:48:21.279 [info] [FolderRepositoryManager+0] Found GitHub remote for folder /workspaces/C-Projects
2026-02-25 23:48:21.438 [info] [GitPostCommitCommands] Trying to register post commit commands.
2026-02-25 23:48:21.438 [info] [GitPostCommitCommands] GitHub remote(s) found, registering post commit commands.
2026-02-25 23:48:21.438 [info] [GitPostCommitCommands] Looking for remote. Comparing 1 local repo remotes with 1 GitHub repositories.
2026-02-25 23:48:21.438 [info] [GitPostCommitCommands] Found a repo when getting post commit commands.
2026-02-25 23:48:21.438 [info] [GitPostCommitCommands] Looking for remote. Comparing 1 local repo remotes with 1 GitHub repositories.
2026-02-25 23:48:21.438 [info] [GitPostCommitCommands] Found a repo when getting post commit commands.
2026-02-25 23:48:21.482 [info] [GitPostCommitCommands] Looking for remote. Comparing 1 local repo remotes with 1 GitHub repositories.
2026-02-25 23:48:21.482 [info] [GitPostCommitCommands] Found a repo when getting post commit commands.
2026-02-25 23:48:21.482 [info] [GitPostCommitCommands] Looking for remote. Comparing 1 local repo remotes with 1 GitHub repositories.
2026-02-25 23:48:21.482 [info] [GitPostCommitCommands] Found a repo when getting post commit commands.
2026-02-25 23:48:22.361 [info] [FolderRepositoryManager+0] Trying to use globalState for assignableUsers.
2026-02-25 23:48:22.432 [info] [Review+0] No matching pull request metadata found locally for current branch main
2026-02-25 23:48:22.705 [info] [FolderRepositoryManager+0] Using globalState assignableUsers for 1.
2026-02-25 23:48:22.921 [info] [Review+0] No matching pull request metadata found on GitHub for current branch main
