2026-03-03 00:03:48.880 [info] Reading sessions from keychain...
2026-03-03 00:03:48.880 [info] Got stored sessions!
2026-03-03 00:03:48.880 [info] Got 6 verified sessions.
2026-03-03 00:03:48.880 [info] Getting sessions for all scopes...
2026-03-03 00:03:48.880 [info] Got 6 sessions for ...
2026-03-03 00:03:48.880 [info] Getting sessions for all scopes...
2026-03-03 00:03:48.880 [info] Got 6 sessions for ...
2026-03-03 00:03:48.880 [info] Getting sessions for all scopes...
2026-03-03 00:03:48.880 [info] Got 6 sessions for ...
2026-03-03 00:03:48.880 [info] Getting sessions for all scopes...
2026-03-03 00:03:48.880 [info] Got 6 sessions for ...
2026-03-03 00:03:48.880 [info] Getting sessions for user:email...
2026-03-03 00:03:48.880 [info] Got 1 sessions for user:email...
2026-03-03 00:03:48.880 [info] Getting sessions for codespace,read:user,repo,user:email...
2026-03-03 00:03:48.880 [info] Got 1 sessions for codespace,read:user,repo,user:email...
2026-03-03 00:03:48.880 [info] Getting sessions for all scopes...
2026-03-03 00:03:48.880 [info] Got 6 sessions for ...
2026-03-03 00:03:48.880 [info] Getting sessions for all scopes...
2026-03-03 00:03:48.880 [info] Got 6 sessions for ...
2026-03-03 00:03:48.996 [info] Getting sessions for all scopes...
2026-03-03 00:03:48.996 [info] Got 6 sessions for ...
2026-03-03 00:03:49.281 [info] Getting sessions for all scopes...
2026-03-03 00:03:49.282 [info] Got 6 sessions for ...
2026-03-03 00:03:49.461 [info] Getting sessions for project,read:org,read:user,repo,user:email,workflow...
2026-03-03 00:03:49.461 [info] Got 0 sessions for project,read:org,read:user,repo,user:email,workflow...
2026-03-03 00:03:49.461 [info] Getting sessions for all scopes...
2026-03-03 00:03:49.461 [info] Got 6 sessions for ...
2026-03-03 00:03:50.204 [info] Getting sessions for all scopes...
2026-03-03 00:03:50.204 [info] Got 6 sessions for ...
2026-03-03 00:03:50.865 [info] FetcherService: Node fetch failed with status: 429 Too Many Requests
2026-03-03 00:03:50.872 [info] Unable to resolve optional EDU details. Status: 429 Too Many Requests
2026-03-03 00:03:50.886 [info] Getting sessions for all scopes...
2026-03-03 00:03:50.886 [info] Got 6 sessions for ...
2026-03-03 00:03:52.038 [info] Getting sessions for read:user,repo,user:email,workflow...
2026-03-03 00:03:52.047 [info] Got 1 sessions for read:user,repo,user:email,workflow...
2026-03-03 00:03:52.582 [info] Getting sessions for read:user,repo,user:email,workflow...
2026-03-03 00:03:52.582 [info] Got 1 sessions for read:user,repo,user:email,workflow...
