2026-03-02 02:46:32.552 [warning] /home/codespace/.ssh/config: ENOENT: no such file or directory, open '/home/codespace/.ssh/config'
2026-03-02 02:46:32.552 [info] [Activation] Extension version: 0.128.0
2026-03-02 02:46:33.846 [info] [Authentication] Creating hub for .com
2026-03-02 02:46:34.299 [info] [Activation] Registering built in git provider.
2026-03-02 02:46:34.299 [info] [Activation] Looking for git repository
2026-03-02 02:46:34.299 [info] [Activation] Found 0 repositories during activation
2026-03-02 02:46:34.299 [info] [Activation] Git repository found, initializing review manager and pr tree view.
2026-03-02 02:46:34.313 [info] [GitAPI] Registering git provider
2026-03-02 02:46:34.313 [info] [Review+0] Validate state in progress
2026-03-02 02:46:34.313 [info] [Review+0] Validating state...
2026-03-02 02:46:34.318 [info] [Activation] Repo state for file:///workspaces/C-Projects changed.
2026-03-02 02:46:34.318 [info] [Activation] Repo file:///workspaces/C-Projects has already been setup.
2026-03-02 02:46:34.592 [info] [FolderRepositoryManager+0] Found GitHub remote for folder /workspaces/C-Projects
2026-03-02 02:46:34.681 [info] [GitPostCommitCommands] Trying to register post commit commands.
2026-03-02 02:46:34.681 [info] [GitPostCommitCommands] GitHub remote(s) found, registering post commit commands.
2026-03-02 02:46:34.681 [info] [GitPostCommitCommands] Looking for remote. Comparing 1 local repo remotes with 1 GitHub repositories.
2026-03-02 02:46:34.681 [info] [GitPostCommitCommands] Found a repo when getting post commit commands.
2026-03-02 02:46:34.681 [info] [GitPostCommitCommands] Looking for remote. Comparing 1 local repo remotes with 1 GitHub repositories.
2026-03-02 02:46:34.681 [info] [GitPostCommitCommands] Found a repo when getting post commit commands.
2026-03-02 02:46:35.034 [info] [GitPostCommitCommands] Looking for remote. Comparing 1 local repo remotes with 1 GitHub repositories.
2026-03-02 02:46:35.034 [info] [GitPostCommitCommands] Found a repo when getting post commit commands.
2026-03-02 02:46:35.034 [info] [GitPostCommitCommands] Looking for remote. Comparing 1 local repo remotes with 1 GitHub repositories.
2026-03-02 02:46:35.034 [info] [GitPostCommitCommands] Found a repo when getting post commit commands.
2026-03-02 02:46:35.319 [info] [FolderRepositoryManager+0] Trying to use globalState for assignableUsers.
2026-03-02 02:46:35.352 [info] [Review+0] No matching pull request metadata found locally for current branch main
2026-03-02 02:46:35.472 [info] [FolderRepositoryManager+0] Using globalState assignableUsers for 1.
2026-03-02 02:46:35.697 [info] [Review+0] No matching pull request metadata found on GitHub for current branch main
