2026-03-15 18:41:27.154 [info] Reading sessions from keychain...
2026-03-15 18:41:27.154 [info] Got stored sessions!
2026-03-15 18:41:27.154 [info] Got 6 verified sessions.
2026-03-15 18:41:27.154 [info] Getting sessions for all scopes...
2026-03-15 18:41:27.154 [info] Got 6 sessions for ...
2026-03-15 18:41:27.154 [info] Getting sessions for all scopes...
2026-03-15 18:41:27.154 [info] Got 6 sessions for ...
2026-03-15 18:41:27.154 [info] Getting sessions for all scopes...
2026-03-15 18:41:27.154 [info] Got 6 sessions for ...
2026-03-15 18:41:27.154 [info] Getting sessions for all scopes...
2026-03-15 18:41:27.154 [info] Got 6 sessions for ...
2026-03-15 18:41:27.154 [info] Getting sessions for user:email...
2026-03-15 18:41:27.154 [info] Got 1 sessions for user:email...
2026-03-15 18:41:27.154 [info] Getting sessions for all scopes...
2026-03-15 18:41:27.154 [info] Got 6 sessions for ...
2026-03-15 18:41:27.154 [info] Getting sessions for all scopes...
2026-03-15 18:41:27.154 [info] Got 6 sessions for ...
2026-03-15 18:41:27.154 [info] Getting sessions for codespace,read:user,repo,user:email...
2026-03-15 18:41:27.154 [info] Got 1 sessions for codespace,read:user,repo,user:email...
2026-03-15 18:41:27.154 [info] Getting sessions for all scopes...
2026-03-15 18:41:27.154 [info] Got 6 sessions for ...
2026-03-15 18:41:27.154 [info] Getting sessions for all scopes...
2026-03-15 18:41:27.154 [info] Got 6 sessions for ...
2026-03-15 18:41:27.154 [info] Getting sessions for all scopes...
2026-03-15 18:41:27.154 [info] Got 6 sessions for ...
2026-03-15 18:41:27.576 [info] Getting sessions for all scopes...
2026-03-15 18:41:27.576 [info] Got 6 sessions for ...
2026-03-15 18:41:27.782 [info] Getting sessions for project,read:org,read:user,repo,user:email,workflow...
2026-03-15 18:41:27.782 [info] Got 0 sessions for project,read:org,read:user,repo,user:email,workflow...
2026-03-15 18:41:28.024 [info] Getting sessions for all scopes...
2026-03-15 18:41:28.024 [info] Got 6 sessions for ...
2026-03-15 18:41:28.546 [info] FetcherService: Node fetch failed with status: 429 Too Many Requests
2026-03-15 18:41:28.559 [info] Unable to resolve optional EDU details. Status: 429 Too Many Requests
2026-03-15 18:41:29.065 [info] Getting sessions for read:user,repo,user:email,workflow...
2026-03-15 18:41:29.065 [info] Got 1 sessions for read:user,repo,user:email,workflow...
2026-03-15 18:41:29.207 [info] Getting sessions for read:user,repo,user:email,workflow...
2026-03-15 18:41:29.207 [info] Got 1 sessions for read:user,repo,user:email,workflow...
2026-03-15 18:42:43.616 [info] Getting sessions for all scopes...
2026-03-15 18:42:43.616 [info] Got 6 sessions for ...
2026-03-15 18:42:43.656 [info] Getting sessions for all scopes...
2026-03-15 18:42:43.656 [info] Got 6 sessions for ...
2026-03-15 18:43:35.311 [info] Getting sessions for all scopes...
2026-03-15 18:43:35.311 [info] Got 6 sessions for ...
2026-03-15 18:43:35.350 [info] Getting sessions for all scopes...
2026-03-15 18:43:35.350 [info] Got 6 sessions for ...
2026-03-15 18:44:05.611 [info] Getting sessions for all scopes...
2026-03-15 18:44:05.611 [info] Got 6 sessions for ...
2026-03-15 18:44:05.673 [info] Getting sessions for all scopes...
2026-03-15 18:44:05.673 [info] Got 6 sessions for ...
2026-03-15 18:44:08.767 [info] Getting sessions for all scopes...
2026-03-15 18:44:08.767 [info] Got 6 sessions for ...
2026-03-15 18:44:08.814 [info] Getting sessions for all scopes...
2026-03-15 18:44:08.814 [info] Got 6 sessions for ...
2026-03-15 18:44:17.770 [info] Getting sessions for all scopes...
2026-03-15 18:44:17.770 [info] Got 6 sessions for ...
2026-03-15 18:44:17.812 [info] Getting sessions for all scopes...
2026-03-15 18:44:17.812 [info] Got 6 sessions for ...
2026-03-15 18:44:21.118 [info] Getting sessions for all scopes...
2026-03-15 18:44:21.118 [info] Got 6 sessions for ...
2026-03-15 18:44:21.171 [info] Getting sessions for all scopes...
2026-03-15 18:44:21.171 [info] Got 6 sessions for ...
2026-03-15 18:44:24.911 [info] Getting sessions for all scopes...
2026-03-15 18:44:24.911 [info] Got 6 sessions for ...
2026-03-15 18:44:24.952 [info] Getting sessions for all scopes...
2026-03-15 18:44:24.952 [info] Got 6 sessions for ...
2026-03-15 18:44:29.246 [info] Getting sessions for all scopes...
2026-03-15 18:44:29.246 [info] Got 6 sessions for ...
2026-03-15 18:44:29.291 [info] Getting sessions for all scopes...
2026-03-15 18:44:29.291 [info] Got 6 sessions for ...
2026-03-15 18:44:32.922 [info] Getting sessions for all scopes...
2026-03-15 18:44:32.922 [info] Got 6 sessions for ...
2026-03-15 18:44:32.958 [info] Getting sessions for all scopes...
2026-03-15 18:44:32.958 [info] Got 6 sessions for ...
2026-03-15 18:44:36.445 [info] Getting sessions for all scopes...
2026-03-15 18:44:36.445 [info] Got 6 sessions for ...
2026-03-15 18:44:36.480 [info] Getting sessions for all scopes...
2026-03-15 18:44:36.480 [info] Got 6 sessions for ...
2026-03-15 18:44:41.612 [info] Getting sessions for all scopes...
2026-03-15 18:44:41.612 [info] Got 6 sessions for ...
2026-03-15 18:44:41.650 [info] Getting sessions for all scopes...
2026-03-15 18:44:41.651 [info] Got 6 sessions for ...
2026-03-15 18:44:48.852 [info] Getting sessions for all scopes...
2026-03-15 18:44:48.852 [info] Got 6 sessions for ...
2026-03-15 18:44:48.892 [info] Getting sessions for all scopes...
2026-03-15 18:44:48.892 [info] Got 6 sessions for ...
2026-03-15 18:44:54.010 [info] Getting sessions for all scopes...
2026-03-15 18:44:54.010 [info] Got 6 sessions for ...
2026-03-15 18:44:54.061 [info] Getting sessions for all scopes...
2026-03-15 18:44:54.062 [info] Got 6 sessions for ...
2026-03-15 18:45:05.310 [info] Getting sessions for all scopes...
2026-03-15 18:45:05.310 [info] Got 6 sessions for ...
2026-03-15 18:45:05.353 [info] Getting sessions for all scopes...
2026-03-15 18:45:05.353 [info] Got 6 sessions for ...
2026-03-15 18:45:14.351 [info] Getting sessions for all scopes...
2026-03-15 18:45:14.351 [info] Got 6 sessions for ...
2026-03-15 18:45:14.414 [info] Getting sessions for all scopes...
2026-03-15 18:45:14.414 [info] Got 6 sessions for ...
2026-03-15 18:45:35.570 [info] Getting sessions for all scopes...
2026-03-15 18:45:35.570 [info] Got 6 sessions for ...
2026-03-15 18:45:35.611 [info] Getting sessions for all scopes...
2026-03-15 18:45:35.611 [info] Got 6 sessions for ...
2026-03-15 18:46:06.944 [info] Getting sessions for all scopes...
2026-03-15 18:46:06.944 [info] Got 6 sessions for ...
2026-03-15 18:46:06.989 [info] Getting sessions for all scopes...
2026-03-15 18:46:06.989 [info] Got 6 sessions for ...
2026-03-15 18:46:16.121 [info] Getting sessions for all scopes...
2026-03-15 18:46:16.121 [info] Got 6 sessions for ...
2026-03-15 18:46:16.169 [info] Getting sessions for all scopes...
2026-03-15 18:46:16.169 [info] Got 6 sessions for ...
2026-03-15 18:47:42.242 [info] Getting sessions for all scopes...
2026-03-15 18:47:42.242 [info] Got 6 sessions for ...
2026-03-15 18:47:42.288 [info] Getting sessions for all scopes...
2026-03-15 18:47:42.288 [info] Got 6 sessions for ...
2026-03-15 18:48:25.971 [info] Getting sessions for all scopes...
2026-03-15 18:48:25.971 [info] Got 6 sessions for ...
2026-03-15 18:48:26.015 [info] Getting sessions for all scopes...
2026-03-15 18:48:26.015 [info] Got 6 sessions for ...
2026-03-15 18:50:03.980 [info] Getting sessions for all scopes...
2026-03-15 18:50:03.980 [info] Got 6 sessions for ...
2026-03-15 18:50:04.022 [info] Getting sessions for all scopes...
2026-03-15 18:50:04.022 [info] Got 6 sessions for ...
2026-03-15 18:51:05.007 [info] Getting sessions for all scopes...
2026-03-15 18:51:05.007 [info] Got 6 sessions for ...
2026-03-15 18:51:05.045 [info] Getting sessions for all scopes...
2026-03-15 18:51:05.045 [info] Got 6 sessions for ...
2026-03-15 18:53:23.162 [info] Getting sessions for all scopes...
2026-03-15 18:53:23.162 [info] Got 6 sessions for ...
2026-03-15 18:53:23.197 [info] Getting sessions for all scopes...
2026-03-15 18:53:23.197 [info] Got 6 sessions for ...
2026-03-15 18:53:44.111 [info] Getting sessions for all scopes...
2026-03-15 18:53:44.111 [info] Got 6 sessions for ...
2026-03-15 18:53:44.164 [info] Getting sessions for all scopes...
2026-03-15 18:53:44.164 [info] Got 6 sessions for ...
2026-03-15 18:54:10.417 [info] Getting sessions for all scopes...
2026-03-15 18:54:10.417 [info] Got 6 sessions for ...
2026-03-15 18:54:10.484 [info] Getting sessions for all scopes...
2026-03-15 18:54:10.484 [info] Got 6 sessions for ...
2026-03-15 18:55:06.691 [info] Getting sessions for all scopes...
2026-03-15 18:55:06.691 [info] Got 6 sessions for ...
2026-03-15 18:55:06.761 [info] Getting sessions for all scopes...
2026-03-15 18:55:06.761 [info] Got 6 sessions for ...
2026-03-15 18:56:24.860 [info] Getting sessions for all scopes...
2026-03-15 18:56:24.860 [info] Got 6 sessions for ...
2026-03-15 18:56:24.920 [info] Getting sessions for all scopes...
2026-03-15 18:56:24.920 [info] Got 6 sessions for ...
2026-03-15 18:56:46.375 [info] Getting sessions for all scopes...
2026-03-15 18:56:46.375 [info] Got 6 sessions for ...
2026-03-15 18:56:46.431 [info] Getting sessions for all scopes...
2026-03-15 18:56:46.431 [info] Got 6 sessions for ...
2026-03-15 18:58:36.398 [info] Getting sessions for all scopes...
2026-03-15 18:58:36.398 [info] Got 6 sessions for ...
2026-03-15 18:58:36.438 [info] Getting sessions for all scopes...
2026-03-15 18:58:36.438 [info] Got 6 sessions for ...
2026-03-15 18:58:54.037 [info] Getting sessions for all scopes...
2026-03-15 18:58:54.037 [info] Got 6 sessions for ...
2026-03-15 18:58:54.093 [info] Getting sessions for all scopes...
2026-03-15 18:58:54.093 [info] Got 6 sessions for ...
2026-03-15 18:59:06.837 [info] Getting sessions for all scopes...
2026-03-15 18:59:06.837 [info] Got 6 sessions for ...
2026-03-15 18:59:06.877 [info] Getting sessions for all scopes...
2026-03-15 18:59:06.878 [info] Got 6 sessions for ...
2026-03-15 18:59:11.804 [info] Getting sessions for all scopes...
2026-03-15 18:59:11.804 [info] Got 6 sessions for ...
2026-03-15 18:59:11.860 [info] Getting sessions for all scopes...
2026-03-15 18:59:11.860 [info] Got 6 sessions for ...
2026-03-15 18:59:45.200 [info] Getting sessions for all scopes...
2026-03-15 18:59:45.200 [info] Got 6 sessions for ...
2026-03-15 18:59:45.251 [info] Getting sessions for all scopes...
2026-03-15 18:59:45.251 [info] Got 6 sessions for ...
2026-03-15 19:00:10.000 [info] Getting sessions for all scopes...
2026-03-15 19:00:10.000 [info] Got 6 sessions for ...
2026-03-15 19:00:10.041 [info] Getting sessions for all scopes...
2026-03-15 19:00:10.041 [info] Got 6 sessions for ...
2026-03-15 19:00:36.319 [info] Getting sessions for all scopes...
2026-03-15 19:00:36.319 [info] Got 6 sessions for ...
2026-03-15 19:00:36.379 [info] Getting sessions for all scopes...
2026-03-15 19:00:36.379 [info] Got 6 sessions for ...
2026-03-15 19:00:40.356 [info] Getting sessions for all scopes...
2026-03-15 19:00:40.356 [info] Got 6 sessions for ...
2026-03-15 19:00:40.397 [info] Getting sessions for all scopes...
2026-03-15 19:00:40.397 [info] Got 6 sessions for ...
2026-03-15 19:01:38.874 [info] Getting sessions for all scopes...
2026-03-15 19:01:38.875 [info] Got 6 sessions for ...
2026-03-15 19:01:38.911 [info] Getting sessions for all scopes...
2026-03-15 19:01:38.912 [info] Got 6 sessions for ...
2026-03-15 19:01:47.861 [info] Getting sessions for all scopes...
2026-03-15 19:01:47.861 [info] Got 6 sessions for ...
2026-03-15 19:01:47.906 [info] Getting sessions for all scopes...
2026-03-15 19:01:47.906 [info] Got 6 sessions for ...
2026-03-15 19:02:23.696 [info] Getting sessions for all scopes...
2026-03-15 19:02:23.696 [info] Got 6 sessions for ...
2026-03-15 19:02:23.754 [info] Getting sessions for all scopes...
2026-03-15 19:02:23.754 [info] Got 6 sessions for ...
2026-03-15 19:03:13.663 [info] Getting sessions for all scopes...
2026-03-15 19:03:13.663 [info] Got 6 sessions for ...
2026-03-15 19:03:13.699 [info] Getting sessions for all scopes...
2026-03-15 19:03:13.699 [info] Got 6 sessions for ...
2026-03-15 19:03:20.516 [info] Getting sessions for all scopes...
2026-03-15 19:03:20.516 [info] Got 6 sessions for ...
2026-03-15 19:03:20.585 [info] Getting sessions for all scopes...
2026-03-15 19:03:20.585 [info] Got 6 sessions for ...
2026-03-15 19:03:50.073 [info] Getting sessions for all scopes...
2026-03-15 19:03:50.073 [info] Got 6 sessions for ...
2026-03-15 19:03:50.113 [info] Getting sessions for all scopes...
2026-03-15 19:03:50.113 [info] Got 6 sessions for ...
2026-03-15 19:04:35.518 [info] Getting sessions for all scopes...
2026-03-15 19:04:35.518 [info] Got 6 sessions for ...
2026-03-15 19:04:35.566 [info] Getting sessions for all scopes...
2026-03-15 19:04:35.566 [info] Got 6 sessions for ...
2026-03-15 19:05:09.300 [info] Getting sessions for all scopes...
2026-03-15 19:05:09.300 [info] Got 6 sessions for ...
2026-03-15 19:05:09.338 [info] Getting sessions for all scopes...
2026-03-15 19:05:09.338 [info] Got 6 sessions for ...
2026-03-15 19:05:14.892 [info] Getting sessions for all scopes...
2026-03-15 19:05:14.892 [info] Got 6 sessions for ...
2026-03-15 19:05:14.940 [info] Getting sessions for all scopes...
2026-03-15 19:05:14.940 [info] Got 6 sessions for ...
2026-03-15 19:05:26.315 [info] Getting sessions for all scopes...
2026-03-15 19:05:26.315 [info] Got 6 sessions for ...
2026-03-15 19:05:26.372 [info] Getting sessions for all scopes...
2026-03-15 19:05:26.372 [info] Got 6 sessions for ...
2026-03-15 19:05:26.777 [info] Getting sessions for all scopes...
2026-03-15 19:05:26.777 [info] Got 6 sessions for ...
2026-03-15 19:05:26.913 [info] Getting sessions for all scopes...
2026-03-15 19:05:26.913 [info] Got 6 sessions for ...
2026-03-15 19:05:29.175 [info] Getting sessions for all scopes...
2026-03-15 19:05:29.175 [info] Got 6 sessions for ...
2026-03-15 19:05:29.231 [info] Getting sessions for all scopes...
2026-03-15 19:05:29.231 [info] Got 6 sessions for ...
2026-03-15 19:06:15.031 [info] Getting sessions for all scopes...
2026-03-15 19:06:15.031 [info] Got 6 sessions for ...
2026-03-15 19:06:15.072 [info] Getting sessions for all scopes...
2026-03-15 19:06:15.072 [info] Got 6 sessions for ...
2026-03-15 19:06:30.482 [info] Getting sessions for all scopes...
2026-03-15 19:06:30.482 [info] Got 6 sessions for ...
2026-03-15 19:06:30.530 [info] Getting sessions for all scopes...
2026-03-15 19:06:30.530 [info] Got 6 sessions for ...
2026-03-15 19:06:42.816 [info] Getting sessions for all scopes...
2026-03-15 19:06:42.816 [info] Got 6 sessions for ...
2026-03-15 19:06:42.856 [info] Getting sessions for all scopes...
2026-03-15 19:06:42.856 [info] Got 6 sessions for ...
2026-03-15 19:07:00.671 [info] Getting sessions for all scopes...
2026-03-15 19:07:00.671 [info] Got 6 sessions for ...
2026-03-15 19:07:00.720 [info] Getting sessions for all scopes...
2026-03-15 19:07:00.720 [info] Got 6 sessions for ...
2026-03-15 19:07:07.472 [info] Getting sessions for all scopes...
2026-03-15 19:07:07.472 [info] Got 6 sessions for ...
2026-03-15 19:07:07.540 [info] Getting sessions for all scopes...
2026-03-15 19:07:07.540 [info] Got 6 sessions for ...
2026-03-15 19:07:23.645 [info] Getting sessions for all scopes...
2026-03-15 19:07:23.645 [info] Got 6 sessions for ...
2026-03-15 19:07:23.690 [info] Getting sessions for all scopes...
2026-03-15 19:07:23.690 [info] Got 6 sessions for ...
2026-03-15 19:07:33.569 [info] Getting sessions for all scopes...
2026-03-15 19:07:33.569 [info] Got 6 sessions for ...
2026-03-15 19:07:33.610 [info] Getting sessions for all scopes...
2026-03-15 19:07:33.610 [info] Got 6 sessions for ...
2026-03-15 19:07:47.370 [info] Getting sessions for all scopes...
2026-03-15 19:07:47.370 [info] Got 6 sessions for ...
2026-03-15 19:07:47.409 [info] Getting sessions for all scopes...
2026-03-15 19:07:47.409 [info] Got 6 sessions for ...
2026-03-15 19:07:52.130 [info] Getting sessions for all scopes...
2026-03-15 19:07:52.130 [info] Got 6 sessions for ...
2026-03-15 19:07:52.170 [info] Getting sessions for all scopes...
2026-03-15 19:07:52.170 [info] Got 6 sessions for ...
2026-03-15 19:08:08.371 [info] Getting sessions for all scopes...
2026-03-15 19:08:08.371 [info] Got 6 sessions for ...
2026-03-15 19:08:08.422 [info] Getting sessions for all scopes...
2026-03-15 19:08:08.422 [info] Got 6 sessions for ...
2026-03-15 19:08:20.089 [info] Getting sessions for all scopes...
2026-03-15 19:08:20.089 [info] Got 6 sessions for ...
2026-03-15 19:08:20.129 [info] Getting sessions for all scopes...
2026-03-15 19:08:20.129 [info] Got 6 sessions for ...
2026-03-15 19:08:30.363 [info] Getting sessions for all scopes...
2026-03-15 19:08:30.363 [info] Got 6 sessions for ...
2026-03-15 19:08:30.409 [info] Getting sessions for all scopes...
2026-03-15 19:08:30.409 [info] Got 6 sessions for ...
2026-03-15 19:08:44.049 [info] Getting sessions for all scopes...
2026-03-15 19:08:44.049 [info] Got 6 sessions for ...
2026-03-15 19:08:44.109 [info] Getting sessions for all scopes...
2026-03-15 19:08:44.109 [info] Got 6 sessions for ...
2026-03-15 19:08:45.516 [info] Getting sessions for all scopes...
2026-03-15 19:08:45.516 [info] Got 6 sessions for ...
2026-03-15 19:08:45.572 [info] Getting sessions for all scopes...
2026-03-15 19:08:45.572 [info] Got 6 sessions for ...
2026-03-15 19:09:34.268 [info] Getting sessions for all scopes...
2026-03-15 19:09:34.268 [info] Got 6 sessions for ...
2026-03-15 19:09:34.308 [info] Getting sessions for all scopes...
2026-03-15 19:09:34.308 [info] Got 6 sessions for ...
2026-03-15 19:09:40.649 [info] Getting sessions for all scopes...
2026-03-15 19:09:40.649 [info] Got 6 sessions for ...
2026-03-15 19:09:40.695 [info] Getting sessions for all scopes...
2026-03-15 19:09:40.695 [info] Got 6 sessions for ...
2026-03-15 19:10:31.712 [info] Getting sessions for all scopes...
2026-03-15 19:10:31.712 [info] Got 6 sessions for ...
2026-03-15 19:10:31.755 [info] Getting sessions for all scopes...
2026-03-15 19:10:31.755 [info] Got 6 sessions for ...
2026-03-15 19:10:42.372 [info] Getting sessions for all scopes...
2026-03-15 19:10:42.372 [info] Got 6 sessions for ...
2026-03-15 19:10:42.447 [info] Getting sessions for all scopes...
2026-03-15 19:10:42.447 [info] Got 6 sessions for ...
2026-03-15 19:12:20.455 [info] Getting sessions for all scopes...
2026-03-15 19:12:20.455 [info] Got 6 sessions for ...
2026-03-15 19:12:20.498 [info] Getting sessions for all scopes...
2026-03-15 19:12:20.498 [info] Got 6 sessions for ...
2026-03-15 19:13:20.124 [info] Getting sessions for all scopes...
2026-03-15 19:13:20.124 [info] Got 6 sessions for ...
2026-03-15 19:13:20.161 [info] Getting sessions for all scopes...
2026-03-15 19:13:20.161 [info] Got 6 sessions for ...
2026-03-15 19:13:41.332 [info] Getting sessions for all scopes...
2026-03-15 19:13:41.332 [info] Got 6 sessions for ...
2026-03-15 19:13:41.406 [info] Getting sessions for all scopes...
2026-03-15 19:13:41.406 [info] Got 6 sessions for ...
2026-03-15 19:14:22.568 [info] Getting sessions for all scopes...
2026-03-15 19:14:22.568 [info] Got 6 sessions for ...
2026-03-15 19:14:22.608 [info] Getting sessions for all scopes...
2026-03-15 19:14:22.608 [info] Got 6 sessions for ...
2026-03-15 19:14:41.383 [info] Getting sessions for all scopes...
2026-03-15 19:14:41.384 [info] Got 6 sessions for ...
2026-03-15 19:14:41.424 [info] Getting sessions for all scopes...
2026-03-15 19:14:41.424 [info] Got 6 sessions for ...
2026-03-15 19:14:48.938 [info] Getting sessions for all scopes...
2026-03-15 19:14:48.938 [info] Got 6 sessions for ...
2026-03-15 19:14:48.984 [info] Getting sessions for all scopes...
2026-03-15 19:14:48.984 [info] Got 6 sessions for ...
2026-03-15 19:15:02.359 [info] Getting sessions for all scopes...
2026-03-15 19:15:02.359 [info] Got 6 sessions for ...
2026-03-15 19:15:02.403 [info] Getting sessions for all scopes...
2026-03-15 19:15:02.403 [info] Got 6 sessions for ...
2026-03-15 19:17:06.391 [info] Getting sessions for all scopes...
2026-03-15 19:17:06.391 [info] Got 6 sessions for ...
2026-03-15 19:17:06.441 [info] Getting sessions for all scopes...
2026-03-15 19:17:06.442 [info] Got 6 sessions for ...
2026-03-15 19:17:26.068 [info] Getting sessions for all scopes...
2026-03-15 19:17:26.069 [info] Got 6 sessions for ...
2026-03-15 19:17:26.121 [info] Getting sessions for all scopes...
2026-03-15 19:17:26.121 [info] Got 6 sessions for ...
2026-03-15 19:18:31.180 [info] Getting sessions for all scopes...
2026-03-15 19:18:31.180 [info] Got 6 sessions for ...
2026-03-15 19:18:31.220 [info] Getting sessions for all scopes...
2026-03-15 19:18:31.220 [info] Got 6 sessions for ...
2026-03-15 19:19:36.537 [info] Getting sessions for all scopes...
2026-03-15 19:19:36.537 [info] Got 6 sessions for ...
2026-03-15 19:19:36.645 [info] Getting sessions for all scopes...
2026-03-15 19:19:36.646 [info] Got 6 sessions for ...
2026-03-15 19:21:21.260 [info] Getting sessions for all scopes...
2026-03-15 19:21:21.260 [info] Got 6 sessions for ...
2026-03-15 19:21:21.320 [info] Getting sessions for all scopes...
2026-03-15 19:21:21.320 [info] Got 6 sessions for ...
2026-03-15 19:21:42.658 [info] Getting sessions for all scopes...
2026-03-15 19:21:42.659 [info] Got 6 sessions for ...
2026-03-15 19:21:42.698 [info] Getting sessions for all scopes...
2026-03-15 19:21:42.698 [info] Got 6 sessions for ...
2026-03-15 19:21:51.300 [info] Getting sessions for all scopes...
2026-03-15 19:21:51.300 [info] Got 6 sessions for ...
2026-03-15 19:21:51.343 [info] Getting sessions for all scopes...
2026-03-15 19:21:51.343 [info] Got 6 sessions for ...
2026-03-15 19:21:58.445 [info] Getting sessions for all scopes...
2026-03-15 19:21:58.445 [info] Got 6 sessions for ...
2026-03-15 19:21:58.487 [info] Getting sessions for all scopes...
2026-03-15 19:21:58.487 [info] Got 6 sessions for ...
2026-03-15 19:22:04.019 [info] Getting sessions for all scopes...
2026-03-15 19:22:04.019 [info] Got 6 sessions for ...
2026-03-15 19:22:04.060 [info] Getting sessions for all scopes...
2026-03-15 19:22:04.060 [info] Got 6 sessions for ...
2026-03-15 19:22:12.096 [info] Getting sessions for all scopes...
2026-03-15 19:22:12.096 [info] Got 6 sessions for ...
2026-03-15 19:22:12.162 [info] Getting sessions for all scopes...
2026-03-15 19:22:12.162 [info] Got 6 sessions for ...
2026-03-15 19:23:36.775 [info] Getting sessions for all scopes...
2026-03-15 19:23:36.775 [info] Got 6 sessions for ...
2026-03-15 19:23:36.817 [info] Getting sessions for all scopes...
2026-03-15 19:23:36.817 [info] Got 6 sessions for ...
2026-03-15 19:23:44.735 [info] Getting sessions for all scopes...
2026-03-15 19:23:44.735 [info] Got 6 sessions for ...
2026-03-15 19:23:44.776 [info] Getting sessions for all scopes...
2026-03-15 19:23:44.776 [info] Got 6 sessions for ...
2026-03-15 19:24:50.928 [info] Getting sessions for all scopes...
2026-03-15 19:24:50.929 [info] Got 6 sessions for ...
2026-03-15 19:24:50.959 [info] Getting sessions for all scopes...
2026-03-15 19:24:50.959 [info] Got 6 sessions for ...
2026-03-15 19:24:55.377 [info] Getting sessions for all scopes...
2026-03-15 19:24:55.377 [info] Got 6 sessions for ...
2026-03-15 19:24:55.459 [info] Getting sessions for all scopes...
2026-03-15 19:24:55.459 [info] Got 6 sessions for ...
2026-03-15 19:25:10.344 [info] Getting sessions for all scopes...
2026-03-15 19:25:10.344 [info] Got 6 sessions for ...
2026-03-15 19:25:10.396 [info] Getting sessions for all scopes...
2026-03-15 19:25:10.396 [info] Got 6 sessions for ...
2026-03-15 19:25:44.688 [info] Getting sessions for all scopes...
2026-03-15 19:25:44.688 [info] Got 6 sessions for ...
2026-03-15 19:25:44.735 [info] Getting sessions for all scopes...
2026-03-15 19:25:44.735 [info] Got 6 sessions for ...
2026-03-15 19:26:50.321 [info] Getting sessions for all scopes...
2026-03-15 19:26:50.321 [info] Got 6 sessions for ...
2026-03-15 19:26:50.364 [info] Getting sessions for all scopes...
2026-03-15 19:26:50.364 [info] Got 6 sessions for ...
2026-03-15 19:28:45.046 [info] Getting sessions for all scopes...
2026-03-15 19:28:45.046 [info] Got 6 sessions for ...
2026-03-15 19:28:45.106 [info] Getting sessions for all scopes...
2026-03-15 19:28:45.106 [info] Got 6 sessions for ...
2026-03-15 19:28:59.491 [info] Getting sessions for all scopes...
2026-03-15 19:28:59.491 [info] Got 6 sessions for ...
2026-03-15 19:28:59.530 [info] Getting sessions for all scopes...
2026-03-15 19:28:59.530 [info] Got 6 sessions for ...
2026-03-15 19:29:13.586 [info] Getting sessions for all scopes...
2026-03-15 19:29:13.586 [info] Got 6 sessions for ...
2026-03-15 19:29:13.631 [info] Getting sessions for all scopes...
2026-03-15 19:29:13.631 [info] Got 6 sessions for ...
2026-03-15 19:29:32.954 [info] Getting sessions for all scopes...
2026-03-15 19:29:32.954 [info] Got 6 sessions for ...
2026-03-15 19:29:33.012 [info] Getting sessions for all scopes...
2026-03-15 19:29:33.012 [info] Got 6 sessions for ...
2026-03-15 19:30:45.430 [info] Getting sessions for all scopes...
2026-03-15 19:30:45.430 [info] Got 6 sessions for ...
2026-03-15 19:30:45.489 [info] Getting sessions for all scopes...
2026-03-15 19:30:45.489 [info] Got 6 sessions for ...
2026-03-15 19:31:12.824 [info] Getting sessions for all scopes...
2026-03-15 19:31:12.824 [info] Got 6 sessions for ...
2026-03-15 19:31:12.869 [info] Getting sessions for all scopes...
2026-03-15 19:31:12.869 [info] Got 6 sessions for ...
2026-03-15 19:31:21.328 [info] Getting sessions for all scopes...
2026-03-15 19:31:21.328 [info] Got 6 sessions for ...
2026-03-15 19:31:21.368 [info] Getting sessions for all scopes...
2026-03-15 19:31:21.368 [info] Got 6 sessions for ...
2026-03-15 19:31:30.714 [info] Getting sessions for all scopes...
2026-03-15 19:31:30.714 [info] Got 6 sessions for ...
2026-03-15 19:31:30.752 [info] Getting sessions for all scopes...
2026-03-15 19:31:30.752 [info] Got 6 sessions for ...
2026-03-15 19:32:17.929 [info] Getting sessions for all scopes...
2026-03-15 19:32:17.929 [info] Got 6 sessions for ...
2026-03-15 19:32:17.988 [info] Getting sessions for all scopes...
2026-03-15 19:32:17.988 [info] Got 6 sessions for ...
2026-03-15 19:32:26.123 [info] Getting sessions for all scopes...
2026-03-15 19:32:26.123 [info] Got 6 sessions for ...
2026-03-15 19:32:26.168 [info] Getting sessions for all scopes...
2026-03-15 19:32:26.168 [info] Got 6 sessions for ...
2026-03-15 19:32:36.902 [info] Getting sessions for all scopes...
2026-03-15 19:32:36.902 [info] Got 6 sessions for ...
2026-03-15 19:32:36.935 [info] Getting sessions for all scopes...
2026-03-15 19:32:36.935 [info] Got 6 sessions for ...
2026-03-15 19:32:47.930 [info] Getting sessions for all scopes...
2026-03-15 19:32:47.930 [info] Got 6 sessions for ...
2026-03-15 19:32:47.993 [info] Getting sessions for all scopes...
2026-03-15 19:32:47.993 [info] Got 6 sessions for ...
2026-03-15 19:32:57.983 [info] Getting sessions for all scopes...
2026-03-15 19:32:57.983 [info] Got 6 sessions for ...
2026-03-15 19:32:58.032 [info] Getting sessions for all scopes...
2026-03-15 19:32:58.032 [info] Got 6 sessions for ...
2026-03-15 19:33:18.087 [info] Getting sessions for all scopes...
2026-03-15 19:33:18.087 [info] Got 6 sessions for ...
2026-03-15 19:33:18.147 [info] Getting sessions for all scopes...
2026-03-15 19:33:18.147 [info] Got 6 sessions for ...
2026-03-15 19:34:46.447 [info] Getting sessions for all scopes...
2026-03-15 19:34:46.447 [info] Got 6 sessions for ...
2026-03-15 19:34:46.501 [info] Getting sessions for all scopes...
2026-03-15 19:34:46.501 [info] Got 6 sessions for ...
2026-03-15 19:35:00.388 [info] Getting sessions for all scopes...
2026-03-15 19:35:00.388 [info] Got 6 sessions for ...
2026-03-15 19:35:00.430 [info] Getting sessions for all scopes...
2026-03-15 19:35:00.430 [info] Got 6 sessions for ...
2026-03-15 19:35:04.746 [info] Getting sessions for all scopes...
2026-03-15 19:35:04.746 [info] Got 6 sessions for ...
2026-03-15 19:35:04.795 [info] Getting sessions for all scopes...
2026-03-15 19:35:04.795 [info] Got 6 sessions for ...
2026-03-15 19:35:12.166 [info] Getting sessions for all scopes...
2026-03-15 19:35:12.166 [info] Got 6 sessions for ...
2026-03-15 19:35:12.210 [info] Getting sessions for all scopes...
2026-03-15 19:35:12.210 [info] Got 6 sessions for ...
2026-03-15 19:35:22.949 [info] Getting sessions for all scopes...
2026-03-15 19:35:22.949 [info] Got 6 sessions for ...
2026-03-15 19:35:22.993 [info] Getting sessions for all scopes...
2026-03-15 19:35:22.993 [info] Got 6 sessions for ...
2026-03-15 19:35:40.020 [info] Getting sessions for all scopes...
2026-03-15 19:35:40.020 [info] Got 6 sessions for ...
2026-03-15 19:35:40.086 [info] Getting sessions for all scopes...
2026-03-15 19:35:40.086 [info] Got 6 sessions for ...
2026-03-15 19:35:42.379 [info] Getting sessions for all scopes...
2026-03-15 19:35:42.380 [info] Got 6 sessions for ...
2026-03-15 19:35:42.428 [info] Getting sessions for all scopes...
2026-03-15 19:35:42.428 [info] Got 6 sessions for ...
2026-03-15 19:36:33.949 [info] Getting sessions for all scopes...
2026-03-15 19:36:33.949 [info] Got 6 sessions for ...
2026-03-15 19:36:34.005 [info] Getting sessions for all scopes...
2026-03-15 19:36:34.005 [info] Got 6 sessions for ...
2026-03-15 19:36:51.766 [info] Getting sessions for all scopes...
2026-03-15 19:36:51.766 [info] Got 6 sessions for ...
2026-03-15 19:36:51.827 [info] Getting sessions for all scopes...
2026-03-15 19:36:51.827 [info] Got 6 sessions for ...
2026-03-15 19:37:32.204 [info] Getting sessions for all scopes...
2026-03-15 19:37:32.204 [info] Got 6 sessions for ...
2026-03-15 19:37:32.250 [info] Getting sessions for all scopes...
2026-03-15 19:37:32.250 [info] Got 6 sessions for ...
2026-03-15 19:37:39.896 [info] Getting sessions for all scopes...
2026-03-15 19:37:39.896 [info] Got 6 sessions for ...
2026-03-15 19:37:39.962 [info] Getting sessions for all scopes...
2026-03-15 19:37:39.962 [info] Got 6 sessions for ...
2026-03-15 19:37:43.902 [info] Getting sessions for all scopes...
2026-03-15 19:37:43.902 [info] Got 6 sessions for ...
2026-03-15 19:37:43.947 [info] Getting sessions for all scopes...
2026-03-15 19:37:43.947 [info] Got 6 sessions for ...
2026-03-15 19:38:06.145 [info] Getting sessions for all scopes...
2026-03-15 19:38:06.145 [info] Got 6 sessions for ...
2026-03-15 19:38:06.182 [info] Getting sessions for all scopes...
2026-03-15 19:38:06.182 [info] Got 6 sessions for ...
2026-03-15 19:38:31.545 [info] Getting sessions for all scopes...
2026-03-15 19:38:31.545 [info] Got 6 sessions for ...
2026-03-15 19:38:31.584 [info] Getting sessions for all scopes...
2026-03-15 19:38:31.584 [info] Got 6 sessions for ...
2026-03-15 19:38:40.117 [info] Getting sessions for all scopes...
2026-03-15 19:38:40.117 [info] Got 6 sessions for ...
2026-03-15 19:38:40.171 [info] Getting sessions for all scopes...
2026-03-15 19:38:40.171 [info] Got 6 sessions for ...
2026-03-15 19:40:27.876 [info] Getting sessions for all scopes...
2026-03-15 19:40:27.876 [info] Got 6 sessions for ...
2026-03-15 19:40:27.916 [info] Getting sessions for all scopes...
2026-03-15 19:40:27.916 [info] Got 6 sessions for ...
2026-03-15 19:42:18.563 [info] Getting sessions for all scopes...
2026-03-15 19:42:18.563 [info] Got 6 sessions for ...
2026-03-15 19:42:18.601 [info] Getting sessions for all scopes...
2026-03-15 19:42:18.601 [info] Got 6 sessions for ...
2026-03-15 19:42:26.854 [info] Getting sessions for all scopes...
2026-03-15 19:42:26.854 [info] Got 6 sessions for ...
2026-03-15 19:42:26.905 [info] Getting sessions for all scopes...
2026-03-15 19:42:26.905 [info] Got 6 sessions for ...
2026-03-15 19:42:43.005 [info] Getting sessions for all scopes...
2026-03-15 19:42:43.005 [info] Got 6 sessions for ...
2026-03-15 19:42:43.050 [info] Getting sessions for all scopes...
2026-03-15 19:42:43.050 [info] Got 6 sessions for ...
2026-03-15 19:42:47.583 [info] Getting sessions for all scopes...
2026-03-15 19:42:47.583 [info] Got 6 sessions for ...
2026-03-15 19:42:47.640 [info] Getting sessions for all scopes...
2026-03-15 19:42:47.640 [info] Got 6 sessions for ...
2026-03-15 19:43:23.604 [info] Getting sessions for all scopes...
2026-03-15 19:43:23.604 [info] Got 6 sessions for ...
2026-03-15 19:43:23.642 [info] Getting sessions for all scopes...
2026-03-15 19:43:23.642 [info] Got 6 sessions for ...
2026-03-15 19:44:05.542 [info] Getting sessions for all scopes...
2026-03-15 19:44:05.542 [info] Got 6 sessions for ...
2026-03-15 19:44:05.582 [info] Getting sessions for all scopes...
2026-03-15 19:44:05.582 [info] Got 6 sessions for ...
2026-03-15 19:44:37.267 [info] Getting sessions for all scopes...
2026-03-15 19:44:37.267 [info] Got 6 sessions for ...
2026-03-15 19:44:37.317 [info] Getting sessions for all scopes...
2026-03-15 19:44:37.317 [info] Got 6 sessions for ...
2026-03-15 19:44:43.216 [info] Getting sessions for all scopes...
2026-03-15 19:44:43.216 [info] Got 6 sessions for ...
2026-03-15 19:44:43.281 [info] Getting sessions for all scopes...
2026-03-15 19:44:43.281 [info] Got 6 sessions for ...
2026-03-15 19:44:55.497 [info] Getting sessions for all scopes...
2026-03-15 19:44:55.497 [info] Got 6 sessions for ...
2026-03-15 19:44:55.556 [info] Getting sessions for all scopes...
2026-03-15 19:44:55.556 [info] Got 6 sessions for ...
2026-03-15 19:45:26.191 [info] Getting sessions for all scopes...
2026-03-15 19:45:26.191 [info] Got 6 sessions for ...
2026-03-15 19:45:26.236 [info] Getting sessions for all scopes...
2026-03-15 19:45:26.236 [info] Got 6 sessions for ...
2026-03-15 19:45:53.197 [info] Getting sessions for all scopes...
2026-03-15 19:45:53.197 [info] Got 6 sessions for ...
2026-03-15 19:45:53.236 [info] Getting sessions for all scopes...
2026-03-15 19:45:53.236 [info] Got 6 sessions for ...
2026-03-15 19:46:22.118 [info] Getting sessions for all scopes...
2026-03-15 19:46:22.118 [info] Got 6 sessions for ...
2026-03-15 19:46:22.159 [info] Getting sessions for all scopes...
2026-03-15 19:46:22.159 [info] Got 6 sessions for ...
2026-03-15 19:47:01.199 [info] Getting sessions for all scopes...
2026-03-15 19:47:01.199 [info] Got 6 sessions for ...
2026-03-15 19:47:01.242 [info] Getting sessions for all scopes...
2026-03-15 19:47:01.242 [info] Got 6 sessions for ...
2026-03-15 19:48:40.876 [info] Getting sessions for all scopes...
2026-03-15 19:48:40.876 [info] Got 6 sessions for ...
2026-03-15 19:48:40.915 [info] Getting sessions for all scopes...
2026-03-15 19:48:40.915 [info] Got 6 sessions for ...
2026-03-15 19:49:17.933 [info] Getting sessions for all scopes...
2026-03-15 19:49:17.933 [info] Got 6 sessions for ...
2026-03-15 19:49:17.974 [info] Getting sessions for all scopes...
2026-03-15 19:49:17.974 [info] Got 6 sessions for ...
2026-03-15 19:49:24.902 [info] Getting sessions for all scopes...
2026-03-15 19:49:24.902 [info] Got 6 sessions for ...
2026-03-15 19:49:24.954 [info] Getting sessions for all scopes...
2026-03-15 19:49:24.954 [info] Got 6 sessions for ...
2026-03-15 19:50:59.212 [info] Getting sessions for all scopes...
2026-03-15 19:50:59.334 [info] Got 6 sessions for ...
2026-03-15 19:50:59.401 [info] Getting sessions for all scopes...
2026-03-15 19:50:59.402 [info] Got 6 sessions for ...
2026-03-15 19:51:09.451 [info] Getting sessions for all scopes...
2026-03-15 19:51:09.451 [info] Got 6 sessions for ...
2026-03-15 19:51:09.493 [info] Getting sessions for all scopes...
2026-03-15 19:51:09.493 [info] Got 6 sessions for ...
2026-03-15 19:51:23.737 [info] Getting sessions for all scopes...
2026-03-15 19:51:23.737 [info] Got 6 sessions for ...
2026-03-15 19:51:23.777 [info] Getting sessions for all scopes...
2026-03-15 19:51:23.777 [info] Got 6 sessions for ...
2026-03-15 19:51:34.872 [info] Getting sessions for all scopes...
2026-03-15 19:51:34.872 [info] Got 6 sessions for ...
2026-03-15 19:51:34.913 [info] Getting sessions for all scopes...
2026-03-15 19:51:34.913 [info] Got 6 sessions for ...
2026-03-15 19:51:42.631 [info] Getting sessions for all scopes...
2026-03-15 19:51:42.631 [info] Got 6 sessions for ...
2026-03-15 19:51:42.671 [info] Getting sessions for all scopes...
2026-03-15 19:51:42.671 [info] Got 6 sessions for ...
2026-03-15 19:52:02.471 [info] Getting sessions for all scopes...
2026-03-15 19:52:02.471 [info] Got 6 sessions for ...
2026-03-15 19:52:02.510 [info] Getting sessions for all scopes...
2026-03-15 19:52:02.510 [info] Got 6 sessions for ...
2026-03-15 19:52:33.635 [info] Getting sessions for all scopes...
2026-03-15 19:52:33.635 [info] Got 6 sessions for ...
2026-03-15 19:52:33.682 [info] Getting sessions for all scopes...
2026-03-15 19:52:33.682 [info] Got 6 sessions for ...
2026-03-15 19:53:37.929 [info] Getting sessions for all scopes...
2026-03-15 19:53:37.929 [info] Got 6 sessions for ...
2026-03-15 19:53:37.999 [info] Getting sessions for all scopes...
2026-03-15 19:53:37.999 [info] Got 6 sessions for ...
2026-03-15 19:53:56.303 [info] Getting sessions for all scopes...
2026-03-15 19:53:56.303 [info] Got 6 sessions for ...
2026-03-15 19:53:56.340 [info] Getting sessions for all scopes...
2026-03-15 19:53:56.340 [info] Got 6 sessions for ...
2026-03-15 19:54:21.942 [info] Getting sessions for all scopes...
2026-03-15 19:54:21.942 [info] Got 6 sessions for ...
2026-03-15 19:54:21.991 [info] Getting sessions for all scopes...
2026-03-15 19:54:21.991 [info] Got 6 sessions for ...
2026-03-15 19:54:38.069 [info] Getting sessions for all scopes...
2026-03-15 19:54:38.069 [info] Got 6 sessions for ...
2026-03-15 19:54:38.122 [info] Getting sessions for all scopes...
2026-03-15 19:54:38.122 [info] Got 6 sessions for ...
2026-03-15 19:54:48.133 [info] Getting sessions for all scopes...
2026-03-15 19:54:48.133 [info] Got 6 sessions for ...
2026-03-15 19:54:48.172 [info] Getting sessions for all scopes...
2026-03-15 19:54:48.172 [info] Got 6 sessions for ...
2026-03-15 19:54:59.334 [info] Getting sessions for all scopes...
2026-03-15 19:54:59.334 [info] Got 6 sessions for ...
2026-03-15 19:54:59.368 [info] Getting sessions for all scopes...
2026-03-15 19:54:59.368 [info] Got 6 sessions for ...
2026-03-15 19:55:11.817 [info] Getting sessions for all scopes...
2026-03-15 19:55:11.817 [info] Got 6 sessions for ...
2026-03-15 19:55:11.868 [info] Getting sessions for all scopes...
2026-03-15 19:55:11.868 [info] Got 6 sessions for ...
2026-03-15 19:55:31.148 [info] Getting sessions for all scopes...
2026-03-15 19:55:31.148 [info] Got 6 sessions for ...
2026-03-15 19:55:31.187 [info] Getting sessions for all scopes...
2026-03-15 19:55:31.187 [info] Got 6 sessions for ...
2026-03-15 19:55:48.651 [info] Getting sessions for all scopes...
2026-03-15 19:55:48.651 [info] Got 6 sessions for ...
2026-03-15 19:55:48.708 [info] Getting sessions for all scopes...
2026-03-15 19:55:48.708 [info] Got 6 sessions for ...
2026-03-15 19:56:13.181 [info] Getting sessions for all scopes...
2026-03-15 19:56:13.181 [info] Got 6 sessions for ...
2026-03-15 19:56:13.231 [info] Getting sessions for all scopes...
2026-03-15 19:56:13.231 [info] Got 6 sessions for ...
2026-03-15 19:56:41.193 [info] Getting sessions for all scopes...
2026-03-15 19:56:41.193 [info] Got 6 sessions for ...
2026-03-15 19:56:41.230 [info] Getting sessions for all scopes...
2026-03-15 19:56:41.230 [info] Got 6 sessions for ...
2026-03-15 19:56:47.898 [info] Getting sessions for all scopes...
2026-03-15 19:56:47.898 [info] Got 6 sessions for ...
2026-03-15 19:56:48.003 [info] Getting sessions for all scopes...
2026-03-15 19:56:48.003 [info] Got 6 sessions for ...
2026-03-15 19:56:51.827 [info] Getting sessions for all scopes...
2026-03-15 19:56:51.827 [info] Got 6 sessions for ...
2026-03-15 19:56:51.861 [info] Getting sessions for all scopes...
2026-03-15 19:56:51.861 [info] Got 6 sessions for ...
2026-03-15 19:56:59.987 [info] Getting sessions for all scopes...
2026-03-15 19:56:59.987 [info] Got 6 sessions for ...
2026-03-15 19:57:00.030 [info] Getting sessions for all scopes...
2026-03-15 19:57:00.030 [info] Got 6 sessions for ...
2026-03-15 19:57:05.640 [info] Getting sessions for all scopes...
2026-03-15 19:57:05.641 [info] Got 6 sessions for ...
2026-03-15 19:57:05.685 [info] Getting sessions for all scopes...
2026-03-15 19:57:05.685 [info] Got 6 sessions for ...
2026-03-15 19:57:39.920 [info] Getting sessions for all scopes...
2026-03-15 19:57:39.920 [info] Got 6 sessions for ...
2026-03-15 19:57:39.988 [info] Getting sessions for all scopes...
2026-03-15 19:57:39.988 [info] Got 6 sessions for ...
2026-03-15 19:57:55.429 [info] Getting sessions for all scopes...
2026-03-15 19:57:55.429 [info] Got 6 sessions for ...
2026-03-15 19:57:55.465 [info] Getting sessions for all scopes...
2026-03-15 19:57:55.465 [info] Got 6 sessions for ...
2026-03-15 19:58:07.299 [info] Getting sessions for all scopes...
2026-03-15 19:58:07.299 [info] Got 6 sessions for ...
2026-03-15 19:58:07.344 [info] Getting sessions for all scopes...
2026-03-15 19:58:07.344 [info] Got 6 sessions for ...
2026-03-15 19:58:56.188 [info] Getting sessions for all scopes...
2026-03-15 19:58:56.188 [info] Got 6 sessions for ...
2026-03-15 19:58:56.237 [info] Getting sessions for all scopes...
2026-03-15 19:58:56.237 [info] Got 6 sessions for ...
2026-03-15 19:59:18.688 [info] Getting sessions for all scopes...
2026-03-15 19:59:18.688 [info] Got 6 sessions for ...
2026-03-15 19:59:18.729 [info] Getting sessions for all scopes...
2026-03-15 19:59:18.729 [info] Got 6 sessions for ...
2026-03-15 19:59:33.869 [info] Getting sessions for all scopes...
2026-03-15 19:59:33.870 [info] Got 6 sessions for ...
2026-03-15 19:59:33.925 [info] Getting sessions for all scopes...
2026-03-15 19:59:33.925 [info] Got 6 sessions for ...
2026-03-15 20:00:39.125 [info] Getting sessions for all scopes...
2026-03-15 20:00:39.125 [info] Got 6 sessions for ...
2026-03-15 20:00:39.162 [info] Getting sessions for all scopes...
2026-03-15 20:00:39.162 [info] Got 6 sessions for ...
2026-03-15 20:02:32.435 [info] Getting sessions for all scopes...
2026-03-15 20:02:32.435 [info] Got 6 sessions for ...
2026-03-15 20:02:32.480 [info] Getting sessions for all scopes...
2026-03-15 20:02:32.481 [info] Got 6 sessions for ...
2026-03-15 20:02:36.466 [info] Getting sessions for all scopes...
2026-03-15 20:02:36.466 [info] Got 6 sessions for ...
2026-03-15 20:02:36.514 [info] Getting sessions for all scopes...
2026-03-15 20:02:36.514 [info] Got 6 sessions for ...
2026-03-15 20:04:19.977 [info] Getting sessions for all scopes...
2026-03-15 20:04:19.977 [info] Got 6 sessions for ...
2026-03-15 20:04:20.021 [info] Getting sessions for all scopes...
2026-03-15 20:04:20.022 [info] Got 6 sessions for ...
2026-03-15 20:04:46.883 [info] Getting sessions for all scopes...
2026-03-15 20:04:46.884 [info] Got 6 sessions for ...
2026-03-15 20:04:46.932 [info] Getting sessions for all scopes...
2026-03-15 20:04:46.932 [info] Got 6 sessions for ...
2026-03-15 20:04:56.382 [info] Getting sessions for all scopes...
2026-03-15 20:04:56.382 [info] Got 6 sessions for ...
2026-03-15 20:04:56.459 [info] Getting sessions for all scopes...
2026-03-15 20:04:56.459 [info] Got 6 sessions for ...
2026-03-15 20:05:00.683 [info] Getting sessions for all scopes...
2026-03-15 20:05:00.683 [info] Got 6 sessions for ...
2026-03-15 20:05:00.739 [info] Getting sessions for all scopes...
2026-03-15 20:05:00.739 [info] Got 6 sessions for ...
2026-03-15 20:05:15.329 [info] Getting sessions for all scopes...
2026-03-15 20:05:15.329 [info] Got 6 sessions for ...
2026-03-15 20:05:15.383 [info] Getting sessions for all scopes...
2026-03-15 20:05:15.383 [info] Got 6 sessions for ...
2026-03-15 20:07:01.817 [info] Getting sessions for all scopes...
2026-03-15 20:07:01.817 [info] Got 6 sessions for ...
2026-03-15 20:07:01.857 [info] Getting sessions for all scopes...
2026-03-15 20:07:01.857 [info] Got 6 sessions for ...
2026-03-15 20:09:29.971 [info] Getting sessions for all scopes...
2026-03-15 20:09:29.971 [info] Got 6 sessions for ...
2026-03-15 20:09:30.014 [info] Getting sessions for all scopes...
2026-03-15 20:09:30.014 [info] Got 6 sessions for ...
2026-03-15 20:11:19.822 [info] Getting sessions for all scopes...
2026-03-15 20:11:19.822 [info] Got 6 sessions for ...
2026-03-15 20:11:19.896 [info] Getting sessions for all scopes...
2026-03-15 20:11:19.896 [info] Got 6 sessions for ...
2026-03-15 20:11:30.609 [info] Getting sessions for all scopes...
2026-03-15 20:11:30.609 [info] Got 6 sessions for ...
2026-03-15 20:11:30.654 [info] Getting sessions for all scopes...
2026-03-15 20:11:30.654 [info] Got 6 sessions for ...
2026-03-15 20:11:33.487 [info] Getting sessions for all scopes...
2026-03-15 20:11:33.487 [info] Got 6 sessions for ...
2026-03-15 20:11:33.532 [info] Getting sessions for all scopes...
2026-03-15 20:11:33.532 [info] Got 6 sessions for ...
2026-03-15 20:12:36.891 [info] Getting sessions for all scopes...
2026-03-15 20:12:36.891 [info] Got 6 sessions for ...
2026-03-15 20:12:36.931 [info] Getting sessions for all scopes...
2026-03-15 20:12:36.931 [info] Got 6 sessions for ...
2026-03-15 20:12:50.933 [info] Getting sessions for all scopes...
2026-03-15 20:12:50.933 [info] Got 6 sessions for ...
2026-03-15 20:12:51.014 [info] Getting sessions for all scopes...
2026-03-15 20:12:51.014 [info] Got 6 sessions for ...
2026-03-15 20:14:07.875 [info] Getting sessions for all scopes...
2026-03-15 20:14:07.875 [info] Got 6 sessions for ...
2026-03-15 20:14:07.930 [info] Getting sessions for all scopes...
2026-03-15 20:14:07.930 [info] Got 6 sessions for ...
2026-03-15 20:14:24.185 [info] Getting sessions for all scopes...
2026-03-15 20:14:24.185 [info] Got 6 sessions for ...
2026-03-15 20:14:24.229 [info] Getting sessions for all scopes...
2026-03-15 20:14:24.229 [info] Got 6 sessions for ...
2026-03-15 20:14:36.879 [info] Getting sessions for all scopes...
2026-03-15 20:14:36.879 [info] Got 6 sessions for ...
2026-03-15 20:14:36.929 [info] Getting sessions for all scopes...
2026-03-15 20:14:36.929 [info] Got 6 sessions for ...
2026-03-15 20:14:43.234 [info] Getting sessions for all scopes...
2026-03-15 20:14:43.234 [info] Got 6 sessions for ...
2026-03-15 20:14:43.289 [info] Getting sessions for all scopes...
2026-03-15 20:14:43.289 [info] Got 6 sessions for ...
2026-03-15 20:14:47.929 [info] Getting sessions for all scopes...
2026-03-15 20:14:47.929 [info] Got 6 sessions for ...
2026-03-15 20:14:47.970 [info] Getting sessions for all scopes...
2026-03-15 20:14:47.970 [info] Got 6 sessions for ...
2026-03-15 20:15:32.389 [info] Getting sessions for all scopes...
2026-03-15 20:15:32.389 [info] Got 6 sessions for ...
2026-03-15 20:15:32.431 [info] Getting sessions for all scopes...
2026-03-15 20:15:32.431 [info] Got 6 sessions for ...
2026-03-15 20:15:38.439 [info] Getting sessions for all scopes...
2026-03-15 20:15:38.439 [info] Got 6 sessions for ...
2026-03-15 20:15:38.529 [info] Getting sessions for all scopes...
2026-03-15 20:15:38.529 [info] Got 6 sessions for ...
2026-03-15 20:15:41.808 [info] Getting sessions for all scopes...
2026-03-15 20:15:41.808 [info] Got 6 sessions for ...
2026-03-15 20:15:41.870 [info] Getting sessions for all scopes...
2026-03-15 20:15:41.870 [info] Got 6 sessions for ...
2026-03-15 20:15:44.810 [info] Getting sessions for all scopes...
2026-03-15 20:15:44.810 [info] Got 6 sessions for ...
2026-03-15 20:15:44.853 [info] Getting sessions for all scopes...
2026-03-15 20:15:44.853 [info] Got 6 sessions for ...
2026-03-15 20:15:53.050 [info] Getting sessions for all scopes...
2026-03-15 20:15:53.050 [info] Got 6 sessions for ...
2026-03-15 20:15:53.110 [info] Getting sessions for all scopes...
2026-03-15 20:15:53.110 [info] Got 6 sessions for ...
2026-03-15 20:16:02.409 [info] Getting sessions for all scopes...
2026-03-15 20:16:02.410 [info] Got 6 sessions for ...
2026-03-15 20:16:02.444 [info] Getting sessions for all scopes...
2026-03-15 20:16:02.444 [info] Got 6 sessions for ...
2026-03-15 20:16:39.988 [info] Getting sessions for all scopes...
2026-03-15 20:16:39.988 [info] Got 6 sessions for ...
2026-03-15 20:16:40.048 [info] Getting sessions for all scopes...
2026-03-15 20:16:40.048 [info] Got 6 sessions for ...
2026-03-15 20:17:02.687 [info] Getting sessions for all scopes...
2026-03-15 20:17:02.687 [info] Got 6 sessions for ...
2026-03-15 20:17:02.728 [info] Getting sessions for all scopes...
2026-03-15 20:17:02.728 [info] Got 6 sessions for ...
2026-03-15 20:17:04.712 [info] Getting sessions for all scopes...
2026-03-15 20:17:04.713 [info] Got 6 sessions for ...
2026-03-15 20:17:04.754 [info] Getting sessions for all scopes...
2026-03-15 20:17:04.754 [info] Got 6 sessions for ...
2026-03-15 20:18:38.921 [info] Getting sessions for all scopes...
2026-03-15 20:18:38.921 [info] Got 6 sessions for ...
2026-03-15 20:18:38.966 [info] Getting sessions for all scopes...
2026-03-15 20:18:38.966 [info] Got 6 sessions for ...
2026-03-15 20:20:10.686 [info] Getting sessions for all scopes...
2026-03-15 20:20:10.686 [info] Got 6 sessions for ...
2026-03-15 20:20:10.745 [info] Getting sessions for all scopes...
2026-03-15 20:20:10.745 [info] Got 6 sessions for ...
2026-03-15 20:20:16.627 [info] Getting sessions for all scopes...
2026-03-15 20:20:16.627 [info] Got 6 sessions for ...
2026-03-15 20:20:16.666 [info] Getting sessions for all scopes...
2026-03-15 20:20:16.666 [info] Got 6 sessions for ...
2026-03-15 20:20:21.889 [info] Getting sessions for all scopes...
2026-03-15 20:20:21.889 [info] Got 6 sessions for ...
2026-03-15 20:20:21.947 [info] Getting sessions for all scopes...
2026-03-15 20:20:21.947 [info] Got 6 sessions for ...
2026-03-15 20:20:33.089 [info] Getting sessions for all scopes...
2026-03-15 20:20:33.089 [info] Got 6 sessions for ...
2026-03-15 20:20:33.125 [info] Getting sessions for all scopes...
2026-03-15 20:20:33.125 [info] Got 6 sessions for ...
2026-03-15 20:20:37.296 [info] Getting sessions for all scopes...
2026-03-15 20:20:37.296 [info] Got 6 sessions for ...
2026-03-15 20:20:37.347 [info] Getting sessions for all scopes...
2026-03-15 20:20:37.347 [info] Got 6 sessions for ...
2026-03-15 20:20:43.436 [info] Getting sessions for all scopes...
2026-03-15 20:20:43.437 [info] Got 6 sessions for ...
2026-03-15 20:20:43.484 [info] Getting sessions for all scopes...
2026-03-15 20:20:43.484 [info] Got 6 sessions for ...
2026-03-15 20:21:11.778 [info] Getting sessions for all scopes...
2026-03-15 20:21:11.778 [info] Got 6 sessions for ...
2026-03-15 20:21:11.823 [info] Getting sessions for all scopes...
2026-03-15 20:21:11.823 [info] Got 6 sessions for ...
2026-03-15 20:21:19.525 [info] Getting sessions for all scopes...
2026-03-15 20:21:19.525 [info] Got 6 sessions for ...
2026-03-15 20:21:19.578 [info] Getting sessions for all scopes...
2026-03-15 20:21:19.578 [info] Got 6 sessions for ...
2026-03-15 20:21:35.048 [info] Getting sessions for all scopes...
2026-03-15 20:21:35.048 [info] Got 6 sessions for ...
2026-03-15 20:21:35.103 [info] Getting sessions for all scopes...
2026-03-15 20:21:35.103 [info] Got 6 sessions for ...
2026-03-15 20:22:21.392 [info] Getting sessions for all scopes...
2026-03-15 20:22:21.392 [info] Got 6 sessions for ...
2026-03-15 20:22:21.468 [info] Getting sessions for all scopes...
2026-03-15 20:22:21.468 [info] Got 6 sessions for ...
2026-03-15 20:22:55.997 [info] Getting sessions for all scopes...
2026-03-15 20:22:55.997 [info] Got 6 sessions for ...
2026-03-15 20:22:56.042 [info] Getting sessions for all scopes...
2026-03-15 20:22:56.042 [info] Got 6 sessions for ...
2026-03-15 20:23:05.101 [info] Getting sessions for all scopes...
2026-03-15 20:23:05.101 [info] Got 6 sessions for ...
2026-03-15 20:23:05.142 [info] Getting sessions for all scopes...
2026-03-15 20:23:05.142 [info] Got 6 sessions for ...
2026-03-15 20:23:13.641 [info] Getting sessions for all scopes...
2026-03-15 20:23:13.641 [info] Got 6 sessions for ...
2026-03-15 20:23:13.701 [info] Getting sessions for all scopes...
2026-03-15 20:23:13.701 [info] Got 6 sessions for ...
2026-03-15 20:23:25.141 [info] Getting sessions for all scopes...
2026-03-15 20:23:25.141 [info] Got 6 sessions for ...
2026-03-15 20:23:25.181 [info] Getting sessions for all scopes...
2026-03-15 20:23:25.181 [info] Got 6 sessions for ...
2026-03-15 20:24:03.361 [info] Getting sessions for all scopes...
2026-03-15 20:24:03.361 [info] Got 6 sessions for ...
2026-03-15 20:24:03.401 [info] Getting sessions for all scopes...
2026-03-15 20:24:03.401 [info] Got 6 sessions for ...
2026-03-15 20:24:39.243 [info] Getting sessions for all scopes...
2026-03-15 20:24:39.244 [info] Got 6 sessions for ...
2026-03-15 20:24:39.327 [info] Getting sessions for all scopes...
2026-03-15 20:24:39.327 [info] Got 6 sessions for ...
2026-03-15 20:25:36.342 [info] Getting sessions for all scopes...
2026-03-15 20:25:36.342 [info] Got 6 sessions for ...
2026-03-15 20:25:36.440 [info] Getting sessions for all scopes...
2026-03-15 20:25:36.440 [info] Got 6 sessions for ...
2026-03-15 20:25:48.399 [info] Getting sessions for all scopes...
2026-03-15 20:25:48.399 [info] Got 6 sessions for ...
2026-03-15 20:25:48.783 [info] Getting sessions for all scopes...
2026-03-15 20:25:48.784 [info] Got 6 sessions for ...
2026-03-15 20:25:57.898 [info] Getting sessions for all scopes...
2026-03-15 20:25:57.898 [info] Got 6 sessions for ...
2026-03-15 20:25:57.939 [info] Getting sessions for all scopes...
2026-03-15 20:25:57.939 [info] Got 6 sessions for ...
2026-03-15 20:26:29.780 [info] Getting sessions for all scopes...
2026-03-15 20:26:29.781 [info] Got 6 sessions for ...
2026-03-15 20:26:29.843 [info] Getting sessions for all scopes...
2026-03-15 20:26:29.843 [info] Got 6 sessions for ...
2026-03-15 20:26:49.019 [info] Getting sessions for all scopes...
2026-03-15 20:26:49.019 [info] Got 6 sessions for ...
2026-03-15 20:26:49.058 [info] Getting sessions for all scopes...
2026-03-15 20:26:49.058 [info] Got 6 sessions for ...
2026-03-15 20:27:20.298 [info] Getting sessions for all scopes...
2026-03-15 20:27:20.298 [info] Got 6 sessions for ...
2026-03-15 20:27:20.337 [info] Getting sessions for all scopes...
2026-03-15 20:27:20.337 [info] Got 6 sessions for ...
2026-03-15 20:27:59.586 [info] Getting sessions for all scopes...
2026-03-15 20:27:59.586 [info] Got 6 sessions for ...
2026-03-15 20:27:59.622 [info] Getting sessions for all scopes...
2026-03-15 20:27:59.622 [info] Got 6 sessions for ...
2026-03-15 20:29:14.171 [info] Getting sessions for all scopes...
2026-03-15 20:29:14.171 [info] Got 6 sessions for ...
2026-03-15 20:29:14.205 [info] Getting sessions for all scopes...
2026-03-15 20:29:14.205 [info] Got 6 sessions for ...
2026-03-15 20:30:23.915 [info] Getting sessions for all scopes...
2026-03-15 20:30:23.915 [info] Got 6 sessions for ...
2026-03-15 20:30:23.956 [info] Getting sessions for all scopes...
2026-03-15 20:30:23.956 [info] Got 6 sessions for ...
2026-03-15 20:30:34.636 [info] Getting sessions for all scopes...
2026-03-15 20:30:34.637 [info] Got 6 sessions for ...
2026-03-15 20:30:34.675 [info] Getting sessions for all scopes...
2026-03-15 20:30:34.675 [info] Got 6 sessions for ...
2026-03-15 20:30:49.836 [info] Getting sessions for all scopes...
2026-03-15 20:30:49.836 [info] Got 6 sessions for ...
2026-03-15 20:30:49.876 [info] Getting sessions for all scopes...
2026-03-15 20:30:49.876 [info] Got 6 sessions for ...
2026-03-15 20:31:13.216 [info] Getting sessions for all scopes...
2026-03-15 20:31:13.216 [info] Got 6 sessions for ...
2026-03-15 20:31:13.259 [info] Getting sessions for all scopes...
2026-03-15 20:31:13.259 [info] Got 6 sessions for ...
2026-03-15 20:31:21.747 [info] Getting sessions for all scopes...
2026-03-15 20:31:21.747 [info] Got 6 sessions for ...
2026-03-15 20:31:21.794 [info] Getting sessions for all scopes...
2026-03-15 20:31:21.794 [info] Got 6 sessions for ...
2026-03-15 20:31:36.629 [info] Getting sessions for all scopes...
2026-03-15 20:31:36.629 [info] Got 6 sessions for ...
2026-03-15 20:31:36.674 [info] Getting sessions for all scopes...
2026-03-15 20:31:36.674 [info] Got 6 sessions for ...
2026-03-15 20:32:31.800 [info] Getting sessions for all scopes...
2026-03-15 20:32:31.800 [info] Got 6 sessions for ...
2026-03-15 20:32:31.860 [info] Getting sessions for all scopes...
2026-03-15 20:32:31.860 [info] Got 6 sessions for ...
2026-03-15 20:32:33.641 [info] Getting sessions for all scopes...
2026-03-15 20:32:33.641 [info] Got 6 sessions for ...
2026-03-15 20:32:33.715 [info] Getting sessions for all scopes...
2026-03-15 20:32:33.715 [info] Got 6 sessions for ...
2026-03-15 20:32:47.399 [info] Getting sessions for all scopes...
2026-03-15 20:32:47.400 [info] Got 6 sessions for ...
2026-03-15 20:32:47.518 [info] Getting sessions for all scopes...
2026-03-15 20:32:47.518 [info] Got 6 sessions for ...
2026-03-15 20:35:27.453 [info] Getting sessions for all scopes...
2026-03-15 20:35:27.453 [info] Got 6 sessions for ...
2026-03-15 20:35:27.493 [info] Getting sessions for all scopes...
2026-03-15 20:35:27.493 [info] Got 6 sessions for ...
2026-03-15 20:39:42.033 [info] Getting sessions for all scopes...
2026-03-15 20:39:42.033 [info] Got 6 sessions for ...
2026-03-15 20:39:42.074 [info] Getting sessions for all scopes...
2026-03-15 20:39:42.074 [info] Got 6 sessions for ...
2026-03-15 20:40:41.098 [info] Getting sessions for all scopes...
2026-03-15 20:40:41.098 [info] Got 6 sessions for ...
2026-03-15 20:40:41.147 [info] Getting sessions for all scopes...
2026-03-15 20:40:41.147 [info] Got 6 sessions for ...
2026-03-15 20:41:26.248 [info] Getting sessions for all scopes...
2026-03-15 20:41:26.248 [info] Got 6 sessions for ...
2026-03-15 20:41:26.305 [info] Getting sessions for all scopes...
2026-03-15 20:41:26.305 [info] Got 6 sessions for ...
2026-03-15 20:41:35.727 [info] Getting sessions for all scopes...
2026-03-15 20:41:35.727 [info] Got 6 sessions for ...
2026-03-15 20:41:35.770 [info] Getting sessions for all scopes...
2026-03-15 20:41:35.770 [info] Got 6 sessions for ...
2026-03-15 20:41:50.797 [info] Getting sessions for all scopes...
2026-03-15 20:41:50.797 [info] Got 6 sessions for ...
2026-03-15 20:41:50.850 [info] Getting sessions for all scopes...
2026-03-15 20:41:50.850 [info] Got 6 sessions for ...
2026-03-15 20:42:49.634 [info] Getting sessions for all scopes...
2026-03-15 20:42:49.634 [info] Got 6 sessions for ...
2026-03-15 20:42:49.684 [info] Getting sessions for all scopes...
2026-03-15 20:42:49.684 [info] Got 6 sessions for ...
2026-03-15 20:42:51.958 [info] Getting sessions for all scopes...
2026-03-15 20:42:51.958 [info] Got 6 sessions for ...
2026-03-15 20:42:52.028 [info] Getting sessions for all scopes...
2026-03-15 20:42:52.028 [info] Got 6 sessions for ...
2026-03-15 20:43:33.944 [info] Getting sessions for all scopes...
2026-03-15 20:43:33.944 [info] Got 6 sessions for ...
2026-03-15 20:43:34.024 [info] Getting sessions for all scopes...
2026-03-15 20:43:34.024 [info] Got 6 sessions for ...
2026-03-15 20:43:56.569 [info] Getting sessions for all scopes...
2026-03-15 20:43:56.569 [info] Got 6 sessions for ...
2026-03-15 20:43:56.610 [info] Getting sessions for all scopes...
2026-03-15 20:43:56.610 [info] Got 6 sessions for ...
2026-03-15 20:43:58.775 [info] Getting sessions for all scopes...
2026-03-15 20:43:58.775 [info] Got 6 sessions for ...
2026-03-15 20:43:58.824 [info] Getting sessions for all scopes...
2026-03-15 20:43:58.824 [info] Got 6 sessions for ...
2026-03-15 20:45:24.981 [info] Getting sessions for all scopes...
2026-03-15 20:45:24.981 [info] Got 6 sessions for ...
2026-03-15 20:45:25.022 [info] Getting sessions for all scopes...
2026-03-15 20:45:25.022 [info] Got 6 sessions for ...
