2026-03-02 01:32:45.947 [info] [main] Log level: Info
2026-03-02 01:32:45.947 [info] [main] Validating found git in: "git"
2026-03-02 01:32:45.947 [info] [main] Using git "2.52.0" from "git"
2026-03-02 01:32:45.947 [info] [Model][doInitialScan] Initial repository scan started
2026-03-02 01:32:45.947 [info] > git rev-parse --show-toplevel [55ms]
2026-03-02 01:32:45.947 [info] > git rev-parse --git-dir --git-common-dir --show-superproject-working-tree [62ms]
2026-03-02 01:32:47.231 [info] [Model][openRepository] Opened repository (path): /workspaces/C-Projects
2026-03-02 01:32:47.231 [info] [Model][openRepository] Opened repository (real path): /workspaces/C-Projects
2026-03-02 01:32:47.231 [info] [Model][openRepository] Opened repository (kind): repository
2026-03-02 01:32:47.407 [info] > git rev-parse --show-toplevel [65ms]
2026-03-02 01:32:47.411 [info] > git config --get commit.template [123ms]
2026-03-02 01:32:48.009 [info] > git for-each-ref --format=%(refname)%00%(upstream:short)%00%(objectname)%00%(upstream:track)%00%(upstream:remotename)%00%(upstream:remoteref) refs/heads/main refs/remotes/main [68ms]
2026-03-02 01:32:48.010 [info] > git rev-parse --show-toplevel [495ms]
2026-03-02 01:32:48.450 [info] > git rev-parse --show-toplevel [367ms]
2026-03-02 01:32:48.702 [info] > git check-ignore -v -z --stdin [218ms]
2026-03-02 01:32:48.703 [info] > git check-ignore -v -z --stdin [184ms]
2026-03-02 01:32:48.703 [info] > git check-ignore -v -z --stdin [69ms]
2026-03-02 01:32:48.707 [info] > git status -z -uall [47ms]
2026-03-02 01:32:48.711 [info] > git rev-parse --show-toplevel [157ms]
2026-03-02 01:32:48.720 [info] [Model][doInitialScan] Initial repository scan completed - repositories (1), closed repositories (0), parent repositories (0), unsafe repositories (0)
2026-03-02 01:32:48.788 [info] > git for-each-ref --sort -committerdate --format %(refname)%00%(objectname)%00%(*objectname) [112ms]
2026-03-02 01:32:48.975 [info] > git show --textconv :trivia/index.html [63ms]
2026-03-02 01:32:48.975 [info] > git show --textconv :homepage/styles.css [49ms]
2026-03-02 01:32:48.977 [info] > git for-each-ref --format=%(refname)%00%(upstream:short)%00%(objectname)%00%(upstream:track)%00%(upstream:remotename)%00%(upstream:remoteref) refs/heads/main refs/remotes/main [144ms]
2026-03-02 01:32:48.986 [info] > git rev-parse --show-toplevel [245ms]
2026-03-02 01:32:49.082 [info] > git config --get --local branch.main.vscode-merge-base [96ms]
2026-03-02 01:32:49.139 [info] > git ls-files --stage -- homepage/styles.css [184ms]
2026-03-02 01:32:49.165 [info] > git ls-files --stage -- trivia/index.html [219ms]
2026-03-02 01:32:49.195 [info] > git config --get commit.template [325ms]
2026-03-02 01:32:49.457 [info] > git hash-object -t tree /dev/null [264ms]
2026-03-02 01:32:49.457 [warning] [GitFileSystemProvider][readFile] File not found - git:/workspaces/C-Projects/homepage/styles.css.git?%7B%22path%22%3A%22%2Fworkspaces%2FC-Projects%2Fhomepage%2Fstyles.css%22%2C%22ref%22%3A%22%22%7D
2026-03-02 01:32:49.458 [info] > git cat-file -s 08cea3334149dc5f83aad2eab19c51fa010063f9 [282ms]
2026-03-02 01:32:49.459 [info] > git hash-object -t tree /dev/null [294ms]
2026-03-02 01:32:49.459 [warning] [GitFileSystemProvider][stat] File not found - git:/workspaces/C-Projects/homepage/styles.css.git?%7B%22path%22%3A%22%2Fworkspaces%2FC-Projects%2Fhomepage%2Fstyles.css%22%2C%22ref%22%3A%22%22%7D
2026-03-02 01:32:49.460 [info] > git for-each-ref --format=%(refname)%00%(upstream:short)%00%(objectname)%00%(upstream:track)%00%(upstream:remotename)%00%(upstream:remoteref) refs/heads/origin/main refs/remotes/origin/main [322ms]
2026-03-02 01:32:49.474 [info] > git rev-parse --show-toplevel [464ms]
2026-03-02 01:32:49.574 [info] > git merge-base refs/heads/main refs/remotes/origin/main [101ms]
2026-03-02 01:32:49.615 [info] > git rev-parse --show-toplevel [106ms]
2026-03-02 01:32:49.615 [info] > git for-each-ref --format=%(refname)%00%(upstream:short)%00%(objectname)%00%(upstream:track)%00%(upstream:remotename)%00%(upstream:remoteref) refs/heads/main refs/remotes/main [123ms]
2026-03-02 01:32:49.622 [info] > git diff --raw --numstat --diff-filter=ADMR -z --find-renames=50% 71180f2965edd71d2fbd4ecada0bb4290213be6f...refs/remotes/origin/main -- [24ms]
2026-03-02 01:32:49.703 [info] > git status -z -uall [12ms]
2026-03-02 01:32:49.712 [info] > git for-each-ref --sort -committerdate --format %(refname)%00%(objectname)%00%(*objectname) [10ms]
2026-03-02 01:32:49.887 [info] > git check-ignore -v -z --stdin [19ms]
2026-03-02 01:32:49.901 [info] > git blame --root --incremental 71180f2965edd71d2fbd4ecada0bb4290213be6f -- homepage/styles.css [15ms]
2026-03-02 01:32:49.901 [info] fatal: no such path homepage/styles.css in 71180f2965edd71d2fbd4ecada0bb4290213be6f
2026-03-02 01:32:50.147 [info] > git config --local -l [4ms]
2026-03-02 01:32:50.812 [info] > git config --local -l [249ms]
2026-03-02 01:32:50.820 [info] > git config --local -l [350ms]
2026-03-02 01:32:50.821 [info] > git config --local -l [406ms]
2026-03-02 01:32:50.824 [info] > git config --local -l [442ms]
2026-03-02 01:32:50.880 [info] > git check-ignore -v -z --stdin [11ms]
2026-03-02 01:32:51.695 [info] > git config --local -l [70ms]
2026-03-02 01:32:51.702 [info] > git config --local -l [97ms]
2026-03-02 01:32:51.703 [info] > git config --local -l [116ms]
2026-03-02 01:32:51.706 [info] > git config --local -l [137ms]
2026-03-02 01:32:51.706 [info] > git config --local -l [152ms]
2026-03-02 01:36:10.476 [info] > git config --get commit.template [1ms]
2026-03-02 01:36:10.491 [info] > git for-each-ref --format=%(refname)%00%(upstream:short)%00%(objectname)%00%(upstream:track)%00%(upstream:remotename)%00%(upstream:remoteref) refs/heads/main refs/remotes/main [5ms]
2026-03-02 01:36:10.511 [info] > git status -z -uall [11ms]
2026-03-02 01:36:10.521 [info] > git for-each-ref --sort -committerdate --format %(refname)%00%(objectname)%00%(*objectname) [10ms]
2026-03-02 01:36:10.966 [info] > git check-ignore -v -z --stdin [1ms]
2026-03-02 01:36:15.550 [info] > git config --get commit.template [4ms]
2026-03-02 01:36:15.573 [info] > git for-each-ref --format=%(refname)%00%(upstream:short)%00%(objectname)%00%(upstream:track)%00%(upstream:remotename)%00%(upstream:remoteref) refs/heads/main refs/remotes/main [6ms]
2026-03-02 01:36:15.622 [info] > git status -z -uall [29ms]
2026-03-02 01:36:15.630 [info] > git for-each-ref --sort -committerdate --format %(refname)%00%(objectname)%00%(*objectname) [10ms]
2026-03-02 01:36:16.059 [info] > git check-ignore -v -z --stdin [4ms]
2026-03-02 01:36:57.006 [info] > git config --get commit.template [14ms]
2026-03-02 01:36:57.006 [info] > git for-each-ref --format=%(refname)%00%(upstream:short)%00%(objectname)%00%(upstream:track)%00%(upstream:remotename)%00%(upstream:remoteref) refs/heads/main refs/remotes/main [1ms]
2026-03-02 01:36:57.027 [info] > git status -z -uall [12ms]
2026-03-02 01:36:57.035 [info] > git for-each-ref --sort -committerdate --format %(refname)%00%(objectname)%00%(*objectname) [9ms]
2026-03-02 01:36:57.482 [info] > git check-ignore -v -z --stdin [5ms]
2026-03-02 01:37:02.050 [info] > git config --get commit.template [1ms]
2026-03-02 01:37:02.062 [info] > git for-each-ref --format=%(refname)%00%(upstream:short)%00%(objectname)%00%(upstream:track)%00%(upstream:remotename)%00%(upstream:remoteref) refs/heads/main refs/remotes/main [3ms]
2026-03-02 01:37:02.085 [info] > git status -z -uall [17ms]
2026-03-02 01:37:02.086 [info] > git for-each-ref --sort -committerdate --format %(refname)%00%(objectname)%00%(*objectname) [4ms]
2026-03-02 01:37:02.534 [info] > git check-ignore -v -z --stdin [5ms]
2026-03-02 01:37:07.102 [info] > git config --get commit.template [3ms]
2026-03-02 01:37:07.111 [info] > git for-each-ref --format=%(refname)%00%(upstream:short)%00%(objectname)%00%(upstream:track)%00%(upstream:remotename)%00%(upstream:remoteref) refs/heads/main refs/remotes/main [2ms]
2026-03-02 01:37:07.130 [info] > git status -z -uall [11ms]
2026-03-02 01:37:07.144 [info] > git for-each-ref --sort -committerdate --format %(refname)%00%(objectname)%00%(*objectname) [15ms]
2026-03-02 01:37:07.577 [info] > git check-ignore -v -z --stdin [7ms]
2026-03-02 01:37:12.157 [info] > git config --get commit.template [1ms]
2026-03-02 01:37:12.172 [info] > git for-each-ref --format=%(refname)%00%(upstream:short)%00%(objectname)%00%(upstream:track)%00%(upstream:remotename)%00%(upstream:remoteref) refs/heads/main refs/remotes/main [3ms]
2026-03-02 01:37:12.204 [info] > git status -z -uall [21ms]
2026-03-02 01:37:12.207 [info] > git for-each-ref --sort -committerdate --format %(refname)%00%(objectname)%00%(*objectname) [6ms]
2026-03-02 01:37:12.644 [info] > git check-ignore -v -z --stdin [3ms]
2026-03-02 01:37:17.231 [info] > git config --get commit.template [12ms]
2026-03-02 01:37:17.233 [info] > git for-each-ref --format=%(refname)%00%(upstream:short)%00%(objectname)%00%(upstream:track)%00%(upstream:remotename)%00%(upstream:remoteref) refs/heads/main refs/remotes/main [3ms]
2026-03-02 01:37:17.253 [info] > git status -z -uall [12ms]
2026-03-02 01:37:17.255 [info] > git for-each-ref --sort -committerdate --format %(refname)%00%(objectname)%00%(*objectname) [3ms]
2026-03-02 01:37:17.684 [info] > git check-ignore -v -z --stdin [2ms]
2026-03-02 01:37:22.284 [info] > git config --get commit.template [14ms]
2026-03-02 01:37:22.285 [info] > git for-each-ref --format=%(refname)%00%(upstream:short)%00%(objectname)%00%(upstream:track)%00%(upstream:remotename)%00%(upstream:remoteref) refs/heads/main refs/remotes/main [2ms]
2026-03-02 01:37:22.311 [info] > git status -z -uall [12ms]
2026-03-02 01:37:22.315 [info] > git for-each-ref --sort -committerdate --format %(refname)%00%(objectname)%00%(*objectname) [5ms]
2026-03-02 01:37:22.740 [info] > git check-ignore -v -z --stdin [4ms]
2026-03-02 01:38:54.041 [info] > git config --get commit.template [3ms]
2026-03-02 01:38:54.053 [info] > git for-each-ref --format=%(refname)%00%(upstream:short)%00%(objectname)%00%(upstream:track)%00%(upstream:remotename)%00%(upstream:remoteref) refs/heads/main refs/remotes/main [3ms]
2026-03-02 01:38:54.071 [info] > git status -z -uall [11ms]
2026-03-02 01:38:54.073 [info] > git for-each-ref --sort -committerdate --format %(refname)%00%(objectname)%00%(*objectname) [3ms]
2026-03-02 01:38:54.504 [info] > git check-ignore -v -z --stdin [1ms]
2026-03-02 01:39:16.822 [info] > git config --get commit.template [2ms]
2026-03-02 01:39:16.832 [info] > git for-each-ref --format=%(refname)%00%(upstream:short)%00%(objectname)%00%(upstream:track)%00%(upstream:remotename)%00%(upstream:remoteref) refs/heads/main refs/remotes/main [3ms]
2026-03-02 01:39:16.864 [info] > git status -z -uall [18ms]
2026-03-02 01:39:16.866 [info] > git for-each-ref --sort -committerdate --format %(refname)%00%(objectname)%00%(*objectname) [3ms]
2026-03-02 01:39:17.298 [info] > git check-ignore -v -z --stdin [5ms]
2026-03-02 01:39:28.280 [info] > git config --get commit.template [6ms]
2026-03-02 01:39:28.297 [info] > git for-each-ref --format=%(refname)%00%(upstream:short)%00%(objectname)%00%(upstream:track)%00%(upstream:remotename)%00%(upstream:remoteref) refs/heads/main refs/remotes/main [5ms]
2026-03-02 01:39:28.325 [info] > git status -z -uall [11ms]
2026-03-02 01:39:28.327 [info] > git for-each-ref --sort -committerdate --format %(refname)%00%(objectname)%00%(*objectname) [4ms]
2026-03-02 01:39:28.748 [info] > git check-ignore -v -z --stdin [5ms]
2026-03-02 01:39:36.751 [info] > git config --get commit.template [34ms]
2026-03-02 01:39:36.752 [info] > git for-each-ref --format=%(refname)%00%(upstream:short)%00%(objectname)%00%(upstream:track)%00%(upstream:remotename)%00%(upstream:remoteref) refs/heads/main refs/remotes/main [2ms]
2026-03-02 01:39:36.778 [info] > git status -z -uall [14ms]
2026-03-02 01:39:36.778 [info] > git for-each-ref --sort -committerdate --format %(refname)%00%(objectname)%00%(*objectname) [3ms]
2026-03-02 01:39:37.199 [info] > git check-ignore -v -z --stdin [4ms]
2026-03-02 01:39:47.474 [info] > git config --get commit.template [3ms]
2026-03-02 01:39:47.501 [info] > git for-each-ref --format=%(refname)%00%(upstream:short)%00%(objectname)%00%(upstream:track)%00%(upstream:remotename)%00%(upstream:remoteref) refs/heads/main refs/remotes/main [3ms]
2026-03-02 01:39:47.532 [info] > git status -z -uall [15ms]
2026-03-02 01:39:47.537 [info] > git for-each-ref --sort -committerdate --format %(refname)%00%(objectname)%00%(*objectname) [6ms]
2026-03-02 01:39:48.640 [info] > git check-ignore -v -z --stdin [7ms]
2026-03-02 01:39:58.508 [info] > git config --get commit.template [5ms]
2026-03-02 01:39:58.525 [info] > git for-each-ref --format=%(refname)%00%(upstream:short)%00%(objectname)%00%(upstream:track)%00%(upstream:remotename)%00%(upstream:remoteref) refs/heads/main refs/remotes/main [3ms]
2026-03-02 01:39:58.558 [info] > git status -z -uall [23ms]
2026-03-02 01:39:58.561 [info] > git for-each-ref --sort -committerdate --format %(refname)%00%(objectname)%00%(*objectname) [4ms]
2026-03-02 01:39:58.980 [info] > git check-ignore -v -z --stdin [4ms]
2026-03-02 01:40:09.905 [info] > git config --get commit.template [4ms]
2026-03-02 01:40:09.917 [info] > git for-each-ref --format=%(refname)%00%(upstream:short)%00%(objectname)%00%(upstream:track)%00%(upstream:remotename)%00%(upstream:remoteref) refs/heads/main refs/remotes/main [3ms]
2026-03-02 01:40:09.957 [info] > git status -z -uall [23ms]
2026-03-02 01:40:09.964 [info] > git for-each-ref --sort -committerdate --format %(refname)%00%(objectname)%00%(*objectname) [9ms]
2026-03-02 01:40:10.402 [info] > git check-ignore -v -z --stdin [2ms]
2026-03-02 01:40:14.995 [info] > git config --get commit.template [6ms]
2026-03-02 01:40:15.019 [info] > git for-each-ref --format=%(refname)%00%(upstream:short)%00%(objectname)%00%(upstream:track)%00%(upstream:remotename)%00%(upstream:remoteref) refs/heads/main refs/remotes/main [7ms]
2026-03-02 01:40:15.052 [info] > git status -z -uall [19ms]
2026-03-02 01:40:15.054 [info] > git for-each-ref --sort -committerdate --format %(refname)%00%(objectname)%00%(*objectname) [3ms]
2026-03-02 01:40:15.515 [info] > git check-ignore -v -z --stdin [5ms]
2026-03-02 01:40:22.964 [info] > git config --get commit.template [2ms]
2026-03-02 01:40:22.976 [info] > git for-each-ref --format=%(refname)%00%(upstream:short)%00%(objectname)%00%(upstream:track)%00%(upstream:remotename)%00%(upstream:remoteref) refs/heads/main refs/remotes/main [2ms]
2026-03-02 01:40:22.995 [info] > git status -z -uall [11ms]
2026-03-02 01:40:22.997 [info] > git for-each-ref --sort -committerdate --format %(refname)%00%(objectname)%00%(*objectname) [4ms]
2026-03-02 01:40:24.639 [info] > git check-ignore -v -z --stdin [5ms]
2026-03-02 01:41:01.521 [info] > git config --get commit.template [18ms]
2026-03-02 01:41:01.523 [info] > git for-each-ref --format=%(refname)%00%(upstream:short)%00%(objectname)%00%(upstream:track)%00%(upstream:remotename)%00%(upstream:remoteref) refs/heads/main refs/remotes/main [2ms]
2026-03-02 01:41:01.539 [info] > git status -z -uall [9ms]
2026-03-02 01:41:01.546 [info] > git for-each-ref --sort -committerdate --format %(refname)%00%(objectname)%00%(*objectname) [8ms]
2026-03-02 01:41:01.987 [info] > git check-ignore -v -z --stdin [3ms]
2026-03-02 01:41:11.156 [info] > git config --get commit.template [9ms]
2026-03-02 01:41:11.160 [info] > git for-each-ref --format=%(refname)%00%(upstream:short)%00%(objectname)%00%(upstream:track)%00%(upstream:remotename)%00%(upstream:remoteref) refs/heads/main refs/remotes/main [6ms]
2026-03-02 01:41:11.188 [info] > git status -z -uall [18ms]
2026-03-02 01:41:11.191 [info] > git for-each-ref --sort -committerdate --format %(refname)%00%(objectname)%00%(*objectname) [3ms]
2026-03-02 01:41:11.619 [info] > git check-ignore -v -z --stdin [2ms]
2026-03-02 01:41:26.780 [info] > git config --get commit.template [17ms]
2026-03-02 01:41:26.785 [info] > git for-each-ref --format=%(refname)%00%(upstream:short)%00%(objectname)%00%(upstream:track)%00%(upstream:remotename)%00%(upstream:remoteref) refs/heads/main refs/remotes/main [5ms]
2026-03-02 01:41:26.845 [info] > git status -z -uall [46ms]
2026-03-02 01:41:26.845 [info] > git for-each-ref --sort -committerdate --format %(refname)%00%(objectname)%00%(*objectname) [36ms]
2026-03-02 01:41:27.299 [info] > git check-ignore -v -z --stdin [3ms]
2026-03-02 01:44:16.890 [info] > git config --get commit.template [10ms]
2026-03-02 01:44:16.891 [info] > git for-each-ref --format=%(refname)%00%(upstream:short)%00%(objectname)%00%(upstream:track)%00%(upstream:remotename)%00%(upstream:remoteref) refs/heads/main refs/remotes/main [2ms]
2026-03-02 01:44:16.907 [info] > git status -z -uall [10ms]
2026-03-02 01:44:16.910 [info] > git for-each-ref --sort -committerdate --format %(refname)%00%(objectname)%00%(*objectname) [3ms]
2026-03-02 01:44:17.348 [info] > git check-ignore -v -z --stdin [4ms]
2026-03-02 01:44:29.856 [info] > git config --get commit.template [12ms]
2026-03-02 01:44:29.856 [info] > git for-each-ref --format=%(refname)%00%(upstream:short)%00%(objectname)%00%(upstream:track)%00%(upstream:remotename)%00%(upstream:remoteref) refs/heads/main refs/remotes/main [1ms]
2026-03-02 01:44:29.879 [info] > git status -z -uall [11ms]
2026-03-02 01:44:29.880 [info] > git for-each-ref --sort -committerdate --format %(refname)%00%(objectname)%00%(*objectname) [2ms]
2026-03-02 01:44:30.323 [info] > git check-ignore -v -z --stdin [2ms]
2026-03-02 01:44:34.896 [info] > git config --get commit.template [2ms]
2026-03-02 01:44:34.905 [info] > git for-each-ref --format=%(refname)%00%(upstream:short)%00%(objectname)%00%(upstream:track)%00%(upstream:remotename)%00%(upstream:remoteref) refs/heads/main refs/remotes/main [3ms]
2026-03-02 01:44:34.934 [info] > git status -z -uall [19ms]
2026-03-02 01:44:34.938 [info] > git for-each-ref --sort -committerdate --format %(refname)%00%(objectname)%00%(*objectname) [9ms]
2026-03-02 01:44:35.373 [info] > git check-ignore -v -z --stdin [5ms]
2026-03-02 01:44:39.959 [info] > git config --get commit.template [3ms]
2026-03-02 01:44:39.968 [info] > git for-each-ref --format=%(refname)%00%(upstream:short)%00%(objectname)%00%(upstream:track)%00%(upstream:remotename)%00%(upstream:remoteref) refs/heads/main refs/remotes/main [2ms]
2026-03-02 01:44:39.995 [info] > git status -z -uall [10ms]
2026-03-02 01:44:39.999 [info] > git for-each-ref --sort -committerdate --format %(refname)%00%(objectname)%00%(*objectname) [5ms]
2026-03-02 01:44:40.427 [info] > git check-ignore -v -z --stdin [1ms]
2026-03-02 01:44:45.016 [info] > git config --get commit.template [5ms]
2026-03-02 01:44:45.026 [info] > git for-each-ref --format=%(refname)%00%(upstream:short)%00%(objectname)%00%(upstream:track)%00%(upstream:remotename)%00%(upstream:remoteref) refs/heads/main refs/remotes/main [3ms]
2026-03-02 01:44:45.044 [info] > git status -z -uall [11ms]
2026-03-02 01:44:45.049 [info] > git for-each-ref --sort -committerdate --format %(refname)%00%(objectname)%00%(*objectname) [6ms]
2026-03-02 01:44:45.525 [info] > git check-ignore -v -z --stdin [3ms]
2026-03-02 01:45:01.326 [info] > git config --get commit.template [2ms]
2026-03-02 01:45:01.342 [info] > git for-each-ref --format=%(refname)%00%(upstream:short)%00%(objectname)%00%(upstream:track)%00%(upstream:remotename)%00%(upstream:remoteref) refs/heads/main refs/remotes/main [3ms]
2026-03-02 01:45:01.363 [info] > git status -z -uall [13ms]
2026-03-02 01:45:01.364 [info] > git for-each-ref --sort -committerdate --format %(refname)%00%(objectname)%00%(*objectname) [5ms]
2026-03-02 01:45:01.839 [info] > git check-ignore -v -z --stdin [5ms]
2026-03-02 01:45:06.397 [info] > git config --get commit.template [15ms]
2026-03-02 01:45:06.400 [info] > git for-each-ref --format=%(refname)%00%(upstream:short)%00%(objectname)%00%(upstream:track)%00%(upstream:remotename)%00%(upstream:remoteref) refs/heads/main refs/remotes/main [4ms]
2026-03-02 01:45:06.431 [info] > git status -z -uall [19ms]
2026-03-02 01:45:06.442 [info] > git for-each-ref --sort -committerdate --format %(refname)%00%(objectname)%00%(*objectname) [13ms]
2026-03-02 01:45:06.876 [info] > git check-ignore -v -z --stdin [4ms]
2026-03-02 01:48:14.463 [info] > git config --get commit.template [1ms]
2026-03-02 01:48:14.484 [info] > git for-each-ref --format=%(refname)%00%(upstream:short)%00%(objectname)%00%(upstream:track)%00%(upstream:remotename)%00%(upstream:remoteref) refs/heads/main refs/remotes/main [1ms]
2026-03-02 01:48:14.514 [info] > git status -z -uall [13ms]
2026-03-02 01:48:14.519 [info] > git for-each-ref --sort -committerdate --format %(refname)%00%(objectname)%00%(*objectname) [6ms]
2026-03-02 01:48:14.959 [info] > git check-ignore -v -z --stdin [1ms]
2026-03-02 01:48:19.532 [info] > git config --get commit.template [2ms]
2026-03-02 01:48:19.544 [info] > git for-each-ref --format=%(refname)%00%(upstream:short)%00%(objectname)%00%(upstream:track)%00%(upstream:remotename)%00%(upstream:remoteref) refs/heads/main refs/remotes/main [3ms]
2026-03-02 01:48:19.567 [info] > git status -z -uall [13ms]
2026-03-02 01:48:19.573 [info] > git for-each-ref --sort -committerdate --format %(refname)%00%(objectname)%00%(*objectname) [8ms]
2026-03-02 01:48:20.014 [info] > git check-ignore -v -z --stdin [4ms]
2026-03-02 01:48:24.604 [info] > git config --get commit.template [15ms]
2026-03-02 01:48:24.609 [info] > git for-each-ref --format=%(refname)%00%(upstream:short)%00%(objectname)%00%(upstream:track)%00%(upstream:remotename)%00%(upstream:remoteref) refs/heads/main refs/remotes/main [6ms]
2026-03-02 01:48:24.645 [info] > git status -z -uall [22ms]
2026-03-02 01:48:24.645 [info] > git for-each-ref --sort -committerdate --format %(refname)%00%(objectname)%00%(*objectname) [12ms]
2026-03-02 01:48:25.058 [info] > git check-ignore -v -z --stdin [3ms]
2026-03-02 01:48:29.679 [info] > git config --get commit.template [16ms]
2026-03-02 01:48:29.681 [info] > git for-each-ref --format=%(refname)%00%(upstream:short)%00%(objectname)%00%(upstream:track)%00%(upstream:remotename)%00%(upstream:remoteref) refs/heads/main refs/remotes/main [2ms]
2026-03-02 01:48:29.706 [info] > git status -z -uall [16ms]
2026-03-02 01:48:29.711 [info] > git for-each-ref --sort -committerdate --format %(refname)%00%(objectname)%00%(*objectname) [5ms]
2026-03-02 01:48:30.189 [info] > git check-ignore -v -z --stdin [2ms]
2026-03-02 01:48:39.962 [info] > git config --get commit.template [4ms]
2026-03-02 01:48:39.978 [info] > git for-each-ref --format=%(refname)%00%(upstream:short)%00%(objectname)%00%(upstream:track)%00%(upstream:remotename)%00%(upstream:remoteref) refs/heads/main refs/remotes/main [1ms]
2026-03-02 01:48:40.003 [info] > git status -z -uall [14ms]
2026-03-02 01:48:40.005 [info] > git for-each-ref --sort -committerdate --format %(refname)%00%(objectname)%00%(*objectname) [3ms]
2026-03-02 01:48:41.060 [info] > git check-ignore -v -z --stdin [3ms]
2026-03-02 01:48:45.023 [info] > git config --get commit.template [3ms]
2026-03-02 01:48:45.033 [info] > git for-each-ref --format=%(refname)%00%(upstream:short)%00%(objectname)%00%(upstream:track)%00%(upstream:remotename)%00%(upstream:remoteref) refs/heads/main refs/remotes/main [2ms]
2026-03-02 01:48:45.056 [info] > git status -z -uall [10ms]
2026-03-02 01:48:45.059 [info] > git for-each-ref --sort -committerdate --format %(refname)%00%(objectname)%00%(*objectname) [4ms]
2026-03-02 01:48:45.728 [info] > git check-ignore -v -z --stdin [4ms]
2026-03-02 01:49:21.893 [info] > git config --get commit.template [5ms]
2026-03-02 01:49:21.913 [info] > git for-each-ref --format=%(refname)%00%(upstream:short)%00%(objectname)%00%(upstream:track)%00%(upstream:remotename)%00%(upstream:remoteref) refs/heads/main refs/remotes/main [2ms]
2026-03-02 01:49:21.957 [info] > git status -z -uall [21ms]
2026-03-02 01:49:21.959 [info] > git for-each-ref --sort -committerdate --format %(refname)%00%(objectname)%00%(*objectname) [4ms]
2026-03-02 01:49:22.418 [info] > git check-ignore -v -z --stdin [6ms]
2026-03-02 01:50:06.456 [info] > git blame --root --incremental 71180f2965edd71d2fbd4ecada0bb4290213be6f -- trivia/index.html [4ms]
2026-03-02 01:51:00.509 [info] > git config --get commit.template [13ms]
2026-03-02 01:51:00.509 [info] > git for-each-ref --format=%(refname)%00%(upstream:short)%00%(objectname)%00%(upstream:track)%00%(upstream:remotename)%00%(upstream:remoteref) refs/heads/main refs/remotes/main [2ms]
2026-03-02 01:51:00.530 [info] > git status -z -uall [13ms]
2026-03-02 01:51:00.530 [info] > git for-each-ref --sort -committerdate --format %(refname)%00%(objectname)%00%(*objectname) [4ms]
2026-03-02 01:51:01.404 [info] > git check-ignore -v -z --stdin [2ms]
2026-03-02 01:51:04.526 [info] > git check-ignore -v -z --stdin [1ms]
2026-03-02 01:51:04.610 [info] > git show --textconv :trivia/styles.css [13ms]
2026-03-02 01:51:04.610 [info] > git ls-files --stage -- trivia/styles.css [1ms]
2026-03-02 01:51:04.621 [info] > git cat-file -s de7b706e74112c8d7e8bbe1745e8839f2a7e4edf [2ms]
2026-03-02 01:51:04.754 [info] > git blame --root --incremental 71180f2965edd71d2fbd4ecada0bb4290213be6f -- trivia/styles.css [13ms]
2026-03-02 01:51:05.549 [info] > git config --get commit.template [4ms]
2026-03-02 01:51:05.565 [info] > git for-each-ref --format=%(refname)%00%(upstream:short)%00%(objectname)%00%(upstream:track)%00%(upstream:remotename)%00%(upstream:remoteref) refs/heads/main refs/remotes/main [2ms]
2026-03-02 01:51:05.591 [info] > git status -z -uall [15ms]
2026-03-02 01:51:05.596 [info] > git for-each-ref --sort -committerdate --format %(refname)%00%(objectname)%00%(*objectname) [6ms]
2026-03-02 01:51:06.037 [info] > git check-ignore -v -z --stdin [3ms]
2026-03-02 01:52:53.021 [info] > git config --get commit.template [15ms]
2026-03-02 01:52:53.024 [info] > git for-each-ref --format=%(refname)%00%(upstream:short)%00%(objectname)%00%(upstream:track)%00%(upstream:remotename)%00%(upstream:remoteref) refs/heads/main refs/remotes/main [4ms]
2026-03-02 01:52:53.048 [info] > git status -z -uall [11ms]
2026-03-02 01:52:53.053 [info] > git for-each-ref --sort -committerdate --format %(refname)%00%(objectname)%00%(*objectname) [7ms]
2026-03-02 01:52:53.475 [info] > git check-ignore -v -z --stdin [2ms]
2026-03-02 01:53:06.729 [info] > git config --get commit.template [2ms]
2026-03-02 01:53:06.750 [info] > git for-each-ref --format=%(refname)%00%(upstream:short)%00%(objectname)%00%(upstream:track)%00%(upstream:remotename)%00%(upstream:remoteref) refs/heads/main refs/remotes/main [6ms]
2026-03-02 01:53:06.795 [info] > git status -z -uall [30ms]
2026-03-02 01:53:06.799 [info] > git for-each-ref --sort -committerdate --format %(refname)%00%(objectname)%00%(*objectname) [5ms]
2026-03-02 01:53:07.442 [info] > git check-ignore -v -z --stdin [3ms]
2026-03-02 01:53:14.679 [info] > git config --get commit.template [4ms]
2026-03-02 01:53:14.699 [info] > git for-each-ref --format=%(refname)%00%(upstream:short)%00%(objectname)%00%(upstream:track)%00%(upstream:remotename)%00%(upstream:remoteref) refs/heads/main refs/remotes/main [2ms]
2026-03-02 01:53:14.729 [info] > git status -z -uall [14ms]
2026-03-02 01:53:14.735 [info] > git for-each-ref --sort -committerdate --format %(refname)%00%(objectname)%00%(*objectname) [8ms]
2026-03-02 01:53:15.216 [info] > git check-ignore -v -z --stdin [2ms]
2026-03-02 01:53:21.651 [info] > git config --get commit.template [2ms]
2026-03-02 01:53:21.662 [info] > git for-each-ref --format=%(refname)%00%(upstream:short)%00%(objectname)%00%(upstream:track)%00%(upstream:remotename)%00%(upstream:remoteref) refs/heads/main refs/remotes/main [2ms]
2026-03-02 01:53:21.687 [info] > git status -z -uall [16ms]
2026-03-02 01:53:21.687 [info] > git for-each-ref --sort -committerdate --format %(refname)%00%(objectname)%00%(*objectname) [7ms]
2026-03-02 01:53:22.126 [info] > git check-ignore -v -z --stdin [2ms]
2026-03-02 01:53:34.767 [info] > git config --get commit.template [8ms]
2026-03-02 01:53:34.784 [info] > git for-each-ref --format=%(refname)%00%(upstream:short)%00%(objectname)%00%(upstream:track)%00%(upstream:remotename)%00%(upstream:remoteref) refs/heads/main refs/remotes/main [5ms]
2026-03-02 01:53:34.807 [info] > git status -z -uall [14ms]
2026-03-02 01:53:34.812 [info] > git for-each-ref --sort -committerdate --format %(refname)%00%(objectname)%00%(*objectname) [9ms]
2026-03-02 01:53:35.447 [info] > git check-ignore -v -z --stdin [3ms]
2026-03-02 01:53:44.023 [info] > git config --get commit.template [2ms]
2026-03-02 01:53:44.040 [info] > git for-each-ref --format=%(refname)%00%(upstream:short)%00%(objectname)%00%(upstream:track)%00%(upstream:remotename)%00%(upstream:remoteref) refs/heads/main refs/remotes/main [7ms]
2026-03-02 01:53:44.060 [info] > git status -z -uall [8ms]
2026-03-02 01:53:44.065 [info] > git for-each-ref --sort -committerdate --format %(refname)%00%(objectname)%00%(*objectname) [6ms]
2026-03-02 01:53:44.503 [info] > git check-ignore -v -z --stdin [2ms]
2026-03-02 01:54:23.420 [info] > git config --get commit.template [1ms]
2026-03-02 01:54:23.431 [info] > git for-each-ref --format=%(refname)%00%(upstream:short)%00%(objectname)%00%(upstream:track)%00%(upstream:remotename)%00%(upstream:remoteref) refs/heads/main refs/remotes/main [3ms]
2026-03-02 01:54:23.450 [info] > git status -z -uall [11ms]
2026-03-02 01:54:23.455 [info] > git for-each-ref --sort -committerdate --format %(refname)%00%(objectname)%00%(*objectname) [5ms]
2026-03-02 01:54:24.303 [info] > git check-ignore -v -z --stdin [5ms]
2026-03-02 01:54:29.241 [info] > git config --get commit.template [2ms]
2026-03-02 01:54:29.256 [info] > git for-each-ref --format=%(refname)%00%(upstream:short)%00%(objectname)%00%(upstream:track)%00%(upstream:remotename)%00%(upstream:remoteref) refs/heads/main refs/remotes/main [4ms]
2026-03-02 01:54:29.299 [info] > git status -z -uall [26ms]
2026-03-02 01:54:29.302 [info] > git for-each-ref --sort -committerdate --format %(refname)%00%(objectname)%00%(*objectname) [17ms]
2026-03-02 01:54:29.801 [info] > git check-ignore -v -z --stdin [7ms]
2026-03-02 01:55:26.836 [info] > git config --get commit.template [3ms]
2026-03-02 01:55:26.847 [info] > git for-each-ref --format=%(refname)%00%(upstream:short)%00%(objectname)%00%(upstream:track)%00%(upstream:remotename)%00%(upstream:remoteref) refs/heads/main refs/remotes/main [2ms]
2026-03-02 01:55:26.866 [info] > git status -z -uall [10ms]
2026-03-02 01:55:26.870 [info] > git for-each-ref --sort -committerdate --format %(refname)%00%(objectname)%00%(*objectname) [5ms]
2026-03-02 01:55:27.322 [info] > git check-ignore -v -z --stdin [4ms]
