2026-03-01 23:57:27.046 [info] [main] Log level: Info
2026-03-01 23:57:27.046 [info] [main] Validating found git in: "git"
2026-03-01 23:57:27.046 [info] [main] Using git "2.52.0" from "git"
2026-03-01 23:57:27.046 [info] [Model][doInitialScan] Initial repository scan started
2026-03-01 23:57:27.063 [info] > git rev-parse --show-toplevel [71ms]
2026-03-01 23:57:27.120 [info] > git rev-parse --git-dir --git-common-dir --show-superproject-working-tree [6ms]
2026-03-01 23:57:28.603 [info] [Model][openRepository] Opened repository (path): /workspaces/C-Projects
2026-03-01 23:57:28.603 [info] [Model][openRepository] Opened repository (real path): /workspaces/C-Projects
2026-03-01 23:57:28.603 [info] [Model][openRepository] Opened repository (kind): repository
2026-03-01 23:57:28.790 [info] > git config --get commit.template [60ms]
2026-03-01 23:57:28.805 [info] > git rev-parse --show-toplevel [33ms]
2026-03-01 23:57:28.955 [info] > git rev-parse --show-toplevel [37ms]
2026-03-01 23:57:28.994 [info] > git rev-parse --show-toplevel [2ms]
2026-03-01 23:57:29.054 [info] > git for-each-ref --format=%(refname)%00%(upstream:short)%00%(objectname)%00%(upstream:track)%00%(upstream:remotename)%00%(upstream:remoteref) refs/heads/main refs/remotes/main [194ms]
2026-03-01 23:57:29.300 [info] > git rev-parse --show-toplevel [253ms]
2026-03-01 23:57:29.533 [info] > git rev-parse --show-toplevel [197ms]
2026-03-01 23:57:29.999 [info] > git check-ignore -v -z --stdin [409ms]
2026-03-01 23:57:30.001 [info] > git status -z -uall [360ms]
2026-03-01 23:57:30.001 [info] > git check-ignore -v -z --stdin [260ms]
2026-03-01 23:57:30.001 [info] > git check-ignore -v -z --stdin [184ms]
2026-03-01 23:57:30.002 [info] > git rev-parse --show-toplevel [70ms]
2026-03-01 23:57:30.002 [info] > git for-each-ref --sort -committerdate --format %(refname)%00%(objectname)%00%(*objectname) [315ms]
2026-03-01 23:57:30.257 [info] > git for-each-ref --format=%(refname)%00%(upstream:short)%00%(objectname)%00%(upstream:track)%00%(upstream:remotename)%00%(upstream:remoteref) refs/heads/main refs/remotes/main [137ms]
2026-03-01 23:57:30.332 [info] > git config --get commit.template [151ms]
2026-03-01 23:57:30.332 [info] > git rev-parse --show-toplevel [168ms]
2026-03-01 23:57:30.349 [info] [Model][doInitialScan] Initial repository scan completed - repositories (1), closed repositories (0), parent repositories (0), unsafe repositories (0)
2026-03-01 23:57:30.371 [info] > git config --get --local branch.main.vscode-merge-base [83ms]
2026-03-01 23:57:30.499 [info] > git for-each-ref --format=%(refname)%00%(upstream:short)%00%(objectname)%00%(upstream:track)%00%(upstream:remotename)%00%(upstream:remoteref) refs/heads/main refs/remotes/main [24ms]
2026-03-01 23:57:30.499 [info] > git for-each-ref --format=%(refname)%00%(upstream:short)%00%(objectname)%00%(upstream:track)%00%(upstream:remotename)%00%(upstream:remoteref) refs/heads/origin/main refs/remotes/origin/main [97ms]
2026-03-01 23:57:30.740 [info] > git show --textconv :homepage/styles.css [178ms]
2026-03-01 23:57:30.741 [info] > git show --textconv :trivia/styles.css [157ms]
2026-03-01 23:57:30.742 [info] > git ls-files --stage -- trivia/styles.css [97ms]
2026-03-01 23:57:30.788 [info] > git ls-files --stage -- homepage/styles.css [187ms]
2026-03-01 23:57:30.844 [info] > git merge-base refs/heads/main refs/remotes/origin/main [324ms]
2026-03-01 23:57:30.954 [info] > git hash-object -t tree /dev/null [111ms]
2026-03-01 23:57:30.955 [warning] [GitFileSystemProvider][readFile] File not found - git:/workspaces/C-Projects/homepage/styles.css.git?%7B%22path%22%3A%22%2Fworkspaces%2FC-Projects%2Fhomepage%2Fstyles.css%22%2C%22ref%22%3A%22%22%7D
2026-03-01 23:57:30.955 [info] > git hash-object -t tree /dev/null [136ms]
2026-03-01 23:57:30.955 [warning] [GitFileSystemProvider][stat] File not found - git:/workspaces/C-Projects/homepage/styles.css.git?%7B%22path%22%3A%22%2Fworkspaces%2FC-Projects%2Fhomepage%2Fstyles.css%22%2C%22ref%22%3A%22%22%7D
2026-03-01 23:57:30.957 [info] > git cat-file -s de7b706e74112c8d7e8bbe1745e8839f2a7e4edf [167ms]
2026-03-01 23:57:31.010 [info] > git diff --raw --numstat --diff-filter=ADMR -z --find-renames=50% 71180f2965edd71d2fbd4ecada0bb4290213be6f...refs/remotes/origin/main -- [145ms]
2026-03-01 23:57:31.047 [info] > git status -z -uall [66ms]
2026-03-01 23:57:31.047 [info] > git for-each-ref --sort -committerdate --format %(refname)%00%(objectname)%00%(*objectname) [39ms]
2026-03-01 23:57:31.745 [info] > git config --local -l [114ms]
2026-03-01 23:57:31.915 [info] > git blame --root --incremental 71180f2965edd71d2fbd4ecada0bb4290213be6f -- homepage/styles.css [37ms]
2026-03-01 23:57:31.916 [info] fatal: no such path homepage/styles.css in 71180f2965edd71d2fbd4ecada0bb4290213be6f
2026-03-01 23:57:32.532 [info] > git config --local -l [381ms]
2026-03-01 23:57:32.533 [info] > git config --local -l [396ms]
2026-03-01 23:57:32.534 [info] > git config --local -l [437ms]
2026-03-01 23:57:32.535 [info] > git config --local -l [475ms]
2026-03-01 23:57:32.687 [info] > git check-ignore -v -z --stdin [131ms]
2026-03-01 23:57:34.122 [info] > git check-ignore -v -z --stdin [381ms]
2026-03-01 23:57:34.759 [info] > git config --local -l [136ms]
2026-03-01 23:57:34.776 [info] > git config --local -l [293ms]
2026-03-01 23:57:34.777 [info] > git config --local -l [309ms]
2026-03-01 23:57:34.777 [info] > git config --local -l [328ms]
2026-03-01 23:57:34.777 [info] > git config --local -l [338ms]
2026-03-02 00:14:33.320 [info] > git check-ignore -v -z --stdin [2ms]
2026-03-02 00:14:33.452 [info] > git show --textconv :trivia/index.html [18ms]
2026-03-02 00:14:33.461 [info] > git ls-files --stage -- trivia/index.html [10ms]
2026-03-02 00:14:33.518 [info] > git cat-file -s 08cea3334149dc5f83aad2eab19c51fa010063f9 [30ms]
2026-03-02 00:14:33.798 [info] > git show --textconv :trivia/index.html [71ms]
2026-03-02 00:14:33.852 [info] > git ls-files --stage -- trivia/index.html [68ms]
2026-03-02 00:14:33.922 [info] > git check-ignore -v -z --stdin [71ms]
2026-03-02 00:14:33.929 [info] > git cat-file -s 08cea3334149dc5f83aad2eab19c51fa010063f9 [18ms]
2026-03-02 00:14:34.300 [info] > git check-ignore -v -z --stdin [2ms]
2026-03-02 00:14:34.436 [info] > git blame --root --incremental 71180f2965edd71d2fbd4ecada0bb4290213be6f -- trivia/index.html [12ms]
2026-03-02 00:18:20.680 [info] > git config --get commit.template [3ms]
2026-03-02 00:18:20.691 [info] > git for-each-ref --format=%(refname)%00%(upstream:short)%00%(objectname)%00%(upstream:track)%00%(upstream:remotename)%00%(upstream:remoteref) refs/heads/main refs/remotes/main [3ms]
2026-03-02 00:18:20.710 [info] > git status -z -uall [12ms]
2026-03-02 00:18:20.713 [info] > git for-each-ref --sort -committerdate --format %(refname)%00%(objectname)%00%(*objectname) [4ms]
2026-03-02 00:18:21.169 [info] > git check-ignore -v -z --stdin [3ms]
2026-03-02 00:18:25.730 [info] > git config --get commit.template [3ms]
2026-03-02 00:18:25.744 [info] > git for-each-ref --format=%(refname)%00%(upstream:short)%00%(objectname)%00%(upstream:track)%00%(upstream:remotename)%00%(upstream:remoteref) refs/heads/main refs/remotes/main [6ms]
2026-03-02 00:18:25.769 [info] > git status -z -uall [15ms]
2026-03-02 00:18:25.772 [info] > git for-each-ref --sort -committerdate --format %(refname)%00%(objectname)%00%(*objectname) [4ms]
2026-03-02 00:18:26.187 [info] > git check-ignore -v -z --stdin [2ms]
2026-03-02 00:18:30.789 [info] > git config --get commit.template [7ms]
2026-03-02 00:18:30.798 [info] > git for-each-ref --format=%(refname)%00%(upstream:short)%00%(objectname)%00%(upstream:track)%00%(upstream:remotename)%00%(upstream:remoteref) refs/heads/main refs/remotes/main [1ms]
2026-03-02 00:18:30.827 [info] > git status -z -uall [20ms]
2026-03-02 00:18:30.827 [info] > git for-each-ref --sort -committerdate --format %(refname)%00%(objectname)%00%(*objectname) [3ms]
2026-03-02 00:18:31.255 [info] > git check-ignore -v -z --stdin [3ms]
2026-03-02 00:18:35.844 [info] > git config --get commit.template [5ms]
2026-03-02 00:18:35.857 [info] > git for-each-ref --format=%(refname)%00%(upstream:short)%00%(objectname)%00%(upstream:track)%00%(upstream:remotename)%00%(upstream:remoteref) refs/heads/main refs/remotes/main [3ms]
2026-03-02 00:18:35.883 [info] > git status -z -uall [15ms]
2026-03-02 00:18:35.888 [info] > git for-each-ref --sort -committerdate --format %(refname)%00%(objectname)%00%(*objectname) [9ms]
2026-03-02 00:18:36.318 [info] > git check-ignore -v -z --stdin [4ms]
2026-03-02 00:18:40.899 [info] > git config --get commit.template [2ms]
2026-03-02 00:18:40.915 [info] > git for-each-ref --format=%(refname)%00%(upstream:short)%00%(objectname)%00%(upstream:track)%00%(upstream:remotename)%00%(upstream:remoteref) refs/heads/main refs/remotes/main [2ms]
2026-03-02 00:18:40.937 [info] > git status -z -uall [11ms]
2026-03-02 00:18:40.940 [info] > git for-each-ref --sort -committerdate --format %(refname)%00%(objectname)%00%(*objectname) [7ms]
2026-03-02 00:18:41.360 [info] > git check-ignore -v -z --stdin [5ms]
2026-03-02 00:18:46.411 [info] > git config --get commit.template [5ms]
2026-03-02 00:18:46.421 [info] > git for-each-ref --format=%(refname)%00%(upstream:short)%00%(objectname)%00%(upstream:track)%00%(upstream:remotename)%00%(upstream:remoteref) refs/heads/main refs/remotes/main [2ms]
2026-03-02 00:18:46.461 [info] > git status -z -uall [24ms]
2026-03-02 00:18:46.462 [info] > git for-each-ref --sort -committerdate --format %(refname)%00%(objectname)%00%(*objectname) [4ms]
2026-03-02 00:18:46.872 [info] > git check-ignore -v -z --stdin [4ms]
2026-03-02 00:19:33.463 [info] > git config --get commit.template [0ms]
2026-03-02 00:19:33.477 [info] > git for-each-ref --format=%(refname)%00%(upstream:short)%00%(objectname)%00%(upstream:track)%00%(upstream:remotename)%00%(upstream:remoteref) refs/heads/main refs/remotes/main [3ms]
2026-03-02 00:19:33.493 [info] > git status -z -uall [10ms]
2026-03-02 00:19:33.496 [info] > git for-each-ref --sort -committerdate --format %(refname)%00%(objectname)%00%(*objectname) [4ms]
2026-03-02 00:19:33.928 [info] > git check-ignore -v -z --stdin [3ms]
2026-03-02 00:19:38.523 [info] > git config --get commit.template [16ms]
2026-03-02 00:19:38.525 [info] > git for-each-ref --format=%(refname)%00%(upstream:short)%00%(objectname)%00%(upstream:track)%00%(upstream:remotename)%00%(upstream:remoteref) refs/heads/main refs/remotes/main [3ms]
2026-03-02 00:19:38.550 [info] > git status -z -uall [13ms]
2026-03-02 00:19:38.556 [info] > git for-each-ref --sort -committerdate --format %(refname)%00%(objectname)%00%(*objectname) [7ms]
2026-03-02 00:19:39.605 [info] > git check-ignore -v -z --stdin [4ms]
2026-03-02 00:19:44.035 [info] > git config --get commit.template [11ms]
2026-03-02 00:19:44.036 [info] > git for-each-ref --format=%(refname)%00%(upstream:short)%00%(objectname)%00%(upstream:track)%00%(upstream:remotename)%00%(upstream:remoteref) refs/heads/main refs/remotes/main [2ms]
2026-03-02 00:19:44.052 [info] > git status -z -uall [9ms]
2026-03-02 00:19:44.055 [info] > git for-each-ref --sort -committerdate --format %(refname)%00%(objectname)%00%(*objectname) [3ms]
2026-03-02 00:19:44.465 [info] > git check-ignore -v -z --stdin [2ms]
2026-03-02 00:19:58.763 [info] > git config --get commit.template [1ms]
2026-03-02 00:19:58.778 [info] > git for-each-ref --format=%(refname)%00%(upstream:short)%00%(objectname)%00%(upstream:track)%00%(upstream:remotename)%00%(upstream:remoteref) refs/heads/main refs/remotes/main [2ms]
2026-03-02 00:19:58.807 [info] > git status -z -uall [15ms]
2026-03-02 00:19:58.808 [info] > git for-each-ref --sort -committerdate --format %(refname)%00%(objectname)%00%(*objectname) [3ms]
2026-03-02 00:19:59.228 [info] > git check-ignore -v -z --stdin [3ms]
2026-03-02 00:20:03.832 [info] > git config --get commit.template [12ms]
2026-03-02 00:20:03.852 [info] > git for-each-ref --format=%(refname)%00%(upstream:short)%00%(objectname)%00%(upstream:track)%00%(upstream:remotename)%00%(upstream:remoteref) refs/heads/main refs/remotes/main [7ms]
2026-03-02 00:20:03.884 [info] > git status -z -uall [13ms]
2026-03-02 00:20:03.893 [info] > git for-each-ref --sort -committerdate --format %(refname)%00%(objectname)%00%(*objectname) [10ms]
2026-03-02 00:20:04.311 [info] > git check-ignore -v -z --stdin [4ms]
2026-03-02 00:20:11.075 [info] > git config --get commit.template [11ms]
2026-03-02 00:20:11.076 [info] > git for-each-ref --format=%(refname)%00%(upstream:short)%00%(objectname)%00%(upstream:track)%00%(upstream:remotename)%00%(upstream:remoteref) refs/heads/main refs/remotes/main [2ms]
2026-03-02 00:20:11.105 [info] > git status -z -uall [13ms]
2026-03-02 00:20:11.106 [info] > git for-each-ref --sort -committerdate --format %(refname)%00%(objectname)%00%(*objectname) [2ms]
2026-03-02 00:20:11.537 [info] > git check-ignore -v -z --stdin [4ms]
2026-03-02 00:20:19.297 [info] > git config --get commit.template [8ms]
2026-03-02 00:20:19.312 [info] > git for-each-ref --format=%(refname)%00%(upstream:short)%00%(objectname)%00%(upstream:track)%00%(upstream:remotename)%00%(upstream:remoteref) refs/heads/main refs/remotes/main [5ms]
2026-03-02 00:20:19.335 [info] > git status -z -uall [11ms]
2026-03-02 00:20:19.336 [info] > git for-each-ref --sort -committerdate --format %(refname)%00%(objectname)%00%(*objectname) [3ms]
2026-03-02 00:20:19.793 [info] > git check-ignore -v -z --stdin [5ms]
2026-03-02 00:20:41.321 [info] > git config --get commit.template [15ms]
2026-03-02 00:20:41.321 [info] > git for-each-ref --format=%(refname)%00%(upstream:short)%00%(objectname)%00%(upstream:track)%00%(upstream:remotename)%00%(upstream:remoteref) refs/heads/main refs/remotes/main [5ms]
2026-03-02 00:20:41.350 [info] > git status -z -uall [16ms]
2026-03-02 00:20:41.352 [info] > git for-each-ref --sort -committerdate --format %(refname)%00%(objectname)%00%(*objectname) [3ms]
2026-03-02 00:20:41.829 [info] > git check-ignore -v -z --stdin [4ms]
2026-03-02 00:20:46.366 [info] > git config --get commit.template [1ms]
2026-03-02 00:20:46.383 [info] > git for-each-ref --format=%(refname)%00%(upstream:short)%00%(objectname)%00%(upstream:track)%00%(upstream:remotename)%00%(upstream:remoteref) refs/heads/main refs/remotes/main [4ms]
2026-03-02 00:20:46.405 [info] > git status -z -uall [12ms]
2026-03-02 00:20:46.408 [info] > git for-each-ref --sort -committerdate --format %(refname)%00%(objectname)%00%(*objectname) [4ms]
2026-03-02 00:20:47.111 [info] > git check-ignore -v -z --stdin [3ms]
2026-03-02 00:21:00.473 [info] > git config --get commit.template [14ms]
2026-03-02 00:21:00.476 [info] > git for-each-ref --format=%(refname)%00%(upstream:short)%00%(objectname)%00%(upstream:track)%00%(upstream:remotename)%00%(upstream:remoteref) refs/heads/main refs/remotes/main [2ms]
2026-03-02 00:21:00.505 [info] > git status -z -uall [14ms]
2026-03-02 00:21:00.505 [info] > git for-each-ref --sort -committerdate --format %(refname)%00%(objectname)%00%(*objectname) [2ms]
2026-03-02 00:21:00.955 [info] > git check-ignore -v -z --stdin [2ms]
2026-03-02 00:21:07.877 [info] > git config --get commit.template [13ms]
2026-03-02 00:21:07.881 [info] > git for-each-ref --format=%(refname)%00%(upstream:short)%00%(objectname)%00%(upstream:track)%00%(upstream:remotename)%00%(upstream:remoteref) refs/heads/main refs/remotes/main [5ms]
2026-03-02 00:21:07.912 [info] > git status -z -uall [19ms]
2026-03-02 00:21:07.913 [info] > git for-each-ref --sort -committerdate --format %(refname)%00%(objectname)%00%(*objectname) [4ms]
2026-03-02 00:21:08.347 [info] > git check-ignore -v -z --stdin [4ms]
2026-03-02 00:21:12.928 [info] > git config --get commit.template [4ms]
2026-03-02 00:21:12.947 [info] > git for-each-ref --format=%(refname)%00%(upstream:short)%00%(objectname)%00%(upstream:track)%00%(upstream:remotename)%00%(upstream:remoteref) refs/heads/main refs/remotes/main [2ms]
2026-03-02 00:21:12.972 [info] > git status -z -uall [11ms]
2026-03-02 00:21:12.976 [info] > git for-each-ref --sort -committerdate --format %(refname)%00%(objectname)%00%(*objectname) [5ms]
2026-03-02 00:21:13.478 [info] > git check-ignore -v -z --stdin [2ms]
2026-03-02 00:21:18.013 [info] > git config --get commit.template [26ms]
2026-03-02 00:21:18.022 [info] > git for-each-ref --format=%(refname)%00%(upstream:short)%00%(objectname)%00%(upstream:track)%00%(upstream:remotename)%00%(upstream:remoteref) refs/heads/main refs/remotes/main [10ms]
2026-03-02 00:21:18.044 [info] > git status -z -uall [11ms]
2026-03-02 00:21:18.049 [info] > git for-each-ref --sort -committerdate --format %(refname)%00%(objectname)%00%(*objectname) [7ms]
2026-03-02 00:21:18.473 [info] > git check-ignore -v -z --stdin [4ms]
2026-03-02 00:21:23.063 [info] > git config --get commit.template [1ms]
2026-03-02 00:21:23.084 [info] > git for-each-ref --format=%(refname)%00%(upstream:short)%00%(objectname)%00%(upstream:track)%00%(upstream:remotename)%00%(upstream:remoteref) refs/heads/main refs/remotes/main [7ms]
2026-03-02 00:21:23.117 [info] > git status -z -uall [16ms]
2026-03-02 00:21:23.120 [info] > git for-each-ref --sort -committerdate --format %(refname)%00%(objectname)%00%(*objectname) [5ms]
2026-03-02 00:21:23.549 [info] > git check-ignore -v -z --stdin [1ms]
2026-03-02 00:21:30.599 [info] > git config --get commit.template [5ms]
2026-03-02 00:21:30.610 [info] > git for-each-ref --format=%(refname)%00%(upstream:short)%00%(objectname)%00%(upstream:track)%00%(upstream:remotename)%00%(upstream:remoteref) refs/heads/main refs/remotes/main [2ms]
2026-03-02 00:21:30.637 [info] > git status -z -uall [12ms]
2026-03-02 00:21:30.642 [info] > git for-each-ref --sort -committerdate --format %(refname)%00%(objectname)%00%(*objectname) [6ms]
2026-03-02 00:21:31.086 [info] > git check-ignore -v -z --stdin [4ms]
2026-03-02 00:21:57.692 [info] > git config --get commit.template [1ms]
2026-03-02 00:21:57.706 [info] > git for-each-ref --format=%(refname)%00%(upstream:short)%00%(objectname)%00%(upstream:track)%00%(upstream:remotename)%00%(upstream:remoteref) refs/heads/main refs/remotes/main [3ms]
2026-03-02 00:21:57.740 [info] > git status -z -uall [19ms]
2026-03-02 00:21:57.747 [info] > git for-each-ref --sort -committerdate --format %(refname)%00%(objectname)%00%(*objectname) [9ms]
2026-03-02 00:21:58.170 [info] > git check-ignore -v -z --stdin [3ms]
2026-03-02 00:22:03.170 [info] > git config --get commit.template [3ms]
2026-03-02 00:22:03.182 [info] > git for-each-ref --format=%(refname)%00%(upstream:short)%00%(objectname)%00%(upstream:track)%00%(upstream:remotename)%00%(upstream:remoteref) refs/heads/main refs/remotes/main [4ms]
2026-03-02 00:22:03.198 [info] > git status -z -uall [9ms]
2026-03-02 00:22:03.201 [info] > git for-each-ref --sort -committerdate --format %(refname)%00%(objectname)%00%(*objectname) [4ms]
2026-03-02 00:22:03.617 [info] > git check-ignore -v -z --stdin [4ms]
2026-03-02 00:22:08.239 [info] > git config --get commit.template [15ms]
2026-03-02 00:22:08.241 [info] > git for-each-ref --format=%(refname)%00%(upstream:short)%00%(objectname)%00%(upstream:track)%00%(upstream:remotename)%00%(upstream:remoteref) refs/heads/main refs/remotes/main [3ms]
2026-03-02 00:22:08.280 [info] > git status -z -uall [27ms]
2026-03-02 00:22:08.286 [info] > git for-each-ref --sort -committerdate --format %(refname)%00%(objectname)%00%(*objectname) [11ms]
2026-03-02 00:22:08.686 [info] > git check-ignore -v -z --stdin [3ms]
2026-03-02 00:22:13.298 [info] > git config --get commit.template [2ms]
2026-03-02 00:22:13.313 [info] > git for-each-ref --format=%(refname)%00%(upstream:short)%00%(objectname)%00%(upstream:track)%00%(upstream:remotename)%00%(upstream:remoteref) refs/heads/main refs/remotes/main [2ms]
2026-03-02 00:22:13.349 [info] > git status -z -uall [24ms]
2026-03-02 00:22:13.353 [info] > git for-each-ref --sort -committerdate --format %(refname)%00%(objectname)%00%(*objectname) [6ms]
2026-03-02 00:22:13.766 [info] > git check-ignore -v -z --stdin [1ms]
2026-03-02 00:22:40.098 [info] > git config --get commit.template [19ms]
2026-03-02 00:22:40.099 [info] > git for-each-ref --format=%(refname)%00%(upstream:short)%00%(objectname)%00%(upstream:track)%00%(upstream:remotename)%00%(upstream:remoteref) refs/heads/main refs/remotes/main [1ms]
2026-03-02 00:22:40.125 [info] > git status -z -uall [10ms]
2026-03-02 00:22:40.131 [info] > git for-each-ref --sort -committerdate --format %(refname)%00%(objectname)%00%(*objectname) [5ms]
2026-03-02 00:22:40.528 [info] > git check-ignore -v -z --stdin [2ms]
2026-03-02 00:23:04.930 [info] > git config --get commit.template [15ms]
2026-03-02 00:23:04.932 [info] > git for-each-ref --format=%(refname)%00%(upstream:short)%00%(objectname)%00%(upstream:track)%00%(upstream:remotename)%00%(upstream:remoteref) refs/heads/main refs/remotes/main [3ms]
2026-03-02 00:23:04.959 [info] > git status -z -uall [14ms]
2026-03-02 00:23:04.964 [info] > git for-each-ref --sort -committerdate --format %(refname)%00%(objectname)%00%(*objectname) [6ms]
2026-03-02 00:23:05.405 [info] > git check-ignore -v -z --stdin [2ms]
2026-03-02 00:26:37.018 [info] > git config --get commit.template [1ms]
2026-03-02 00:26:37.031 [info] > git for-each-ref --format=%(refname)%00%(upstream:short)%00%(objectname)%00%(upstream:track)%00%(upstream:remotename)%00%(upstream:remoteref) refs/heads/main refs/remotes/main [2ms]
2026-03-02 00:26:37.053 [info] > git status -z -uall [11ms]
2026-03-02 00:26:37.055 [info] > git for-each-ref --sort -committerdate --format %(refname)%00%(objectname)%00%(*objectname) [3ms]
2026-03-02 00:26:37.471 [info] > git check-ignore -v -z --stdin [4ms]
2026-03-02 00:27:25.049 [info] > git config --get commit.template [2ms]
2026-03-02 00:27:25.060 [info] > git for-each-ref --format=%(refname)%00%(upstream:short)%00%(objectname)%00%(upstream:track)%00%(upstream:remotename)%00%(upstream:remoteref) refs/heads/main refs/remotes/main [3ms]
2026-03-02 00:27:25.079 [info] > git status -z -uall [12ms]
2026-03-02 00:27:25.081 [info] > git for-each-ref --sort -committerdate --format %(refname)%00%(objectname)%00%(*objectname) [3ms]
2026-03-02 00:27:25.537 [info] > git check-ignore -v -z --stdin [4ms]
2026-03-02 00:27:30.802 [info] > git config --get commit.template [9ms]
2026-03-02 00:27:30.804 [info] > git for-each-ref --format=%(refname)%00%(upstream:short)%00%(objectname)%00%(upstream:track)%00%(upstream:remotename)%00%(upstream:remoteref) refs/heads/main refs/remotes/main [2ms]
2026-03-02 00:27:30.823 [info] > git status -z -uall [9ms]
2026-03-02 00:27:30.825 [info] > git for-each-ref --sort -committerdate --format %(refname)%00%(objectname)%00%(*objectname) [3ms]
2026-03-02 00:27:31.233 [info] > git check-ignore -v -z --stdin [3ms]
2026-03-02 00:27:36.053 [info] > git config --get commit.template [3ms]
2026-03-02 00:27:36.070 [info] > git for-each-ref --format=%(refname)%00%(upstream:short)%00%(objectname)%00%(upstream:track)%00%(upstream:remotename)%00%(upstream:remoteref) refs/heads/main refs/remotes/main [4ms]
2026-03-02 00:27:36.104 [info] > git status -z -uall [20ms]
2026-03-02 00:27:36.107 [info] > git for-each-ref --sort -committerdate --format %(refname)%00%(objectname)%00%(*objectname) [9ms]
2026-03-02 00:27:36.529 [info] > git check-ignore -v -z --stdin [3ms]
2026-03-02 00:27:46.648 [info] > git config --get commit.template [3ms]
2026-03-02 00:27:46.663 [info] > git for-each-ref --format=%(refname)%00%(upstream:short)%00%(objectname)%00%(upstream:track)%00%(upstream:remotename)%00%(upstream:remoteref) refs/heads/main refs/remotes/main [3ms]
2026-03-02 00:27:46.689 [info] > git status -z -uall [17ms]
2026-03-02 00:27:46.691 [info] > git for-each-ref --sort -committerdate --format %(refname)%00%(objectname)%00%(*objectname) [6ms]
2026-03-02 00:27:47.103 [info] > git check-ignore -v -z --stdin [3ms]
2026-03-02 00:28:00.157 [info] > git config --get commit.template [4ms]
2026-03-02 00:28:00.168 [info] > git for-each-ref --format=%(refname)%00%(upstream:short)%00%(objectname)%00%(upstream:track)%00%(upstream:remotename)%00%(upstream:remoteref) refs/heads/main refs/remotes/main [1ms]
2026-03-02 00:28:00.196 [info] > git status -z -uall [16ms]
2026-03-02 00:28:00.197 [info] > git for-each-ref --sort -committerdate --format %(refname)%00%(objectname)%00%(*objectname) [2ms]
2026-03-02 00:28:00.627 [info] > git check-ignore -v -z --stdin [3ms]
2026-03-02 00:28:10.340 [info] > git config --get commit.template [0ms]
2026-03-02 00:28:10.359 [info] > git for-each-ref --format=%(refname)%00%(upstream:short)%00%(objectname)%00%(upstream:track)%00%(upstream:remotename)%00%(upstream:remoteref) refs/heads/main refs/remotes/main [4ms]
2026-03-02 00:28:10.416 [info] > git status -z -uall [36ms]
2026-03-02 00:28:10.417 [info] > git for-each-ref --sort -committerdate --format %(refname)%00%(objectname)%00%(*objectname) [6ms]
2026-03-02 00:28:10.831 [info] > git check-ignore -v -z --stdin [1ms]
2026-03-02 00:28:15.434 [info] > git config --get commit.template [3ms]
2026-03-02 00:28:15.443 [info] > git for-each-ref --format=%(refname)%00%(upstream:short)%00%(objectname)%00%(upstream:track)%00%(upstream:remotename)%00%(upstream:remoteref) refs/heads/main refs/remotes/main [3ms]
2026-03-02 00:28:15.460 [info] > git status -z -uall [11ms]
2026-03-02 00:28:15.461 [info] > git for-each-ref --sort -committerdate --format %(refname)%00%(objectname)%00%(*objectname) [2ms]
2026-03-02 00:28:15.887 [info] > git check-ignore -v -z --stdin [4ms]
2026-03-02 00:28:20.475 [info] > git config --get commit.template [4ms]
2026-03-02 00:28:20.492 [info] > git for-each-ref --format=%(refname)%00%(upstream:short)%00%(objectname)%00%(upstream:track)%00%(upstream:remotename)%00%(upstream:remoteref) refs/heads/main refs/remotes/main [3ms]
2026-03-02 00:28:20.527 [info] > git status -z -uall [21ms]
2026-03-02 00:28:20.527 [info] > git for-each-ref --sort -committerdate --format %(refname)%00%(objectname)%00%(*objectname) [5ms]
2026-03-02 00:28:20.945 [info] > git check-ignore -v -z --stdin [2ms]
2026-03-02 00:28:25.551 [info] > git config --get commit.template [13ms]
2026-03-02 00:28:25.551 [info] > git for-each-ref --format=%(refname)%00%(upstream:short)%00%(objectname)%00%(upstream:track)%00%(upstream:remotename)%00%(upstream:remoteref) refs/heads/main refs/remotes/main [1ms]
2026-03-02 00:28:25.587 [info] > git status -z -uall [23ms]
2026-03-02 00:28:25.587 [info] > git for-each-ref --sort -committerdate --format %(refname)%00%(objectname)%00%(*objectname) [5ms]
2026-03-02 00:28:26.010 [info] > git check-ignore -v -z --stdin [4ms]
2026-03-02 00:28:30.608 [info] > git config --get commit.template [1ms]
2026-03-02 00:28:30.623 [info] > git for-each-ref --format=%(refname)%00%(upstream:short)%00%(objectname)%00%(upstream:track)%00%(upstream:remotename)%00%(upstream:remoteref) refs/heads/main refs/remotes/main [3ms]
2026-03-02 00:28:30.642 [info] > git status -z -uall [11ms]
2026-03-02 00:28:30.650 [info] > git for-each-ref --sort -committerdate --format %(refname)%00%(objectname)%00%(*objectname) [9ms]
2026-03-02 00:28:31.100 [info] > git check-ignore -v -z --stdin [4ms]
2026-03-02 00:28:35.673 [info] > git config --get commit.template [12ms]
2026-03-02 00:28:35.675 [info] > git for-each-ref --format=%(refname)%00%(upstream:short)%00%(objectname)%00%(upstream:track)%00%(upstream:remotename)%00%(upstream:remoteref) refs/heads/main refs/remotes/main [3ms]
2026-03-02 00:28:35.694 [info] > git status -z -uall [11ms]
2026-03-02 00:28:35.695 [info] > git for-each-ref --sort -committerdate --format %(refname)%00%(objectname)%00%(*objectname) [2ms]
2026-03-02 00:28:36.120 [info] > git check-ignore -v -z --stdin [3ms]
2026-03-02 00:28:40.707 [info] > git config --get commit.template [3ms]
2026-03-02 00:28:40.718 [info] > git for-each-ref --format=%(refname)%00%(upstream:short)%00%(objectname)%00%(upstream:track)%00%(upstream:remotename)%00%(upstream:remoteref) refs/heads/main refs/remotes/main [2ms]
2026-03-02 00:28:40.741 [info] > git status -z -uall [15ms]
2026-03-02 00:28:40.748 [info] > git for-each-ref --sort -committerdate --format %(refname)%00%(objectname)%00%(*objectname) [9ms]
2026-03-02 00:28:41.173 [info] > git check-ignore -v -z --stdin [3ms]
2026-03-02 00:28:45.776 [info] > git config --get commit.template [11ms]
2026-03-02 00:28:45.777 [info] > git for-each-ref --format=%(refname)%00%(upstream:short)%00%(objectname)%00%(upstream:track)%00%(upstream:remotename)%00%(upstream:remoteref) refs/heads/main refs/remotes/main [2ms]
2026-03-02 00:28:45.794 [info] > git status -z -uall [9ms]
2026-03-02 00:28:45.797 [info] > git for-each-ref --sort -committerdate --format %(refname)%00%(objectname)%00%(*objectname) [3ms]
2026-03-02 00:28:46.215 [info] > git check-ignore -v -z --stdin [4ms]
2026-03-02 00:28:50.813 [info] > git config --get commit.template [6ms]
2026-03-02 00:28:50.825 [info] > git for-each-ref --format=%(refname)%00%(upstream:short)%00%(objectname)%00%(upstream:track)%00%(upstream:remotename)%00%(upstream:remoteref) refs/heads/main refs/remotes/main [4ms]
2026-03-02 00:28:50.843 [info] > git status -z -uall [12ms]
2026-03-02 00:28:50.848 [info] > git for-each-ref --sort -committerdate --format %(refname)%00%(objectname)%00%(*objectname) [7ms]
2026-03-02 00:28:51.292 [info] > git check-ignore -v -z --stdin [4ms]
2026-03-02 00:28:55.871 [info] > git config --get commit.template [1ms]
2026-03-02 00:28:55.885 [info] > git for-each-ref --format=%(refname)%00%(upstream:short)%00%(objectname)%00%(upstream:track)%00%(upstream:remotename)%00%(upstream:remoteref) refs/heads/main refs/remotes/main [3ms]
2026-03-02 00:28:55.904 [info] > git status -z -uall [12ms]
2026-03-02 00:28:55.909 [info] > git for-each-ref --sort -committerdate --format %(refname)%00%(objectname)%00%(*objectname) [5ms]
2026-03-02 00:28:56.327 [info] > git check-ignore -v -z --stdin [2ms]
2026-03-02 00:29:03.074 [info] > git config --get commit.template [12ms]
2026-03-02 00:29:03.076 [info] > git for-each-ref --format=%(refname)%00%(upstream:short)%00%(objectname)%00%(upstream:track)%00%(upstream:remotename)%00%(upstream:remoteref) refs/heads/main refs/remotes/main [2ms]
2026-03-02 00:29:03.100 [info] > git status -z -uall [15ms]
2026-03-02 00:29:03.100 [info] > git for-each-ref --sort -committerdate --format %(refname)%00%(objectname)%00%(*objectname) [2ms]
2026-03-02 00:29:03.527 [info] > git check-ignore -v -z --stdin [5ms]
2026-03-02 00:29:42.134 [info] > git config --get commit.template [2ms]
2026-03-02 00:29:42.149 [info] > git for-each-ref --format=%(refname)%00%(upstream:short)%00%(objectname)%00%(upstream:track)%00%(upstream:remotename)%00%(upstream:remoteref) refs/heads/main refs/remotes/main [3ms]
2026-03-02 00:29:42.178 [info] > git status -z -uall [21ms]
2026-03-02 00:29:42.181 [info] > git for-each-ref --sort -committerdate --format %(refname)%00%(objectname)%00%(*objectname) [7ms]
2026-03-02 00:29:42.604 [info] > git check-ignore -v -z --stdin [3ms]
2026-03-02 00:29:52.108 [info] > git config --get commit.template [3ms]
2026-03-02 00:29:52.120 [info] > git for-each-ref --format=%(refname)%00%(upstream:short)%00%(objectname)%00%(upstream:track)%00%(upstream:remotename)%00%(upstream:remoteref) refs/heads/main refs/remotes/main [4ms]
2026-03-02 00:29:52.147 [info] > git status -z -uall [19ms]
2026-03-02 00:29:52.150 [info] > git for-each-ref --sort -committerdate --format %(refname)%00%(objectname)%00%(*objectname) [4ms]
2026-03-02 00:29:52.608 [info] > git check-ignore -v -z --stdin [3ms]
2026-03-02 00:30:00.435 [info] > git config --get commit.template [3ms]
2026-03-02 00:30:00.448 [info] > git for-each-ref --format=%(refname)%00%(upstream:short)%00%(objectname)%00%(upstream:track)%00%(upstream:remotename)%00%(upstream:remoteref) refs/heads/main refs/remotes/main [4ms]
2026-03-02 00:30:00.473 [info] > git status -z -uall [11ms]
2026-03-02 00:30:00.475 [info] > git for-each-ref --sort -committerdate --format %(refname)%00%(objectname)%00%(*objectname) [2ms]
2026-03-02 00:30:00.913 [info] > git check-ignore -v -z --stdin [5ms]
2026-03-02 00:30:05.488 [info] > git config --get commit.template [3ms]
2026-03-02 00:30:05.507 [info] > git for-each-ref --format=%(refname)%00%(upstream:short)%00%(objectname)%00%(upstream:track)%00%(upstream:remotename)%00%(upstream:remoteref) refs/heads/main refs/remotes/main [6ms]
2026-03-02 00:30:05.539 [info] > git status -z -uall [18ms]
2026-03-02 00:30:05.543 [info] > git for-each-ref --sort -committerdate --format %(refname)%00%(objectname)%00%(*objectname) [6ms]
2026-03-02 00:30:05.969 [info] > git check-ignore -v -z --stdin [3ms]
2026-03-02 00:30:10.572 [info] > git config --get commit.template [13ms]
2026-03-02 00:30:10.574 [info] > git for-each-ref --format=%(refname)%00%(upstream:short)%00%(objectname)%00%(upstream:track)%00%(upstream:remotename)%00%(upstream:remoteref) refs/heads/main refs/remotes/main [3ms]
2026-03-02 00:30:10.600 [info] > git status -z -uall [15ms]
2026-03-02 00:30:10.603 [info] > git for-each-ref --sort -committerdate --format %(refname)%00%(objectname)%00%(*objectname) [3ms]
2026-03-02 00:30:11.019 [info] > git check-ignore -v -z --stdin [5ms]
2026-03-02 00:30:15.632 [info] > git config --get commit.template [16ms]
2026-03-02 00:30:15.635 [info] > git for-each-ref --format=%(refname)%00%(upstream:short)%00%(objectname)%00%(upstream:track)%00%(upstream:remotename)%00%(upstream:remoteref) refs/heads/main refs/remotes/main [4ms]
2026-03-02 00:30:15.660 [info] > git status -z -uall [14ms]
2026-03-02 00:30:15.662 [info] > git for-each-ref --sort -committerdate --format %(refname)%00%(objectname)%00%(*objectname) [3ms]
2026-03-02 00:30:16.172 [info] > git check-ignore -v -z --stdin [4ms]
2026-03-02 00:30:22.705 [info] > git config --get commit.template [5ms]
2026-03-02 00:30:22.722 [info] > git for-each-ref --format=%(refname)%00%(upstream:short)%00%(objectname)%00%(upstream:track)%00%(upstream:remotename)%00%(upstream:remoteref) refs/heads/main refs/remotes/main [3ms]
2026-03-02 00:30:22.746 [info] > git status -z -uall [16ms]
2026-03-02 00:30:22.751 [info] > git for-each-ref --sort -committerdate --format %(refname)%00%(objectname)%00%(*objectname) [6ms]
2026-03-02 00:30:23.172 [info] > git check-ignore -v -z --stdin [5ms]
2026-03-02 00:30:27.767 [info] > git config --get commit.template [6ms]
2026-03-02 00:30:27.779 [info] > git for-each-ref --format=%(refname)%00%(upstream:short)%00%(objectname)%00%(upstream:track)%00%(upstream:remotename)%00%(upstream:remoteref) refs/heads/main refs/remotes/main [3ms]
2026-03-02 00:30:27.804 [info] > git status -z -uall [12ms]
2026-03-02 00:30:27.808 [info] > git for-each-ref --sort -committerdate --format %(refname)%00%(objectname)%00%(*objectname) [4ms]
2026-03-02 00:30:28.250 [info] > git check-ignore -v -z --stdin [1ms]
2026-03-02 00:30:32.828 [info] > git config --get commit.template [5ms]
2026-03-02 00:30:32.842 [info] > git for-each-ref --format=%(refname)%00%(upstream:short)%00%(objectname)%00%(upstream:track)%00%(upstream:remotename)%00%(upstream:remoteref) refs/heads/main refs/remotes/main [3ms]
2026-03-02 00:30:32.863 [info] > git status -z -uall [10ms]
2026-03-02 00:30:32.868 [info] > git for-each-ref --sort -committerdate --format %(refname)%00%(objectname)%00%(*objectname) [5ms]
2026-03-02 00:30:33.298 [info] > git check-ignore -v -z --stdin [5ms]
2026-03-02 00:35:04.938 [info] > git check-ignore -v -z --stdin [2ms]
2026-03-02 00:35:05.429 [info] > git config --get commit.template [6ms]
2026-03-02 00:35:05.439 [info] > git for-each-ref --format=%(refname)%00%(upstream:short)%00%(objectname)%00%(upstream:track)%00%(upstream:remotename)%00%(upstream:remoteref) refs/heads/main refs/remotes/main [2ms]
2026-03-02 00:35:05.459 [info] > git status -z -uall [12ms]
2026-03-02 00:35:05.460 [info] > git for-each-ref --sort -committerdate --format %(refname)%00%(objectname)%00%(*objectname) [5ms]
2026-03-02 00:35:05.908 [info] > git check-ignore -v -z --stdin [3ms]
2026-03-02 00:36:20.438 [info] > git config --get commit.template [12ms]
2026-03-02 00:36:20.440 [info] > git for-each-ref --format=%(refname)%00%(upstream:short)%00%(objectname)%00%(upstream:track)%00%(upstream:remotename)%00%(upstream:remoteref) refs/heads/main refs/remotes/main [3ms]
2026-03-02 00:36:20.460 [info] > git status -z -uall [10ms]
2026-03-02 00:36:20.463 [info] > git for-each-ref --sort -committerdate --format %(refname)%00%(objectname)%00%(*objectname) [3ms]
2026-03-02 00:36:20.879 [info] > git check-ignore -v -z --stdin [3ms]
2026-03-02 00:36:52.247 [info] > git config --get commit.template [2ms]
2026-03-02 00:36:52.256 [info] > git for-each-ref --format=%(refname)%00%(upstream:short)%00%(objectname)%00%(upstream:track)%00%(upstream:remotename)%00%(upstream:remoteref) refs/heads/main refs/remotes/main [2ms]
2026-03-02 00:36:52.287 [info] > git status -z -uall [18ms]
2026-03-02 00:36:52.288 [info] > git for-each-ref --sort -committerdate --format %(refname)%00%(objectname)%00%(*objectname) [2ms]
2026-03-02 00:36:52.751 [info] > git check-ignore -v -z --stdin [7ms]
2026-03-02 00:37:03.433 [info] > git config --get commit.template [6ms]
2026-03-02 00:37:03.445 [info] > git for-each-ref --format=%(refname)%00%(upstream:short)%00%(objectname)%00%(upstream:track)%00%(upstream:remotename)%00%(upstream:remoteref) refs/heads/main refs/remotes/main [3ms]
2026-03-02 00:37:03.489 [info] > git status -z -uall [23ms]
2026-03-02 00:37:03.490 [info] > git for-each-ref --sort -committerdate --format %(refname)%00%(objectname)%00%(*objectname) [5ms]
2026-03-02 00:37:03.914 [info] > git check-ignore -v -z --stdin [3ms]
2026-03-02 00:37:08.694 [info] > git config --get commit.template [3ms]
2026-03-02 00:37:08.708 [info] > git for-each-ref --format=%(refname)%00%(upstream:short)%00%(objectname)%00%(upstream:track)%00%(upstream:remotename)%00%(upstream:remoteref) refs/heads/main refs/remotes/main [2ms]
2026-03-02 00:37:08.730 [info] > git status -z -uall [10ms]
2026-03-02 00:37:08.732 [info] > git for-each-ref --sort -committerdate --format %(refname)%00%(objectname)%00%(*objectname) [2ms]
2026-03-02 00:37:09.590 [info] > git check-ignore -v -z --stdin [4ms]
2026-03-02 00:37:16.857 [info] > git config --get commit.template [4ms]
2026-03-02 00:37:16.871 [info] > git for-each-ref --format=%(refname)%00%(upstream:short)%00%(objectname)%00%(upstream:track)%00%(upstream:remotename)%00%(upstream:remoteref) refs/heads/main refs/remotes/main [4ms]
2026-03-02 00:37:16.896 [info] > git status -z -uall [13ms]
2026-03-02 00:37:16.898 [info] > git for-each-ref --sort -committerdate --format %(refname)%00%(objectname)%00%(*objectname) [3ms]
2026-03-02 00:37:17.335 [info] > git check-ignore -v -z --stdin [3ms]
2026-03-02 00:37:21.912 [info] > git config --get commit.template [2ms]
2026-03-02 00:37:21.924 [info] > git for-each-ref --format=%(refname)%00%(upstream:short)%00%(objectname)%00%(upstream:track)%00%(upstream:remotename)%00%(upstream:remoteref) refs/heads/main refs/remotes/main [3ms]
2026-03-02 00:37:21.951 [info] > git status -z -uall [16ms]
2026-03-02 00:37:21.957 [info] > git for-each-ref --sort -committerdate --format %(refname)%00%(objectname)%00%(*objectname) [7ms]
2026-03-02 00:37:22.382 [info] > git check-ignore -v -z --stdin [6ms]
2026-03-02 00:37:41.132 [info] > git config --get commit.template [4ms]
2026-03-02 00:37:41.151 [info] > git for-each-ref --format=%(refname)%00%(upstream:short)%00%(objectname)%00%(upstream:track)%00%(upstream:remotename)%00%(upstream:remoteref) refs/heads/main refs/remotes/main [1ms]
2026-03-02 00:37:41.178 [info] > git status -z -uall [12ms]
2026-03-02 00:37:41.185 [info] > git for-each-ref --sort -committerdate --format %(refname)%00%(objectname)%00%(*objectname) [9ms]
2026-03-02 00:37:41.634 [info] > git check-ignore -v -z --stdin [3ms]
2026-03-02 00:38:25.378 [info] > git config --get commit.template [16ms]
2026-03-02 00:38:25.382 [info] > git for-each-ref --format=%(refname)%00%(upstream:short)%00%(objectname)%00%(upstream:track)%00%(upstream:remotename)%00%(upstream:remoteref) refs/heads/main refs/remotes/main [4ms]
2026-03-02 00:38:25.403 [info] > git status -z -uall [12ms]
2026-03-02 00:38:25.405 [info] > git for-each-ref --sort -committerdate --format %(refname)%00%(objectname)%00%(*objectname) [3ms]
2026-03-02 00:38:25.833 [info] > git check-ignore -v -z --stdin [3ms]
2026-03-02 00:40:45.027 [info] > git check-ignore -v -z --stdin [4ms]
2026-03-02 00:40:45.510 [info] > git config --get commit.template [2ms]
2026-03-02 00:40:45.525 [info] > git for-each-ref --format=%(refname)%00%(upstream:short)%00%(objectname)%00%(upstream:track)%00%(upstream:remotename)%00%(upstream:remoteref) refs/heads/main refs/remotes/main [1ms]
2026-03-02 00:40:45.541 [info] > git status -z -uall [8ms]
2026-03-02 00:40:45.544 [info] > git for-each-ref --sort -committerdate --format %(refname)%00%(objectname)%00%(*objectname) [4ms]
2026-03-02 00:40:45.967 [info] > git check-ignore -v -z --stdin [4ms]
2026-03-02 00:41:09.174 [info] > git check-ignore -v -z --stdin [4ms]
2026-03-02 00:41:09.680 [info] > git config --get commit.template [7ms]
2026-03-02 00:41:09.694 [info] > git for-each-ref --format=%(refname)%00%(upstream:short)%00%(objectname)%00%(upstream:track)%00%(upstream:remotename)%00%(upstream:remoteref) refs/heads/main refs/remotes/main [3ms]
2026-03-02 00:41:09.726 [info] > git status -z -uall [19ms]
2026-03-02 00:41:09.726 [info] > git for-each-ref --sort -committerdate --format %(refname)%00%(objectname)%00%(*objectname) [3ms]
2026-03-02 00:41:10.189 [info] > git check-ignore -v -z --stdin [3ms]
2026-03-02 00:41:16.740 [info] > git config --get commit.template [12ms]
2026-03-02 00:41:16.740 [info] > git for-each-ref --format=%(refname)%00%(upstream:short)%00%(objectname)%00%(upstream:track)%00%(upstream:remotename)%00%(upstream:remoteref) refs/heads/main refs/remotes/main [3ms]
2026-03-02 00:41:16.766 [info] > git status -z -uall [17ms]
2026-03-02 00:41:16.768 [info] > git for-each-ref --sort -committerdate --format %(refname)%00%(objectname)%00%(*objectname) [6ms]
2026-03-02 00:41:17.175 [info] > git check-ignore -v -z --stdin [4ms]
2026-03-02 00:41:32.909 [info] > git config --get commit.template [13ms]
2026-03-02 00:41:32.911 [info] > git for-each-ref --format=%(refname)%00%(upstream:short)%00%(objectname)%00%(upstream:track)%00%(upstream:remotename)%00%(upstream:remoteref) refs/heads/main refs/remotes/main [3ms]
2026-03-02 00:41:32.932 [info] > git status -z -uall [11ms]
2026-03-02 00:41:32.934 [info] > git for-each-ref --sort -committerdate --format %(refname)%00%(objectname)%00%(*objectname) [3ms]
2026-03-02 00:41:33.347 [info] > git check-ignore -v -z --stdin [2ms]
2026-03-02 00:43:22.506 [info] > git config --get commit.template [1ms]
2026-03-02 00:43:22.515 [info] > git for-each-ref --format=%(refname)%00%(upstream:short)%00%(objectname)%00%(upstream:track)%00%(upstream:remotename)%00%(upstream:remoteref) refs/heads/main refs/remotes/main [1ms]
2026-03-02 00:43:22.537 [info] > git status -z -uall [16ms]
2026-03-02 00:43:22.537 [info] > git for-each-ref --sort -committerdate --format %(refname)%00%(objectname)%00%(*objectname) [3ms]
2026-03-02 00:43:22.970 [info] > git check-ignore -v -z --stdin [4ms]
2026-03-02 00:55:32.090 [info] > git config --get commit.template [2ms]
2026-03-02 00:55:32.106 [info] > git for-each-ref --format=%(refname)%00%(upstream:short)%00%(objectname)%00%(upstream:track)%00%(upstream:remotename)%00%(upstream:remoteref) refs/heads/main refs/remotes/main [3ms]
2026-03-02 00:55:32.133 [info] > git status -z -uall [16ms]
2026-03-02 00:55:32.137 [info] > git for-each-ref --sort -committerdate --format %(refname)%00%(objectname)%00%(*objectname) [4ms]
2026-03-02 00:55:33.309 [info] > git check-ignore -v -z --stdin [5ms]
2026-03-02 00:55:52.811 [info] > git config --get commit.template [1ms]
2026-03-02 00:55:52.828 [info] > git for-each-ref --format=%(refname)%00%(upstream:short)%00%(objectname)%00%(upstream:track)%00%(upstream:remotename)%00%(upstream:remoteref) refs/heads/main refs/remotes/main [2ms]
2026-03-02 00:55:52.853 [info] > git status -z -uall [13ms]
2026-03-02 00:55:52.854 [info] > git for-each-ref --sort -committerdate --format %(refname)%00%(objectname)%00%(*objectname) [2ms]
2026-03-02 00:55:53.269 [info] > git check-ignore -v -z --stdin [6ms]
2026-03-02 00:56:03.382 [info] > git config --get commit.template [3ms]
2026-03-02 00:56:03.407 [info] > git for-each-ref --format=%(refname)%00%(upstream:short)%00%(objectname)%00%(upstream:track)%00%(upstream:remotename)%00%(upstream:remoteref) refs/heads/main refs/remotes/main [6ms]
2026-03-02 00:56:03.440 [info] > git status -z -uall [14ms]
2026-03-02 00:56:03.441 [info] > git for-each-ref --sort -committerdate --format %(refname)%00%(objectname)%00%(*objectname) [4ms]
2026-03-02 00:56:03.866 [info] > git check-ignore -v -z --stdin [2ms]
2026-03-02 00:56:10.250 [info] > git config --get commit.template [0ms]
2026-03-02 00:56:10.267 [info] > git for-each-ref --format=%(refname)%00%(upstream:short)%00%(objectname)%00%(upstream:track)%00%(upstream:remotename)%00%(upstream:remoteref) refs/heads/main refs/remotes/main [9ms]
2026-03-02 00:56:10.296 [info] > git status -z -uall [19ms]
2026-03-02 00:56:10.299 [info] > git for-each-ref --sort -committerdate --format %(refname)%00%(objectname)%00%(*objectname) [4ms]
2026-03-02 00:56:10.738 [info] > git check-ignore -v -z --stdin [2ms]
2026-03-02 00:56:51.482 [info] > git config --get commit.template [15ms]
2026-03-02 00:56:51.484 [info] > git for-each-ref --format=%(refname)%00%(upstream:short)%00%(objectname)%00%(upstream:track)%00%(upstream:remotename)%00%(upstream:remoteref) refs/heads/main refs/remotes/main [4ms]
2026-03-02 00:56:51.503 [info] > git status -z -uall [11ms]
2026-03-02 00:56:51.505 [info] > git for-each-ref --sort -committerdate --format %(refname)%00%(objectname)%00%(*objectname) [3ms]
2026-03-02 00:56:51.965 [info] > git check-ignore -v -z --stdin [6ms]
2026-03-02 00:57:23.594 [info] > git config --get commit.template [24ms]
2026-03-02 00:57:23.599 [info] > git for-each-ref --format=%(refname)%00%(upstream:short)%00%(objectname)%00%(upstream:track)%00%(upstream:remotename)%00%(upstream:remoteref) refs/heads/main refs/remotes/main [4ms]
2026-03-02 00:57:23.621 [info] > git status -z -uall [12ms]
2026-03-02 00:57:23.622 [info] > git for-each-ref --sort -committerdate --format %(refname)%00%(objectname)%00%(*objectname) [2ms]
2026-03-02 00:57:24.047 [info] > git check-ignore -v -z --stdin [3ms]
2026-03-02 00:57:28.892 [info] > git config --get commit.template [27ms]
2026-03-02 00:57:28.896 [info] > git for-each-ref --format=%(refname)%00%(upstream:short)%00%(objectname)%00%(upstream:track)%00%(upstream:remotename)%00%(upstream:remoteref) refs/heads/main refs/remotes/main [5ms]
2026-03-02 00:57:28.917 [info] > git status -z -uall [11ms]
2026-03-02 00:57:28.920 [info] > git for-each-ref --sort -committerdate --format %(refname)%00%(objectname)%00%(*objectname) [4ms]
2026-03-02 00:57:29.363 [info] > git check-ignore -v -z --stdin [6ms]
2026-03-02 00:57:54.573 [info] > git config --get commit.template [1ms]
2026-03-02 00:57:54.586 [info] > git for-each-ref --format=%(refname)%00%(upstream:short)%00%(objectname)%00%(upstream:track)%00%(upstream:remotename)%00%(upstream:remoteref) refs/heads/main refs/remotes/main [2ms]
2026-03-02 00:57:54.627 [info] > git status -z -uall [23ms]
2026-03-02 00:57:54.633 [info] > git for-each-ref --sort -committerdate --format %(refname)%00%(objectname)%00%(*objectname) [7ms]
2026-03-02 00:57:55.072 [info] > git check-ignore -v -z --stdin [4ms]
2026-03-02 00:58:15.502 [info] > git config --get commit.template [4ms]
2026-03-02 00:58:15.518 [info] > git for-each-ref --format=%(refname)%00%(upstream:short)%00%(objectname)%00%(upstream:track)%00%(upstream:remotename)%00%(upstream:remoteref) refs/heads/main refs/remotes/main [5ms]
2026-03-02 00:58:15.544 [info] > git status -z -uall [15ms]
2026-03-02 00:58:15.546 [info] > git for-each-ref --sort -committerdate --format %(refname)%00%(objectname)%00%(*objectname) [5ms]
2026-03-02 00:58:15.969 [info] > git check-ignore -v -z --stdin [5ms]
2026-03-02 00:58:48.530 [info] > git config --get commit.template [15ms]
2026-03-02 00:58:48.531 [info] > git for-each-ref --format=%(refname)%00%(upstream:short)%00%(objectname)%00%(upstream:track)%00%(upstream:remotename)%00%(upstream:remoteref) refs/heads/main refs/remotes/main [2ms]
2026-03-02 00:58:48.553 [info] > git status -z -uall [14ms]
2026-03-02 00:58:48.554 [info] > git for-each-ref --sort -committerdate --format %(refname)%00%(objectname)%00%(*objectname) [4ms]
2026-03-02 00:58:48.969 [info] > git check-ignore -v -z --stdin [4ms]
2026-03-02 00:59:04.554 [info] > git config --get commit.template [13ms]
2026-03-02 00:59:04.555 [info] > git for-each-ref --format=%(refname)%00%(upstream:short)%00%(objectname)%00%(upstream:track)%00%(upstream:remotename)%00%(upstream:remoteref) refs/heads/main refs/remotes/main [2ms]
2026-03-02 00:59:04.623 [info] > git status -z -uall [41ms]
2026-03-02 00:59:04.632 [info] > git for-each-ref --sort -committerdate --format %(refname)%00%(objectname)%00%(*objectname) [14ms]
2026-03-02 00:59:05.100 [info] > git check-ignore -v -z --stdin [4ms]
2026-03-02 01:01:42.443 [info] > git config --get commit.template [15ms]
2026-03-02 01:01:42.446 [info] > git for-each-ref --format=%(refname)%00%(upstream:short)%00%(objectname)%00%(upstream:track)%00%(upstream:remotename)%00%(upstream:remoteref) refs/heads/main refs/remotes/main [2ms]
2026-03-02 01:01:42.475 [info] > git status -z -uall [16ms]
2026-03-02 01:01:42.480 [info] > git for-each-ref --sort -committerdate --format %(refname)%00%(objectname)%00%(*objectname) [6ms]
2026-03-02 01:01:42.898 [info] > git check-ignore -v -z --stdin [4ms]
2026-03-02 01:01:52.273 [info] > git config --get commit.template [3ms]
2026-03-02 01:01:52.293 [info] > git for-each-ref --format=%(refname)%00%(upstream:short)%00%(objectname)%00%(upstream:track)%00%(upstream:remotename)%00%(upstream:remoteref) refs/heads/main refs/remotes/main [5ms]
2026-03-02 01:01:52.321 [info] > git status -z -uall [17ms]
2026-03-02 01:01:52.326 [info] > git for-each-ref --sort -committerdate --format %(refname)%00%(objectname)%00%(*objectname) [8ms]
2026-03-02 01:01:52.755 [info] > git check-ignore -v -z --stdin [3ms]
2026-03-02 01:01:57.340 [info] > git config --get commit.template [2ms]
2026-03-02 01:01:57.350 [info] > git for-each-ref --format=%(refname)%00%(upstream:short)%00%(objectname)%00%(upstream:track)%00%(upstream:remotename)%00%(upstream:remoteref) refs/heads/main refs/remotes/main [3ms]
2026-03-02 01:01:57.380 [info] > git status -z -uall [17ms]
2026-03-02 01:01:57.383 [info] > git for-each-ref --sort -committerdate --format %(refname)%00%(objectname)%00%(*objectname) [3ms]
2026-03-02 01:01:57.821 [info] > git check-ignore -v -z --stdin [2ms]
2026-03-02 01:02:18.872 [info] > git config --get commit.template [3ms]
2026-03-02 01:02:18.892 [info] > git for-each-ref --format=%(refname)%00%(upstream:short)%00%(objectname)%00%(upstream:track)%00%(upstream:remotename)%00%(upstream:remoteref) refs/heads/main refs/remotes/main [3ms]
2026-03-02 01:02:18.922 [info] > git status -z -uall [14ms]
2026-03-02 01:02:18.924 [info] > git for-each-ref --sort -committerdate --format %(refname)%00%(objectname)%00%(*objectname) [3ms]
2026-03-02 01:02:19.356 [info] > git check-ignore -v -z --stdin [5ms]
2026-03-02 01:02:23.938 [info] > git config --get commit.template [3ms]
2026-03-02 01:02:23.950 [info] > git for-each-ref --format=%(refname)%00%(upstream:short)%00%(objectname)%00%(upstream:track)%00%(upstream:remotename)%00%(upstream:remoteref) refs/heads/main refs/remotes/main [2ms]
2026-03-02 01:02:23.981 [info] > git status -z -uall [19ms]
2026-03-02 01:02:23.986 [info] > git for-each-ref --sort -committerdate --format %(refname)%00%(objectname)%00%(*objectname) [10ms]
2026-03-02 01:02:26.250 [info] > git check-ignore -v -z --stdin [3ms]
2026-03-02 01:02:52.028 [info] > git config --get commit.template [4ms]
2026-03-02 01:02:52.047 [info] > git for-each-ref --format=%(refname)%00%(upstream:short)%00%(objectname)%00%(upstream:track)%00%(upstream:remotename)%00%(upstream:remoteref) refs/heads/main refs/remotes/main [5ms]
2026-03-02 01:02:52.078 [info] > git status -z -uall [21ms]
2026-03-02 01:02:52.079 [info] > git for-each-ref --sort -committerdate --format %(refname)%00%(objectname)%00%(*objectname) [2ms]
2026-03-02 01:02:52.529 [info] > git check-ignore -v -z --stdin [3ms]
2026-03-02 01:03:40.241 [info] > git config --get commit.template [11ms]
2026-03-02 01:03:40.243 [info] > git for-each-ref --format=%(refname)%00%(upstream:short)%00%(objectname)%00%(upstream:track)%00%(upstream:remotename)%00%(upstream:remoteref) refs/heads/main refs/remotes/main [2ms]
2026-03-02 01:03:40.269 [info] > git status -z -uall [17ms]
2026-03-02 01:03:40.272 [info] > git for-each-ref --sort -committerdate --format %(refname)%00%(objectname)%00%(*objectname) [6ms]
2026-03-02 01:03:40.694 [info] > git check-ignore -v -z --stdin [4ms]
2026-03-02 01:03:48.804 [info] > git config --get commit.template [16ms]
2026-03-02 01:03:48.807 [info] > git for-each-ref --format=%(refname)%00%(upstream:short)%00%(objectname)%00%(upstream:track)%00%(upstream:remotename)%00%(upstream:remoteref) refs/heads/main refs/remotes/main [4ms]
2026-03-02 01:03:48.830 [info] > git status -z -uall [16ms]
2026-03-02 01:03:48.830 [info] > git for-each-ref --sort -committerdate --format %(refname)%00%(objectname)%00%(*objectname) [6ms]
2026-03-02 01:03:49.296 [info] > git check-ignore -v -z --stdin [6ms]
2026-03-02 01:03:56.153 [info] > git config --get commit.template [15ms]
2026-03-02 01:03:56.154 [info] > git for-each-ref --format=%(refname)%00%(upstream:short)%00%(objectname)%00%(upstream:track)%00%(upstream:remotename)%00%(upstream:remoteref) refs/heads/main refs/remotes/main [2ms]
2026-03-02 01:03:56.170 [info] > git status -z -uall [9ms]
2026-03-02 01:03:56.172 [info] > git for-each-ref --sort -committerdate --format %(refname)%00%(objectname)%00%(*objectname) [3ms]
2026-03-02 01:03:56.629 [info] > git check-ignore -v -z --stdin [3ms]
2026-03-02 01:04:01.185 [info] > git config --get commit.template [2ms]
2026-03-02 01:04:01.206 [info] > git for-each-ref --format=%(refname)%00%(upstream:short)%00%(objectname)%00%(upstream:track)%00%(upstream:remotename)%00%(upstream:remoteref) refs/heads/main refs/remotes/main [6ms]
2026-03-02 01:04:01.239 [info] > git status -z -uall [12ms]
2026-03-02 01:04:01.242 [info] > git for-each-ref --sort -committerdate --format %(refname)%00%(objectname)%00%(*objectname) [4ms]
2026-03-02 01:04:01.679 [info] > git check-ignore -v -z --stdin [4ms]
2026-03-02 01:04:06.255 [info] > git config --get commit.template [2ms]
2026-03-02 01:04:06.271 [info] > git for-each-ref --format=%(refname)%00%(upstream:short)%00%(objectname)%00%(upstream:track)%00%(upstream:remotename)%00%(upstream:remoteref) refs/heads/main refs/remotes/main [4ms]
2026-03-02 01:04:06.304 [info] > git status -z -uall [18ms]
2026-03-02 01:04:06.309 [info] > git for-each-ref --sort -committerdate --format %(refname)%00%(objectname)%00%(*objectname) [6ms]
2026-03-02 01:04:06.732 [info] > git check-ignore -v -z --stdin [3ms]
2026-03-02 01:04:15.648 [info] > git config --get commit.template [14ms]
2026-03-02 01:04:15.648 [info] > git for-each-ref --format=%(refname)%00%(upstream:short)%00%(objectname)%00%(upstream:track)%00%(upstream:remotename)%00%(upstream:remoteref) refs/heads/main refs/remotes/main [1ms]
2026-03-02 01:04:15.680 [info] > git status -z -uall [23ms]
2026-03-02 01:04:15.682 [info] > git for-each-ref --sort -committerdate --format %(refname)%00%(objectname)%00%(*objectname) [9ms]
2026-03-02 01:04:16.092 [info] > git check-ignore -v -z --stdin [6ms]
2026-03-02 01:04:29.757 [info] > git config --get commit.template [2ms]
2026-03-02 01:04:29.769 [info] > git for-each-ref --format=%(refname)%00%(upstream:short)%00%(objectname)%00%(upstream:track)%00%(upstream:remotename)%00%(upstream:remoteref) refs/heads/main refs/remotes/main [2ms]
2026-03-02 01:04:29.791 [info] > git status -z -uall [10ms]
2026-03-02 01:04:29.796 [info] > git for-each-ref --sort -committerdate --format %(refname)%00%(objectname)%00%(*objectname) [5ms]
2026-03-02 01:04:30.233 [info] > git check-ignore -v -z --stdin [1ms]
2026-03-02 01:04:34.816 [info] > git config --get commit.template [6ms]
2026-03-02 01:04:34.830 [info] > git for-each-ref --format=%(refname)%00%(upstream:short)%00%(objectname)%00%(upstream:track)%00%(upstream:remotename)%00%(upstream:remoteref) refs/heads/main refs/remotes/main [4ms]
2026-03-02 01:04:34.859 [info] > git status -z -uall [19ms]
2026-03-02 01:04:34.859 [info] > git for-each-ref --sort -committerdate --format %(refname)%00%(objectname)%00%(*objectname) [5ms]
2026-03-02 01:04:35.271 [info] > git check-ignore -v -z --stdin [5ms]
2026-03-02 01:04:39.884 [info] > git config --get commit.template [4ms]
2026-03-02 01:04:39.900 [info] > git for-each-ref --format=%(refname)%00%(upstream:short)%00%(objectname)%00%(upstream:track)%00%(upstream:remotename)%00%(upstream:remoteref) refs/heads/main refs/remotes/main [3ms]
2026-03-02 01:04:39.948 [info] > git status -z -uall [29ms]
2026-03-02 01:04:39.948 [info] > git for-each-ref --sort -committerdate --format %(refname)%00%(objectname)%00%(*objectname) [6ms]
2026-03-02 01:04:40.376 [info] > git check-ignore -v -z --stdin [4ms]
2026-03-02 01:04:45.122 [info] > git config --get commit.template [15ms]
2026-03-02 01:04:45.125 [info] > git for-each-ref --format=%(refname)%00%(upstream:short)%00%(objectname)%00%(upstream:track)%00%(upstream:remotename)%00%(upstream:remoteref) refs/heads/main refs/remotes/main [4ms]
2026-03-02 01:04:45.161 [info] > git status -z -uall [25ms]
2026-03-02 01:04:45.162 [info] > git for-each-ref --sort -committerdate --format %(refname)%00%(objectname)%00%(*objectname) [3ms]
2026-03-02 01:04:45.593 [info] > git check-ignore -v -z --stdin [5ms]
2026-03-02 01:04:58.603 [info] > git config --get commit.template [11ms]
2026-03-02 01:04:58.604 [info] > git for-each-ref --format=%(refname)%00%(upstream:short)%00%(objectname)%00%(upstream:track)%00%(upstream:remotename)%00%(upstream:remoteref) refs/heads/main refs/remotes/main [2ms]
2026-03-02 01:04:58.640 [info] > git status -z -uall [18ms]
2026-03-02 01:04:58.648 [info] > git for-each-ref --sort -committerdate --format %(refname)%00%(objectname)%00%(*objectname) [14ms]
2026-03-02 01:04:59.103 [info] > git check-ignore -v -z --stdin [4ms]
2026-03-02 01:05:03.684 [info] > git config --get commit.template [15ms]
2026-03-02 01:05:03.686 [info] > git for-each-ref --format=%(refname)%00%(upstream:short)%00%(objectname)%00%(upstream:track)%00%(upstream:remotename)%00%(upstream:remoteref) refs/heads/main refs/remotes/main [2ms]
2026-03-02 01:05:03.710 [info] > git status -z -uall [13ms]
2026-03-02 01:05:03.712 [info] > git for-each-ref --sort -committerdate --format %(refname)%00%(objectname)%00%(*objectname) [6ms]
2026-03-02 01:05:04.134 [info] > git check-ignore -v -z --stdin [3ms]
2026-03-02 01:05:10.031 [info] > git config --get commit.template [0ms]
2026-03-02 01:05:10.048 [info] > git for-each-ref --format=%(refname)%00%(upstream:short)%00%(objectname)%00%(upstream:track)%00%(upstream:remotename)%00%(upstream:remoteref) refs/heads/main refs/remotes/main [3ms]
2026-03-02 01:05:10.070 [info] > git status -z -uall [14ms]
2026-03-02 01:05:10.071 [info] > git for-each-ref --sort -committerdate --format %(refname)%00%(objectname)%00%(*objectname) [5ms]
2026-03-02 01:05:10.476 [info] > git check-ignore -v -z --stdin [5ms]
2026-03-02 01:05:15.115 [info] > git config --get commit.template [21ms]
2026-03-02 01:05:15.116 [info] > git for-each-ref --format=%(refname)%00%(upstream:short)%00%(objectname)%00%(upstream:track)%00%(upstream:remotename)%00%(upstream:remoteref) refs/heads/main refs/remotes/main [6ms]
2026-03-02 01:05:15.148 [info] > git status -z -uall [15ms]
2026-03-02 01:05:15.154 [info] > git for-each-ref --sort -committerdate --format %(refname)%00%(objectname)%00%(*objectname) [6ms]
2026-03-02 01:05:15.571 [info] > git check-ignore -v -z --stdin [2ms]
2026-03-02 01:05:20.183 [info] > git config --get commit.template [5ms]
2026-03-02 01:05:20.201 [info] > git for-each-ref --format=%(refname)%00%(upstream:short)%00%(objectname)%00%(upstream:track)%00%(upstream:remotename)%00%(upstream:remoteref) refs/heads/main refs/remotes/main [4ms]
2026-03-02 01:05:20.228 [info] > git status -z -uall [16ms]
2026-03-02 01:05:20.230 [info] > git for-each-ref --sort -committerdate --format %(refname)%00%(objectname)%00%(*objectname) [5ms]
2026-03-02 01:05:20.650 [info] > git check-ignore -v -z --stdin [3ms]
2026-03-02 01:11:33.233 [info] > git config --get commit.template [2ms]
2026-03-02 01:11:33.249 [info] > git for-each-ref --format=%(refname)%00%(upstream:short)%00%(objectname)%00%(upstream:track)%00%(upstream:remotename)%00%(upstream:remoteref) refs/heads/main refs/remotes/main [6ms]
2026-03-02 01:11:33.273 [info] > git status -z -uall [15ms]
2026-03-02 01:11:33.275 [info] > git for-each-ref --sort -committerdate --format %(refname)%00%(objectname)%00%(*objectname) [7ms]
2026-03-02 01:11:39.114 [info] > git check-ignore -v -z --stdin [4ms]
2026-03-02 01:11:43.967 [info] > git check-ignore -v -z --stdin [3ms]
2026-03-02 01:11:44.525 [info] > git config --get commit.template [12ms]
2026-03-02 01:11:44.527 [info] > git for-each-ref --format=%(refname)%00%(upstream:short)%00%(objectname)%00%(upstream:track)%00%(upstream:remotename)%00%(upstream:remoteref) refs/heads/main refs/remotes/main [3ms]
2026-03-02 01:11:44.579 [info] > git status -z -uall [45ms]
2026-03-02 01:11:44.582 [info] > git for-each-ref --sort -committerdate --format %(refname)%00%(objectname)%00%(*objectname) [8ms]
2026-03-02 01:11:47.217 [info] > git check-ignore -v -z --stdin [5ms]
2026-03-02 01:11:55.587 [info] > git check-ignore -v -z --stdin [6ms]
2026-03-02 01:11:56.078 [info] > git config --get commit.template [3ms]
2026-03-02 01:11:56.093 [info] > git for-each-ref --format=%(refname)%00%(upstream:short)%00%(objectname)%00%(upstream:track)%00%(upstream:remotename)%00%(upstream:remoteref) refs/heads/main refs/remotes/main [1ms]
2026-03-02 01:11:56.113 [info] > git status -z -uall [11ms]
2026-03-02 01:11:56.118 [info] > git for-each-ref --sort -committerdate --format %(refname)%00%(objectname)%00%(*objectname) [9ms]
2026-03-02 01:11:58.985 [info] > git check-ignore -v -z --stdin [2ms]
2026-03-02 01:12:19.700 [info] > git config --get commit.template [4ms]
2026-03-02 01:12:19.722 [info] > git for-each-ref --format=%(refname)%00%(upstream:short)%00%(objectname)%00%(upstream:track)%00%(upstream:remotename)%00%(upstream:remoteref) refs/heads/main refs/remotes/main [5ms]
2026-03-02 01:12:19.745 [info] > git status -z -uall [13ms]
2026-03-02 01:12:19.751 [info] > git for-each-ref --sort -committerdate --format %(refname)%00%(objectname)%00%(*objectname) [6ms]
2026-03-02 01:12:20.200 [info] > git check-ignore -v -z --stdin [3ms]
2026-03-02 01:12:24.774 [info] > git config --get commit.template [10ms]
2026-03-02 01:12:24.775 [info] > git for-each-ref --format=%(refname)%00%(upstream:short)%00%(objectname)%00%(upstream:track)%00%(upstream:remotename)%00%(upstream:remoteref) refs/heads/main refs/remotes/main [2ms]
2026-03-02 01:12:24.799 [info] > git status -z -uall [12ms]
2026-03-02 01:12:24.804 [info] > git for-each-ref --sort -committerdate --format %(refname)%00%(objectname)%00%(*objectname) [6ms]
2026-03-02 01:12:25.290 [info] > git check-ignore -v -z --stdin [2ms]
2026-03-02 01:12:29.822 [info] > git config --get commit.template [3ms]
2026-03-02 01:12:29.833 [info] > git for-each-ref --format=%(refname)%00%(upstream:short)%00%(objectname)%00%(upstream:track)%00%(upstream:remotename)%00%(upstream:remoteref) refs/heads/main refs/remotes/main [2ms]
2026-03-02 01:12:29.856 [info] > git status -z -uall [14ms]
2026-03-02 01:12:29.856 [info] > git for-each-ref --sort -committerdate --format %(refname)%00%(objectname)%00%(*objectname) [5ms]
2026-03-02 01:12:30.276 [info] > git check-ignore -v -z --stdin [2ms]
2026-03-02 01:12:34.873 [info] > git config --get commit.template [5ms]
2026-03-02 01:12:34.893 [info] > git for-each-ref --format=%(refname)%00%(upstream:short)%00%(objectname)%00%(upstream:track)%00%(upstream:remotename)%00%(upstream:remoteref) refs/heads/main refs/remotes/main [1ms]
2026-03-02 01:12:34.922 [info] > git status -z -uall [14ms]
2026-03-02 01:12:34.924 [info] > git for-each-ref --sort -committerdate --format %(refname)%00%(objectname)%00%(*objectname) [5ms]
2026-03-02 01:12:35.545 [info] > git check-ignore -v -z --stdin [5ms]
2026-03-02 01:12:39.938 [info] > git config --get commit.template [3ms]
2026-03-02 01:12:39.956 [info] > git for-each-ref --format=%(refname)%00%(upstream:short)%00%(objectname)%00%(upstream:track)%00%(upstream:remotename)%00%(upstream:remoteref) refs/heads/main refs/remotes/main [1ms]
2026-03-02 01:12:39.986 [info] > git status -z -uall [18ms]
2026-03-02 01:12:39.987 [info] > git for-each-ref --sort -committerdate --format %(refname)%00%(objectname)%00%(*objectname) [2ms]
2026-03-02 01:12:40.671 [info] > git check-ignore -v -z --stdin [4ms]
2026-03-02 01:12:45.009 [info] > git config --get commit.template [11ms]
2026-03-02 01:12:45.011 [info] > git for-each-ref --format=%(refname)%00%(upstream:short)%00%(objectname)%00%(upstream:track)%00%(upstream:remotename)%00%(upstream:remoteref) refs/heads/main refs/remotes/main [3ms]
2026-03-02 01:12:45.029 [info] > git status -z -uall [11ms]
2026-03-02 01:12:45.032 [info] > git for-each-ref --sort -committerdate --format %(refname)%00%(objectname)%00%(*objectname) [5ms]
2026-03-02 01:12:45.789 [info] > git check-ignore -v -z --stdin [7ms]
2026-03-02 01:12:50.058 [info] > git config --get commit.template [13ms]
2026-03-02 01:12:50.060 [info] > git for-each-ref --format=%(refname)%00%(upstream:short)%00%(objectname)%00%(upstream:track)%00%(upstream:remotename)%00%(upstream:remoteref) refs/heads/main refs/remotes/main [3ms]
2026-03-02 01:12:50.084 [info] > git status -z -uall [12ms]
2026-03-02 01:12:50.087 [info] > git for-each-ref --sort -committerdate --format %(refname)%00%(objectname)%00%(*objectname) [4ms]
2026-03-02 01:12:50.534 [info] > git check-ignore -v -z --stdin [5ms]
2026-03-02 01:13:17.024 [info] > git config --get commit.template [16ms]
2026-03-02 01:13:17.025 [info] > git for-each-ref --format=%(refname)%00%(upstream:short)%00%(objectname)%00%(upstream:track)%00%(upstream:remotename)%00%(upstream:remoteref) refs/heads/main refs/remotes/main [1ms]
2026-03-02 01:13:17.051 [info] > git status -z -uall [15ms]
2026-03-02 01:13:17.056 [info] > git for-each-ref --sort -committerdate --format %(refname)%00%(objectname)%00%(*objectname) [7ms]
2026-03-02 01:13:17.491 [info] > git check-ignore -v -z --stdin [6ms]
2026-03-02 01:13:27.144 [info] > git config --get commit.template [1ms]
2026-03-02 01:13:27.154 [info] > git for-each-ref --format=%(refname)%00%(upstream:short)%00%(objectname)%00%(upstream:track)%00%(upstream:remotename)%00%(upstream:remoteref) refs/heads/main refs/remotes/main [2ms]
2026-03-02 01:13:27.173 [info] > git status -z -uall [11ms]
2026-03-02 01:13:27.180 [info] > git for-each-ref --sort -committerdate --format %(refname)%00%(objectname)%00%(*objectname) [9ms]
2026-03-02 01:13:27.789 [info] > git check-ignore -v -z --stdin [6ms]
2026-03-02 01:13:34.463 [info] > git config --get commit.template [17ms]
2026-03-02 01:13:34.465 [info] > git for-each-ref --format=%(refname)%00%(upstream:short)%00%(objectname)%00%(upstream:track)%00%(upstream:remotename)%00%(upstream:remoteref) refs/heads/main refs/remotes/main [5ms]
2026-03-02 01:13:34.490 [info] > git status -z -uall [17ms]
2026-03-02 01:13:34.494 [info] > git for-each-ref --sort -committerdate --format %(refname)%00%(objectname)%00%(*objectname) [6ms]
2026-03-02 01:13:35.033 [info] > git check-ignore -v -z --stdin [4ms]
2026-03-02 01:13:44.971 [info] > git config --get commit.template [5ms]
2026-03-02 01:13:44.989 [info] > git for-each-ref --format=%(refname)%00%(upstream:short)%00%(objectname)%00%(upstream:track)%00%(upstream:remotename)%00%(upstream:remoteref) refs/heads/main refs/remotes/main [2ms]
2026-03-02 01:13:45.008 [info] > git status -z -uall [10ms]
2026-03-02 01:13:45.011 [info] > git for-each-ref --sort -committerdate --format %(refname)%00%(objectname)%00%(*objectname) [4ms]
2026-03-02 01:13:45.450 [info] > git check-ignore -v -z --stdin [4ms]
2026-03-02 01:20:28.073 [info] > git config --get commit.template [1ms]
2026-03-02 01:20:28.090 [info] > git for-each-ref --format=%(refname)%00%(upstream:short)%00%(objectname)%00%(upstream:track)%00%(upstream:remotename)%00%(upstream:remoteref) refs/heads/main refs/remotes/main [3ms]
2026-03-02 01:20:28.111 [info] > git status -z -uall [12ms]
2026-03-02 01:20:28.114 [info] > git for-each-ref --sort -committerdate --format %(refname)%00%(objectname)%00%(*objectname) [3ms]
2026-03-02 01:20:28.548 [info] > git check-ignore -v -z --stdin [5ms]
2026-03-02 01:21:16.140 [info] > git config --get commit.template [2ms]
2026-03-02 01:21:16.158 [info] > git for-each-ref --format=%(refname)%00%(upstream:short)%00%(objectname)%00%(upstream:track)%00%(upstream:remotename)%00%(upstream:remoteref) refs/heads/main refs/remotes/main [6ms]
2026-03-02 01:21:16.198 [info] > git status -z -uall [21ms]
2026-03-02 01:21:16.200 [info] > git for-each-ref --sort -committerdate --format %(refname)%00%(objectname)%00%(*objectname) [3ms]
2026-03-02 01:21:16.640 [info] > git check-ignore -v -z --stdin [2ms]
2026-03-02 01:21:28.146 [info] > git config --get commit.template [11ms]
2026-03-02 01:21:28.148 [info] > git for-each-ref --format=%(refname)%00%(upstream:short)%00%(objectname)%00%(upstream:track)%00%(upstream:remotename)%00%(upstream:remoteref) refs/heads/main refs/remotes/main [3ms]
2026-03-02 01:21:28.180 [info] > git status -z -uall [17ms]
2026-03-02 01:21:28.182 [info] > git for-each-ref --sort -committerdate --format %(refname)%00%(objectname)%00%(*objectname) [2ms]
2026-03-02 01:21:28.633 [info] > git check-ignore -v -z --stdin [4ms]
2026-03-02 01:21:38.444 [info] > git config --get commit.template [17ms]
2026-03-02 01:21:38.445 [info] > git for-each-ref --format=%(refname)%00%(upstream:short)%00%(objectname)%00%(upstream:track)%00%(upstream:remotename)%00%(upstream:remoteref) refs/heads/main refs/remotes/main [2ms]
2026-03-02 01:21:38.491 [info] > git status -z -uall [31ms]
2026-03-02 01:21:38.491 [info] > git for-each-ref --sort -committerdate --format %(refname)%00%(objectname)%00%(*objectname) [4ms]
2026-03-02 01:21:38.919 [info] > git check-ignore -v -z --stdin [3ms]
2026-03-02 01:23:21.031 [info] > git config --get commit.template [1ms]
2026-03-02 01:23:21.042 [info] > git for-each-ref --format=%(refname)%00%(upstream:short)%00%(objectname)%00%(upstream:track)%00%(upstream:remotename)%00%(upstream:remoteref) refs/heads/main refs/remotes/main [2ms]
2026-03-02 01:23:21.072 [info] > git status -z -uall [20ms]
2026-03-02 01:23:21.075 [info] > git for-each-ref --sort -committerdate --format %(refname)%00%(objectname)%00%(*objectname) [10ms]
2026-03-02 01:23:21.503 [info] > git check-ignore -v -z --stdin [2ms]
2026-03-02 01:23:28.097 [info] > git config --get commit.template [21ms]
2026-03-02 01:23:28.098 [info] > git for-each-ref --format=%(refname)%00%(upstream:short)%00%(objectname)%00%(upstream:track)%00%(upstream:remotename)%00%(upstream:remoteref) refs/heads/main refs/remotes/main [5ms]
2026-03-02 01:23:28.134 [info] > git status -z -uall [20ms]
2026-03-02 01:23:28.140 [info] > git for-each-ref --sort -committerdate --format %(refname)%00%(objectname)%00%(*objectname) [7ms]
2026-03-02 01:23:28.554 [info] > git check-ignore -v -z --stdin [5ms]
2026-03-02 01:23:37.915 [info] > git config --get commit.template [5ms]
2026-03-02 01:23:37.925 [info] > git for-each-ref --format=%(refname)%00%(upstream:short)%00%(objectname)%00%(upstream:track)%00%(upstream:remotename)%00%(upstream:remoteref) refs/heads/main refs/remotes/main [2ms]
2026-03-02 01:23:37.958 [info] > git status -z -uall [20ms]
2026-03-02 01:23:37.962 [info] > git for-each-ref --sort -committerdate --format %(refname)%00%(objectname)%00%(*objectname) [6ms]
2026-03-02 01:23:38.397 [info] > git check-ignore -v -z --stdin [4ms]
2026-03-02 01:23:43.631 [info] > git config --get commit.template [1ms]
2026-03-02 01:23:43.643 [info] > git for-each-ref --format=%(refname)%00%(upstream:short)%00%(objectname)%00%(upstream:track)%00%(upstream:remotename)%00%(upstream:remoteref) refs/heads/main refs/remotes/main [2ms]
2026-03-02 01:23:43.671 [info] > git status -z -uall [19ms]
2026-03-02 01:23:43.676 [info] > git for-each-ref --sort -committerdate --format %(refname)%00%(objectname)%00%(*objectname) [7ms]
2026-03-02 01:23:45.242 [info] > git check-ignore -v -z --stdin [1ms]
2026-03-02 01:23:51.441 [info] > git config --get commit.template [10ms]
2026-03-02 01:23:51.442 [info] > git for-each-ref --format=%(refname)%00%(upstream:short)%00%(objectname)%00%(upstream:track)%00%(upstream:remotename)%00%(upstream:remoteref) refs/heads/main refs/remotes/main [2ms]
2026-03-02 01:23:51.463 [info] > git status -z -uall [13ms]
2026-03-02 01:23:51.463 [info] > git for-each-ref --sort -committerdate --format %(refname)%00%(objectname)%00%(*objectname) [4ms]
2026-03-02 01:23:51.913 [info] > git check-ignore -v -z --stdin [3ms]
2026-03-02 01:24:02.746 [info] > git config --get commit.template [2ms]
2026-03-02 01:24:02.774 [info] > git for-each-ref --format=%(refname)%00%(upstream:short)%00%(objectname)%00%(upstream:track)%00%(upstream:remotename)%00%(upstream:remoteref) refs/heads/main refs/remotes/main [4ms]
2026-03-02 01:24:02.806 [info] > git status -z -uall [20ms]
2026-03-02 01:24:02.806 [info] > git for-each-ref --sort -committerdate --format %(refname)%00%(objectname)%00%(*objectname) [6ms]
2026-03-02 01:24:03.335 [info] > git check-ignore -v -z --stdin [4ms]
2026-03-02 01:24:09.235 [info] > git config --get commit.template [14ms]
2026-03-02 01:24:09.237 [info] > git for-each-ref --format=%(refname)%00%(upstream:short)%00%(objectname)%00%(upstream:track)%00%(upstream:remotename)%00%(upstream:remoteref) refs/heads/main refs/remotes/main [3ms]
2026-03-02 01:24:09.253 [info] > git status -z -uall [9ms]
2026-03-02 01:24:09.262 [info] > git for-each-ref --sort -committerdate --format %(refname)%00%(objectname)%00%(*objectname) [9ms]
2026-03-02 01:24:09.717 [info] > git check-ignore -v -z --stdin [2ms]
2026-03-02 01:24:14.284 [info] > git config --get commit.template [6ms]
2026-03-02 01:24:14.302 [info] > git for-each-ref --format=%(refname)%00%(upstream:short)%00%(objectname)%00%(upstream:track)%00%(upstream:remotename)%00%(upstream:remoteref) refs/heads/main refs/remotes/main [4ms]
2026-03-02 01:24:14.333 [info] > git status -z -uall [16ms]
2026-03-02 01:24:14.336 [info] > git for-each-ref --sort -committerdate --format %(refname)%00%(objectname)%00%(*objectname) [4ms]
2026-03-02 01:24:14.768 [info] > git check-ignore -v -z --stdin [4ms]
2026-03-02 01:24:19.369 [info] > git config --get commit.template [15ms]
2026-03-02 01:24:19.371 [info] > git for-each-ref --format=%(refname)%00%(upstream:short)%00%(objectname)%00%(upstream:track)%00%(upstream:remotename)%00%(upstream:remoteref) refs/heads/main refs/remotes/main [3ms]
2026-03-02 01:24:19.397 [info] > git status -z -uall [13ms]
2026-03-02 01:24:19.406 [info] > git for-each-ref --sort -committerdate --format %(refname)%00%(objectname)%00%(*objectname) [10ms]
2026-03-02 01:24:19.841 [info] > git check-ignore -v -z --stdin [2ms]
2026-03-02 01:25:13.702 [info] > git config --get commit.template [2ms]
2026-03-02 01:25:13.712 [info] > git for-each-ref --format=%(refname)%00%(upstream:short)%00%(objectname)%00%(upstream:track)%00%(upstream:remotename)%00%(upstream:remoteref) refs/heads/main refs/remotes/main [3ms]
2026-03-02 01:25:13.731 [info] > git status -z -uall [12ms]
2026-03-02 01:25:13.737 [info] > git for-each-ref --sort -committerdate --format %(refname)%00%(objectname)%00%(*objectname) [6ms]
2026-03-02 01:25:15.401 [info] > git check-ignore -v -z --stdin [2ms]
2026-03-02 01:25:19.709 [info] > git config --get commit.template [11ms]
2026-03-02 01:25:19.710 [info] > git for-each-ref --format=%(refname)%00%(upstream:short)%00%(objectname)%00%(upstream:track)%00%(upstream:remotename)%00%(upstream:remoteref) refs/heads/main refs/remotes/main [2ms]
2026-03-02 01:25:19.726 [info] > git status -z -uall [9ms]
2026-03-02 01:25:19.729 [info] > git for-each-ref --sort -committerdate --format %(refname)%00%(objectname)%00%(*objectname) [4ms]
2026-03-02 01:25:20.179 [info] > git check-ignore -v -z --stdin [3ms]
2026-03-02 01:25:28.466 [info] > git config --get commit.template [13ms]
2026-03-02 01:25:28.467 [info] > git for-each-ref --format=%(refname)%00%(upstream:short)%00%(objectname)%00%(upstream:track)%00%(upstream:remotename)%00%(upstream:remoteref) refs/heads/main refs/remotes/main [2ms]
2026-03-02 01:25:28.504 [info] > git status -z -uall [23ms]
2026-03-02 01:25:28.508 [info] > git for-each-ref --sort -committerdate --format %(refname)%00%(objectname)%00%(*objectname) [6ms]
2026-03-02 01:25:29.053 [info] > git check-ignore -v -z --stdin [4ms]
